<?xml version="1.0"?>
<link_info>
   <banner>TI ARM Linker PC v5.2.5</banner>
   <copyright>Copyright (c) 1996-2015 Texas Instruments Incorporated</copyright>
   <link_time>0x5fd8df74</link_time>
   <link_errors>0x0</link_errors>
   <output_file>I2Cmiziguan.out</output_file>
   <entry_point>
      <name>_c_int00</name>
      <address>0xb61</address>
   </entry_point>
   <input_file_list>
      <input_file id="fl-2">
         <path>.\</path>
         <kind>object</kind>
         <file>I2Cmizuguan.obj</file>
         <name>I2Cmizuguan.obj</name>
      </input_file>
      <input_file id="fl-3">
         <path>.\</path>
         <kind>object</kind>
         <file>startup_ccs.obj</file>
         <name>startup_ccs.obj</name>
      </input_file>
      <input_file id="fl-4">
         <path>.\</path>
         <kind>object</kind>
         <file>timer.obj</file>
         <name>timer.obj</name>
      </input_file>
      <input_file id="fl-5">
         <path>.\utils\</path>
         <kind>object</kind>
         <file>uartstdio.obj</file>
         <name>uartstdio.obj</name>
      </input_file>
      <input_file id="fl-12c">
         <path>C:\ti\ccsv6\tools\compiler\ti-cgt-arm_5.2.5\lib\</path>
         <kind>archive</kind>
         <file>rtsv7M4_T_le_v4SPD16_eabi.lib</file>
         <name>_lock.obj</name>
      </input_file>
      <input_file id="fl-12d">
         <path>C:\ti\ccsv6\tools\compiler\ti-cgt-arm_5.2.5\lib\</path>
         <kind>archive</kind>
         <file>rtsv7M4_T_le_v4SPD16_eabi.lib</file>
         <name>boot.obj</name>
      </input_file>
      <input_file id="fl-12e">
         <path>C:\ti\ccsv6\tools\compiler\ti-cgt-arm_5.2.5\lib\</path>
         <kind>archive</kind>
         <file>rtsv7M4_T_le_v4SPD16_eabi.lib</file>
         <name>copy_decompress_none.obj</name>
      </input_file>
      <input_file id="fl-12f">
         <path>C:\ti\ccsv6\tools\compiler\ti-cgt-arm_5.2.5\lib\</path>
         <kind>archive</kind>
         <file>rtsv7M4_T_le_v4SPD16_eabi.lib</file>
         <name>copy_decompress_rle.obj</name>
      </input_file>
      <input_file id="fl-130">
         <path>C:\ti\ccsv6\tools\compiler\ti-cgt-arm_5.2.5\lib\</path>
         <kind>archive</kind>
         <file>rtsv7M4_T_le_v4SPD16_eabi.lib</file>
         <name>copy_zero_init.obj</name>
      </input_file>
      <input_file id="fl-131">
         <path>C:\ti\ccsv6\tools\compiler\ti-cgt-arm_5.2.5\lib\</path>
         <kind>archive</kind>
         <file>rtsv7M4_T_le_v4SPD16_eabi.lib</file>
         <name>exit.obj</name>
      </input_file>
      <input_file id="fl-132">
         <path>C:\ti\ccsv6\tools\compiler\ti-cgt-arm_5.2.5\lib\</path>
         <kind>archive</kind>
         <file>rtsv7M4_T_le_v4SPD16_eabi.lib</file>
         <name>memcpy_t2.obj</name>
      </input_file>
      <input_file id="fl-133">
         <path>C:\ti\ccsv6\tools\compiler\ti-cgt-arm_5.2.5\lib\</path>
         <kind>archive</kind>
         <file>rtsv7M4_T_le_v4SPD16_eabi.lib</file>
         <name>memset_t2.obj</name>
      </input_file>
      <input_file id="fl-134">
         <path>C:\ti\ccsv6\tools\compiler\ti-cgt-arm_5.2.5\lib\</path>
         <kind>archive</kind>
         <file>rtsv7M4_T_le_v4SPD16_eabi.lib</file>
         <name>pre_init.obj</name>
      </input_file>
      <input_file id="fl-135">
         <path>C:\ti\ccsv6\tools\compiler\ti-cgt-arm_5.2.5\lib\</path>
         <kind>archive</kind>
         <file>rtsv7M4_T_le_v4SPD16_eabi.lib</file>
         <name>stkdepth_vars.obj</name>
      </input_file>
      <input_file id="fl-136">
         <path>C:\ti\ccsv6\tools\compiler\ti-cgt-arm_5.2.5\lib\</path>
         <kind>archive</kind>
         <file>rtsv7M4_T_le_v4SPD16_eabi.lib</file>
         <name>u_divt2.obj</name>
      </input_file>
      <input_file id="fl-137">
         <path>C:\ti\ccsv6\tools\compiler\ti-cgt-arm_5.2.5\lib\</path>
         <kind>archive</kind>
         <file>rtsv7M4_T_le_v4SPD16_eabi.lib</file>
         <name>args_main.obj</name>
      </input_file>
      <input_file id="fl-138">
         <path>C:\ti\ccsv6\tools\compiler\ti-cgt-arm_5.2.5\lib\</path>
         <kind>archive</kind>
         <file>rtsv7M4_T_le_v4SPD16_eabi.lib</file>
         <name>autoinit.obj</name>
      </input_file>
      <input_file id="fl-139">
         <path>C:\ti\ccsv6\tools\compiler\ti-cgt-arm_5.2.5\lib\</path>
         <kind>archive</kind>
         <file>rtsv7M4_T_le_v4SPD16_eabi.lib</file>
         <name>cpy_tbl.obj</name>
      </input_file>
      <input_file id="fl-13a">
         <path>C:\ti\ccsv6\tools\compiler\ti-cgt-arm_5.2.5\lib\</path>
         <kind>archive</kind>
         <file>rtsv7M4_T_le_v4SPD16_eabi.lib</file>
         <name>i_div0.obj</name>
      </input_file>
      <input_file id="fl-13b">
         <path>C:\ti\TivaWare_C_Series-2.1.0.12573\driverlib\ccs\Debug\</path>
         <kind>archive</kind>
         <file>driverlib.lib</file>
         <name>timer.obj</name>
      </input_file>
      <input_file id="fl-13c">
         <path>C:\ti\TivaWare_C_Series-2.1.0.12573\driverlib\ccs\Debug\</path>
         <kind>archive</kind>
         <file>driverlib.lib</file>
         <name>sysctl.obj</name>
      </input_file>
      <input_file id="fl-13d">
         <path>C:\ti\TivaWare_C_Series-2.1.0.12573\driverlib\ccs\Debug\</path>
         <kind>archive</kind>
         <file>driverlib.lib</file>
         <name>interrupt.obj</name>
      </input_file>
      <input_file id="fl-13e">
         <path>C:\ti\TivaWare_C_Series-2.1.0.12573\driverlib\ccs\Debug\</path>
         <kind>archive</kind>
         <file>driverlib.lib</file>
         <name>gpio.obj</name>
      </input_file>
      <input_file id="fl-13f">
         <path>C:\ti\TivaWare_C_Series-2.1.0.12573\driverlib\ccs\Debug\</path>
         <kind>archive</kind>
         <file>driverlib.lib</file>
         <name>cpu.obj</name>
      </input_file>
   </input_file_list>
   <object_component_list>
      <object_component id="oc-f">
         <name>.intvecs</name>
         <load_address>0x0</load_address>
         <run_address>0x0</run_address>
         <size>0x200</size>
         <input_file_ref idref="fl-3"/>
      </object_component>
      <object_component id="oc-42">
         <name>.text:Timer0BIntHandler</name>
         <load_address>0x200</load_address>
         <run_address>0x200</run_address>
         <size>0x388</size>
         <input_file_ref idref="fl-4"/>
      </object_component>
      <object_component id="oc-12f">
         <name>.text:SysCtlClockFreqSet</name>
         <load_address>0x588</load_address>
         <run_address>0x588</run_address>
         <size>0x1fc</size>
         <input_file_ref idref="fl-13c"/>
      </object_component>
      <object_component id="oc-20f">
         <name>.text:GPIOPadConfigSet</name>
         <load_address>0x784</load_address>
         <run_address>0x784</run_address>
         <size>0x130</size>
         <input_file_ref idref="fl-13e"/>
      </object_component>
      <object_component id="oc-4b">
         <name>.text</name>
         <load_address>0x8b4</load_address>
         <run_address>0x8b4</run_address>
         <size>0x9c</size>
         <input_file_ref idref="fl-132"/>
      </object_component>
      <object_component id="oc-64">
         <name>.text</name>
         <load_address>0x950</load_address>
         <run_address>0x950</run_address>
         <size>0x7a</size>
         <input_file_ref idref="fl-133"/>
      </object_component>
      <object_component id="oc-36">
         <name>.text:FaultISR</name>
         <load_address>0x9ca</load_address>
         <run_address>0x9ca</run_address>
         <size>0x2</size>
         <input_file_ref idref="fl-3"/>
      </object_component>
      <object_component id="oc-76">
         <name>.text</name>
         <load_address>0x9cc</load_address>
         <run_address>0x9cc</run_address>
         <size>0x6c</size>
         <input_file_ref idref="fl-138"/>
      </object_component>
      <object_component id="oc-57">
         <name>.text</name>
         <load_address>0xa38</load_address>
         <run_address>0xa38</run_address>
         <size>0x6a</size>
         <input_file_ref idref="fl-12f"/>
      </object_component>
      <object_component id="oc-3c">
         <name>.text:IntDefaultHandler</name>
         <load_address>0xaa2</load_address>
         <run_address>0xaa2</run_address>
         <size>0x2</size>
         <input_file_ref idref="fl-3"/>
      </object_component>
      <object_component id="oc-14d">
         <name>.text:IntEnable</name>
         <load_address>0xaa4</load_address>
         <run_address>0xaa4</run_address>
         <size>0x60</size>
         <input_file_ref idref="fl-13d"/>
      </object_component>
      <object_component id="oc-1c4">
         <name>.text:TimerConfigure</name>
         <load_address>0xb04</load_address>
         <run_address>0xb04</run_address>
         <size>0x5c</size>
         <input_file_ref idref="fl-13b"/>
      </object_component>
      <object_component id="oc-24">
         <name>.text</name>
         <load_address>0xb60</load_address>
         <run_address>0xb60</run_address>
         <size>0x50</size>
         <input_file_ref idref="fl-12d"/>
      </object_component>
      <object_component id="oc-e7">
         <name>.text</name>
         <load_address>0xbb0</load_address>
         <run_address>0xbb0</run_address>
         <size>0x4c</size>
         <input_file_ref idref="fl-139"/>
      </object_component>
      <object_component id="oc-10e">
         <name>.text:i2c_write</name>
         <load_address>0xbfc</load_address>
         <run_address>0xbfc</run_address>
         <size>0x4a</size>
         <input_file_ref idref="fl-4"/>
      </object_component>
      <object_component id="oc-30">
         <name>.text:NmiSR</name>
         <load_address>0xc46</load_address>
         <run_address>0xc46</run_address>
         <size>0x2</size>
         <input_file_ref idref="fl-3"/>
      </object_component>
      <object_component id="oc-1a5">
         <name>.text:_SysCtlFrequencyGet</name>
         <load_address>0xc48</load_address>
         <run_address>0xc48</run_address>
         <size>0x48</size>
         <input_file_ref idref="fl-13c"/>
      </object_component>
      <object_component id="oc-ef">
         <name>.text:main</name>
         <load_address>0xc90</load_address>
         <run_address>0xc90</run_address>
         <size>0x48</size>
         <input_file_ref idref="fl-4"/>
      </object_component>
      <object_component id="oc-141">
         <name>.text:TimerIntInitial</name>
         <load_address>0xcd8</load_address>
         <run_address>0xcd8</run_address>
         <size>0x44</size>
         <input_file_ref idref="fl-4"/>
      </object_component>
      <object_component id="oc-82">
         <name>.text</name>
         <load_address>0xd1c</load_address>
         <run_address>0xd1c</run_address>
         <size>0x44</size>
         <input_file_ref idref="fl-131"/>
      </object_component>
      <object_component id="oc-1b6">
         <name>.text:SysCtlPeripheralEnable</name>
         <load_address>0xd60</load_address>
         <run_address>0xd60</run_address>
         <size>0x34</size>
         <input_file_ref idref="fl-13c"/>
      </object_component>
      <object_component id="oc-13b">
         <name>.text:I2C0DeviceInit</name>
         <load_address>0xd94</load_address>
         <run_address>0xd94</run_address>
         <size>0x30</size>
         <input_file_ref idref="fl-4"/>
      </object_component>
      <object_component id="oc-215">
         <name>.text:GPIODirModeSet</name>
         <load_address>0xdc4</load_address>
         <run_address>0xdc4</run_address>
         <size>0x2a</size>
         <input_file_ref idref="fl-13e"/>
      </object_component>
      <object_component id="oc-183">
         <name>.text:I2C_TxByte</name>
         <load_address>0xdee</load_address>
         <run_address>0xdee</run_address>
         <size>0x28</size>
         <input_file_ref idref="fl-4"/>
      </object_component>
      <object_component id="oc-147">
         <name>.text:IntPrioritySet</name>
         <load_address>0xe18</load_address>
         <run_address>0xe18</run_address>
         <size>0x24</size>
         <input_file_ref idref="fl-13d"/>
      </object_component>
      <object_component id="oc-a2">
         <name>.text:I2C0TubeHighSet</name>
         <load_address>0xe3c</load_address>
         <run_address>0xe3c</run_address>
         <size>0x20</size>
         <input_file_ref idref="fl-4"/>
      </object_component>
      <object_component id="oc-9c">
         <name>.text:I2C0TubeLowSet</name>
         <load_address>0xe5c</load_address>
         <run_address>0xe5c</run_address>
         <size>0x20</size>
         <input_file_ref idref="fl-4"/>
      </object_component>
      <object_component id="oc-96">
         <name>.text:I2C0TubeSelSet</name>
         <load_address>0xe7c</load_address>
         <run_address>0xe7c</run_address>
         <size>0x20</size>
         <input_file_ref idref="fl-4"/>
      </object_component>
      <object_component id="oc-189">
         <name>.text:I2C_GetACK</name>
         <load_address>0xe9c</load_address>
         <run_address>0xe9c</run_address>
         <size>0x1e</size>
         <input_file_ref idref="fl-4"/>
      </object_component>
      <object_component id="oc-135">
         <name>.text:I2C0GPIOBEnable</name>
         <load_address>0xebc</load_address>
         <run_address>0xebc</run_address>
         <size>0x1c</size>
         <input_file_ref idref="fl-4"/>
      </object_component>
      <object_component id="oc-171">
         <name>.text:I2C_Set_scl_high</name>
         <load_address>0xed8</load_address>
         <run_address>0xed8</run_address>
         <size>0x1c</size>
         <input_file_ref idref="fl-4"/>
      </object_component>
      <object_component id="oc-1f2">
         <name>.text:I2C_Set_scl_low</name>
         <load_address>0xef4</load_address>
         <run_address>0xef4</run_address>
         <size>0x1c</size>
         <input_file_ref idref="fl-4"/>
      </object_component>
      <object_component id="oc-177">
         <name>.text:I2C_Set_sda_high</name>
         <load_address>0xf10</load_address>
         <run_address>0xf10</run_address>
         <size>0x1c</size>
         <input_file_ref idref="fl-4"/>
      </object_component>
      <object_component id="oc-1ec">
         <name>.text:I2C_Set_sda_low</name>
         <load_address>0xf2c</load_address>
         <run_address>0xf2c</run_address>
         <size>0x1c</size>
         <input_file_ref idref="fl-4"/>
      </object_component>
      <object_component id="oc-19f">
         <name>.text:_SysCtlMemTimingGet</name>
         <load_address>0xf48</load_address>
         <run_address>0xf48</run_address>
         <size>0x1c</size>
         <input_file_ref idref="fl-13c"/>
      </object_component>
      <object_component id="oc-1bc">
         <name>.text:GPIOPinTypeGPIOOutput</name>
         <load_address>0xf64</load_address>
         <run_address>0xf64</run_address>
         <size>0x18</size>
         <input_file_ref idref="fl-13e"/>
      </object_component>
      <object_component id="oc-7c">
         <name>.text</name>
         <load_address>0xf7c</load_address>
         <run_address>0xf7c</run_address>
         <size>0x18</size>
         <input_file_ref idref="fl-137"/>
      </object_component>
      <object_component id="oc-17d">
         <name>.text:I2C_START</name>
         <load_address>0xf94</load_address>
         <run_address>0xf94</run_address>
         <size>0x14</size>
         <input_file_ref idref="fl-4"/>
      </object_component>
      <object_component id="oc-18f">
         <name>.text:I2C_STOP</name>
         <load_address>0xfa8</load_address>
         <run_address>0xfa8</run_address>
         <size>0x14</size>
         <input_file_ref idref="fl-4"/>
      </object_component>
      <object_component id="oc-161">
         <name>.text</name>
         <load_address>0xfbc</load_address>
         <run_address>0xfbc</run_address>
         <size>0x14</size>
         <input_file_ref idref="fl-12c"/>
      </object_component>
      <object_component id="oc-af">
         <name>.text:TimerLoadSet</name>
         <load_address>0xfd0</load_address>
         <run_address>0xfd0</run_address>
         <size>0x12</size>
         <input_file_ref idref="fl-13b"/>
      </object_component>
      <object_component id="oc-b5">
         <name>.text:TimerEnable</name>
         <load_address>0xfe2</load_address>
         <run_address>0xfe2</run_address>
         <size>0xe</size>
         <input_file_ref idref="fl-13b"/>
      </object_component>
      <object_component id="oc-12">
         <name>.text:decompress:none</name>
         <load_address>0xff0</load_address>
         <run_address>0xff0</run_address>
         <size>0xe</size>
         <input_file_ref idref="fl-12e"/>
      </object_component>
      <object_component id="oc-1da">
         <name>.text:CPUcpsie</name>
         <load_address>0xffe</load_address>
         <run_address>0xffe</run_address>
         <size>0xc</size>
         <input_file_ref idref="fl-13f"/>
      </object_component>
      <object_component id="oc-1e">
         <name>.text:decompress:ZI</name>
         <load_address>0x100a</load_address>
         <run_address>0x100a</run_address>
         <size>0xc</size>
         <input_file_ref idref="fl-130"/>
      </object_component>
      <object_component id="oc-153">
         <name>.text:IntMasterEnable</name>
         <load_address>0x1016</load_address>
         <run_address>0x1016</run_address>
         <size>0xa</size>
         <input_file_ref idref="fl-13d"/>
      </object_component>
      <object_component id="oc-90">
         <name>.text:TimerIntStatus</name>
         <load_address>0x1020</load_address>
         <run_address>0x1020</run_address>
         <size>0xa</size>
         <input_file_ref idref="fl-13b"/>
      </object_component>
      <object_component id="oc-1ca">
         <name>.text:TimerIntEnable</name>
         <load_address>0x102a</load_address>
         <run_address>0x102a</run_address>
         <size>0x8</size>
         <input_file_ref idref="fl-13b"/>
      </object_component>
      <object_component id="oc-1e4">
         <name>.text:GPIOPinWrite</name>
         <load_address>0x1032</load_address>
         <run_address>0x1032</run_address>
         <size>0x6</size>
         <input_file_ref idref="fl-13e"/>
      </object_component>
      <object_component id="oc-2a">
         <name>.text:ResetISR</name>
         <load_address>0x1038</load_address>
         <run_address>0x1038</run_address>
         <size>0x6</size>
         <input_file_ref idref="fl-3"/>
      </object_component>
      <object_component id="oc-a8">
         <name>.text:SysCtlDelay</name>
         <load_address>0x103e</load_address>
         <run_address>0x103e</run_address>
         <size>0x6</size>
         <input_file_ref idref="fl-13c"/>
      </object_component>
      <object_component id="oc-18">
         <name>.text:decompress:rle24</name>
         <load_address>0x1044</load_address>
         <run_address>0x1044</run_address>
         <size>0x6</size>
         <input_file_ref idref="fl-12f"/>
      </object_component>
      <object_component id="oc-a9">
         <name>.text:TimerIntClear</name>
         <load_address>0x104a</load_address>
         <run_address>0x104a</run_address>
         <size>0x4</size>
         <input_file_ref idref="fl-13b"/>
      </object_component>
      <object_component id="oc-70">
         <name>.text</name>
         <load_address>0x104e</load_address>
         <run_address>0x104e</run_address>
         <size>0x4</size>
         <input_file_ref idref="fl-134"/>
      </object_component>
      <object_component id="oc-1ae">
         <name>.const:g_pppui32XTALtoVCO</name>
         <load_address>0x1054</load_address>
         <run_address>0x1054</run_address>
         <size>0x120</size>
         <input_file_ref idref="fl-13c"/>
      </object_component>
      <object_component id="oc-1d1">
         <name>.const:g_pui32Regs</name>
         <load_address>0x1174</load_address>
         <run_address>0x1174</run_address>
         <size>0x9c</size>
         <input_file_ref idref="fl-13d"/>
      </object_component>
      <object_component id="oc-1d6">
         <name>.const</name>
         <load_address>0x1210</load_address>
         <run_address>0x1210</run_address>
         <size>0x70</size>
         <input_file_ref idref="fl-13d"/>
      </object_component>
      <object_component id="oc-1ab">
         <name>.const:g_pui32Xtals</name>
         <load_address>0x1280</load_address>
         <run_address>0x1280</run_address>
         <size>0x6c</size>
         <input_file_ref idref="fl-13c"/>
      </object_component>
      <object_component id="oc-1fc">
         <name>.const:g_sXTALtoMEMTIM</name>
         <load_address>0x12ec</load_address>
         <run_address>0x12ec</run_address>
         <size>0x30</size>
         <input_file_ref idref="fl-13c"/>
      </object_component>
      <object_component id="oc-114">
         <name>.const:.string</name>
         <load_address>0x131c</load_address>
         <run_address>0x131c</run_address>
         <size>0x8</size>
         <input_file_ref idref="fl-4"/>
      </object_component>
      <object_component id="oc-1b1">
         <name>.const</name>
         <load_address>0x1324</load_address>
         <run_address>0x1324</run_address>
         <size>0x8</size>
         <input_file_ref idref="fl-13c"/>
      </object_component>
      <object_component id="oc-252">
         <name>.cinit..data.load</name>
         <load_address>0x1330</load_address>
         <run_address>0x1330</run_address>
         <size>0x12</size>
      </object_component>
      <object_component id="oc-250">
         <name>__TI_handler_table</name>
         <load_address>0x1344</load_address>
         <run_address>0x1344</run_address>
         <size>0xc</size>
      </object_component>
      <object_component id="oc-253">
         <name>.cinit..bss.load</name>
         <load_address>0x1350</load_address>
         <run_address>0x1350</run_address>
         <size>0x8</size>
      </object_component>
      <object_component id="oc-251">
         <name>__TI_cinit_table</name>
         <load_address>0x1358</load_address>
         <run_address>0x1358</run_address>
         <size>0x10</size>
      </object_component>
      <object_component id="oc-29">
         <name>.stack</name>
         <uninitialized>true</uninitialized>
         <run_address>0x20000000</run_address>
         <size>0x0</size>
         <input_file_ref idref="fl-12d"/>
      </object_component>
      <object_component id="oc-254">
         <name>.stack</name>
         <uninitialized>true</uninitialized>
         <run_address>0x20000000</run_address>
         <size>0x0</size>
      </object_component>
      <object_component id="oc-be">
         <name>.common:g_ui32SysClock</name>
         <uninitialized>true</uninitialized>
         <run_address>0x20000220</run_address>
         <size>0x4</size>
      </object_component>
      <object_component id="oc-bb">
         <name>.data</name>
         <load_address>0x20000200</load_address>
         <run_address>0x20000200</run_address>
         <size>0xa</size>
         <input_file_ref idref="fl-4"/>
      </object_component>
      <object_component id="oc-f7">
         <name>.data</name>
         <load_address>0x2000020c</load_address>
         <run_address>0x2000020c</run_address>
         <size>0x8</size>
         <input_file_ref idref="fl-12c"/>
      </object_component>
      <object_component id="oc-fa">
         <name>.data</name>
         <load_address>0x20000214</load_address>
         <run_address>0x20000214</run_address>
         <size>0x8</size>
         <input_file_ref idref="fl-131"/>
      </object_component>
      <object_component id="oc-88">
         <name>.data</name>
         <load_address>0x2000021c</load_address>
         <run_address>0x2000021c</run_address>
         <size>0x4</size>
         <input_file_ref idref="fl-135"/>
      </object_component>
      <object_component id="oc-c9">
         <name>.debug_info</name>
         <load_address>0x0</load_address>
         <run_address>0x0</run_address>
         <size>0x84</size>
         <input_file_ref idref="fl-2"/>
      </object_component>
      <object_component id="oc-4a">
         <name>.debug_info</name>
         <load_address>0x84</load_address>
         <run_address>0x84</run_address>
         <size>0x126</size>
         <input_file_ref idref="fl-3"/>
      </object_component>
      <object_component id="oc-10">
         <name>.debug_info</name>
         <load_address>0x1aa</load_address>
         <run_address>0x1aa</run_address>
         <size>0xe1</size>
         <input_file_ref idref="fl-3"/>
      </object_component>
      <object_component id="oc-2b">
         <name>.debug_info</name>
         <load_address>0x28b</load_address>
         <run_address>0x28b</run_address>
         <size>0x111</size>
         <input_file_ref idref="fl-3"/>
      </object_component>
      <object_component id="oc-33">
         <name>.debug_info</name>
         <load_address>0x39c</load_address>
         <run_address>0x39c</run_address>
         <size>0xff</size>
         <input_file_ref idref="fl-3"/>
      </object_component>
      <object_component id="oc-40">
         <name>.debug_info</name>
         <load_address>0x49b</load_address>
         <run_address>0x49b</run_address>
         <size>0x11a</size>
         <input_file_ref idref="fl-3"/>
      </object_component>
      <object_component id="oc-3a">
         <name>.debug_info</name>
         <load_address>0x5b5</load_address>
         <run_address>0x5b5</run_address>
         <size>0x110</size>
         <input_file_ref idref="fl-3"/>
      </object_component>
      <object_component id="oc-ce">
         <name>.debug_info</name>
         <load_address>0x6c5</load_address>
         <run_address>0x6c5</run_address>
         <size>0x18b</size>
         <input_file_ref idref="fl-3"/>
      </object_component>
      <object_component id="oc-bf">
         <name>.debug_info</name>
         <load_address>0x850</load_address>
         <run_address>0x850</run_address>
         <size>0x436</size>
         <input_file_ref idref="fl-4"/>
      </object_component>
      <object_component id="oc-bc">
         <name>.debug_info</name>
         <load_address>0xc86</load_address>
         <run_address>0xc86</run_address>
         <size>0xfe</size>
         <input_file_ref idref="fl-4"/>
      </object_component>
      <object_component id="oc-115">
         <name>.debug_info</name>
         <load_address>0xd84</load_address>
         <run_address>0xd84</run_address>
         <size>0x12e</size>
         <input_file_ref idref="fl-4"/>
      </object_component>
      <object_component id="oc-137">
         <name>.debug_info</name>
         <load_address>0xeb2</load_address>
         <run_address>0xeb2</run_address>
         <size>0x149</size>
         <input_file_ref idref="fl-4"/>
      </object_component>
      <object_component id="oc-172">
         <name>.debug_info</name>
         <load_address>0xffb</load_address>
         <run_address>0xffb</run_address>
         <size>0x138</size>
         <input_file_ref idref="fl-4"/>
      </object_component>
      <object_component id="oc-178">
         <name>.debug_info</name>
         <load_address>0x1133</load_address>
         <run_address>0x1133</run_address>
         <size>0x138</size>
         <input_file_ref idref="fl-4"/>
      </object_component>
      <object_component id="oc-1ee">
         <name>.debug_info</name>
         <load_address>0x126b</load_address>
         <run_address>0x126b</run_address>
         <size>0x136</size>
         <input_file_ref idref="fl-4"/>
      </object_component>
      <object_component id="oc-1f3">
         <name>.debug_info</name>
         <load_address>0x13a1</load_address>
         <run_address>0x13a1</run_address>
         <size>0x136</size>
         <input_file_ref idref="fl-4"/>
      </object_component>
      <object_component id="oc-17e">
         <name>.debug_info</name>
         <load_address>0x14d7</load_address>
         <run_address>0x14d7</run_address>
         <size>0x15b</size>
         <input_file_ref idref="fl-4"/>
      </object_component>
      <object_component id="oc-184">
         <name>.debug_info</name>
         <load_address>0x1632</load_address>
         <run_address>0x1632</run_address>
         <size>0x187</size>
         <input_file_ref idref="fl-4"/>
      </object_component>
      <object_component id="oc-18a">
         <name>.debug_info</name>
         <load_address>0x17b9</load_address>
         <run_address>0x17b9</run_address>
         <size>0x176</size>
         <input_file_ref idref="fl-4"/>
      </object_component>
      <object_component id="oc-190">
         <name>.debug_info</name>
         <load_address>0x192f</load_address>
         <run_address>0x192f</run_address>
         <size>0x159</size>
         <input_file_ref idref="fl-4"/>
      </object_component>
      <object_component id="oc-10f">
         <name>.debug_info</name>
         <load_address>0x1a88</load_address>
         <run_address>0x1a88</run_address>
         <size>0x233</size>
         <input_file_ref idref="fl-4"/>
      </object_component>
      <object_component id="oc-13c">
         <name>.debug_info</name>
         <load_address>0x1cbb</load_address>
         <run_address>0x1cbb</run_address>
         <size>0x156</size>
         <input_file_ref idref="fl-4"/>
      </object_component>
      <object_component id="oc-142">
         <name>.debug_info</name>
         <load_address>0x1e11</load_address>
         <run_address>0x1e11</run_address>
         <size>0x16a</size>
         <input_file_ref idref="fl-4"/>
      </object_component>
      <object_component id="oc-f0">
         <name>.debug_info</name>
         <load_address>0x1f7b</load_address>
         <run_address>0x1f7b</run_address>
         <size>0x19f</size>
         <input_file_ref idref="fl-4"/>
      </object_component>
      <object_component id="oc-97">
         <name>.debug_info</name>
         <load_address>0x211a</load_address>
         <run_address>0x211a</run_address>
         <size>0x158</size>
         <input_file_ref idref="fl-4"/>
      </object_component>
      <object_component id="oc-9d">
         <name>.debug_info</name>
         <load_address>0x2272</load_address>
         <run_address>0x2272</run_address>
         <size>0x158</size>
         <input_file_ref idref="fl-4"/>
      </object_component>
      <object_component id="oc-a3">
         <name>.debug_info</name>
         <load_address>0x23ca</load_address>
         <run_address>0x23ca</run_address>
         <size>0x15a</size>
         <input_file_ref idref="fl-4"/>
      </object_component>
      <object_component id="oc-43">
         <name>.debug_info</name>
         <load_address>0x2524</load_address>
         <run_address>0x2524</run_address>
         <size>0x895</size>
         <input_file_ref idref="fl-4"/>
      </object_component>
      <object_component id="oc-c2">
         <name>.debug_info</name>
         <load_address>0x2db9</load_address>
         <run_address>0x2db9</run_address>
         <size>0x8b</size>
         <input_file_ref idref="fl-4"/>
      </object_component>
      <object_component id="oc-169">
         <name>.debug_info</name>
         <load_address>0x2e44</load_address>
         <run_address>0x2e44</run_address>
         <size>0x105</size>
         <input_file_ref idref="fl-12c"/>
      </object_component>
      <object_component id="oc-f8">
         <name>.debug_info</name>
         <load_address>0x2f49</load_address>
         <run_address>0x2f49</run_address>
         <size>0xf4</size>
         <input_file_ref idref="fl-12c"/>
      </object_component>
      <object_component id="oc-162">
         <name>.debug_info</name>
         <load_address>0x303d</load_address>
         <run_address>0x303d</run_address>
         <size>0x200</size>
         <input_file_ref idref="fl-12c"/>
      </object_component>
      <object_component id="oc-25">
         <name>.debug_info</name>
         <load_address>0x323d</load_address>
         <run_address>0x323d</run_address>
         <size>0x134</size>
         <input_file_ref idref="fl-12d"/>
      </object_component>
      <object_component id="oc-56">
         <name>.debug_info</name>
         <load_address>0x3371</load_address>
         <run_address>0x3371</run_address>
         <size>0x121</size>
         <input_file_ref idref="fl-12e"/>
      </object_component>
      <object_component id="oc-15">
         <name>.debug_info</name>
         <load_address>0x3492</load_address>
         <run_address>0x3492</run_address>
         <size>0x1c0</size>
         <input_file_ref idref="fl-12e"/>
      </object_component>
      <object_component id="oc-51">
         <name>.debug_info</name>
         <load_address>0x3652</load_address>
         <run_address>0x3652</run_address>
         <size>0x46</size>
         <input_file_ref idref="fl-12e"/>
      </object_component>
      <object_component id="oc-d4">
         <name>.debug_info</name>
         <load_address>0x3698</load_address>
         <run_address>0x3698</run_address>
         <size>0x2c</size>
         <input_file_ref idref="fl-12e"/>
      </object_component>
      <object_component id="oc-5e">
         <name>.debug_info</name>
         <load_address>0x36c4</load_address>
         <run_address>0x36c4</run_address>
         <size>0x115</size>
         <input_file_ref idref="fl-12f"/>
      </object_component>
      <object_component id="oc-5b">
         <name>.debug_info</name>
         <load_address>0x37d9</load_address>
         <run_address>0x37d9</run_address>
         <size>0x228</size>
         <input_file_ref idref="fl-12f"/>
      </object_component>
      <object_component id="oc-1a">
         <name>.debug_info</name>
         <load_address>0x3a01</load_address>
         <run_address>0x3a01</run_address>
         <size>0x192</size>
         <input_file_ref idref="fl-12f"/>
      </object_component>
      <object_component id="oc-5f">
         <name>.debug_info</name>
         <load_address>0x3b93</load_address>
         <run_address>0x3b93</run_address>
         <size>0x39</size>
         <input_file_ref idref="fl-12f"/>
      </object_component>
      <object_component id="oc-de">
         <name>.debug_info</name>
         <load_address>0x3bcc</load_address>
         <run_address>0x3bcc</run_address>
         <size>0x2c</size>
         <input_file_ref idref="fl-12f"/>
      </object_component>
      <object_component id="oc-6f">
         <name>.debug_info</name>
         <load_address>0x3bf8</load_address>
         <run_address>0x3bf8</run_address>
         <size>0x110</size>
         <input_file_ref idref="fl-130"/>
      </object_component>
      <object_component id="oc-1f">
         <name>.debug_info</name>
         <load_address>0x3d08</load_address>
         <run_address>0x3d08</run_address>
         <size>0x18b</size>
         <input_file_ref idref="fl-130"/>
      </object_component>
      <object_component id="oc-6a">
         <name>.debug_info</name>
         <load_address>0x3e93</load_address>
         <run_address>0x3e93</run_address>
         <size>0x46</size>
         <input_file_ref idref="fl-130"/>
      </object_component>
      <object_component id="oc-fe">
         <name>.debug_info</name>
         <load_address>0x3ed9</load_address>
         <run_address>0x3ed9</run_address>
         <size>0x172</size>
         <input_file_ref idref="fl-131"/>
      </object_component>
      <object_component id="oc-fb">
         <name>.debug_info</name>
         <load_address>0x404b</load_address>
         <run_address>0x404b</run_address>
         <size>0x117</size>
         <input_file_ref idref="fl-131"/>
      </object_component>
      <object_component id="oc-85">
         <name>.debug_info</name>
         <load_address>0x4162</load_address>
         <run_address>0x4162</run_address>
         <size>0x1ee</size>
         <input_file_ref idref="fl-131"/>
      </object_component>
      <object_component id="oc-4e">
         <name>.debug_info</name>
         <load_address>0x4350</load_address>
         <run_address>0x4350</run_address>
         <size>0xf6</size>
         <input_file_ref idref="fl-132"/>
      </object_component>
      <object_component id="oc-65">
         <name>.debug_info</name>
         <load_address>0x4446</load_address>
         <run_address>0x4446</run_address>
         <size>0x124</size>
         <input_file_ref idref="fl-133"/>
      </object_component>
      <object_component id="oc-73">
         <name>.debug_info</name>
         <load_address>0x456a</load_address>
         <run_address>0x456a</run_address>
         <size>0x129</size>
         <input_file_ref idref="fl-134"/>
      </object_component>
      <object_component id="oc-89">
         <name>.debug_info</name>
         <load_address>0x4693</load_address>
         <run_address>0x4693</run_address>
         <size>0xea</size>
         <input_file_ref idref="fl-135"/>
      </object_component>
      <object_component id="oc-f6">
         <name>.debug_info</name>
         <load_address>0x477d</load_address>
         <run_address>0x477d</run_address>
         <size>0x147</size>
         <input_file_ref idref="fl-137"/>
      </object_component>
      <object_component id="oc-7d">
         <name>.debug_info</name>
         <load_address>0x48c4</load_address>
         <run_address>0x48c4</run_address>
         <size>0x148</size>
         <input_file_ref idref="fl-137"/>
      </object_component>
      <object_component id="oc-15c">
         <name>.debug_info</name>
         <load_address>0x4a0c</load_address>
         <run_address>0x4a0c</run_address>
         <size>0x5e</size>
         <input_file_ref idref="fl-137"/>
      </object_component>
      <object_component id="oc-ee">
         <name>.debug_info</name>
         <load_address>0x4a6a</load_address>
         <run_address>0x4a6a</run_address>
         <size>0x29e</size>
         <input_file_ref idref="fl-138"/>
      </object_component>
      <object_component id="oc-77">
         <name>.debug_info</name>
         <load_address>0x4d08</load_address>
         <run_address>0x4d08</run_address>
         <size>0x158</size>
         <input_file_ref idref="fl-138"/>
      </object_component>
      <object_component id="oc-125">
         <name>.debug_info</name>
         <load_address>0x4e60</load_address>
         <run_address>0x4e60</run_address>
         <size>0x39</size>
         <input_file_ref idref="fl-138"/>
      </object_component>
      <object_component id="oc-12a">
         <name>.debug_info</name>
         <load_address>0x4e99</load_address>
         <run_address>0x4e99</run_address>
         <size>0xcd</size>
         <input_file_ref idref="fl-138"/>
      </object_component>
      <object_component id="oc-122">
         <name>.debug_info</name>
         <load_address>0x4f66</load_address>
         <run_address>0x4f66</run_address>
         <size>0x1c1</size>
         <input_file_ref idref="fl-139"/>
      </object_component>
      <object_component id="oc-e8">
         <name>.debug_info</name>
         <load_address>0x5127</load_address>
         <run_address>0x5127</run_address>
         <size>0x164</size>
         <input_file_ref idref="fl-139"/>
      </object_component>
      <object_component id="oc-19a">
         <name>.debug_info</name>
         <load_address>0x528b</load_address>
         <run_address>0x528b</run_address>
         <size>0x2c</size>
         <input_file_ref idref="fl-139"/>
      </object_component>
      <object_component id="oc-10d">
         <name>.debug_info</name>
         <load_address>0x52b7</load_address>
         <run_address>0x52b7</run_address>
         <size>0x1cf</size>
         <input_file_ref idref="fl-13b"/>
      </object_component>
      <object_component id="oc-b0">
         <name>.debug_info</name>
         <load_address>0x5486</load_address>
         <run_address>0x5486</run_address>
         <size>0x21e</size>
         <input_file_ref idref="fl-13b"/>
      </object_component>
      <object_component id="oc-91">
         <name>.debug_info</name>
         <load_address>0x56a4</load_address>
         <run_address>0x56a4</run_address>
         <size>0x1e8</size>
         <input_file_ref idref="fl-13b"/>
      </object_component>
      <object_component id="oc-1cb">
         <name>.debug_info</name>
         <load_address>0x588c</load_address>
         <run_address>0x588c</run_address>
         <size>0x1f8</size>
         <input_file_ref idref="fl-13b"/>
      </object_component>
      <object_component id="oc-aa">
         <name>.debug_info</name>
         <load_address>0x5a84</load_address>
         <run_address>0x5a84</run_address>
         <size>0x1f6</size>
         <input_file_ref idref="fl-13b"/>
      </object_component>
      <object_component id="oc-b6">
         <name>.debug_info</name>
         <load_address>0x5c7a</load_address>
         <run_address>0x5c7a</run_address>
         <size>0x1e3</size>
         <input_file_ref idref="fl-13b"/>
      </object_component>
      <object_component id="oc-1c5">
         <name>.debug_info</name>
         <load_address>0x5e5d</load_address>
         <run_address>0x5e5d</run_address>
         <size>0x1f0</size>
         <input_file_ref idref="fl-13b"/>
      </object_component>
      <object_component id="oc-108">
         <name>.debug_info</name>
         <load_address>0x604d</load_address>
         <run_address>0x604d</run_address>
         <size>0x90</size>
         <input_file_ref idref="fl-13b"/>
      </object_component>
      <object_component id="oc-103">
         <name>.debug_info</name>
         <load_address>0x60dd</load_address>
         <run_address>0x60dd</run_address>
         <size>0x18b</size>
         <input_file_ref idref="fl-13b"/>
      </object_component>
      <object_component id="oc-1b5">
         <name>.debug_info</name>
         <load_address>0x6268</load_address>
         <run_address>0x6268</run_address>
         <size>0x226</size>
         <input_file_ref idref="fl-13c"/>
      </object_component>
      <object_component id="oc-1ac">
         <name>.debug_info</name>
         <load_address>0x648e</load_address>
         <run_address>0x648e</run_address>
         <size>0xff</size>
         <input_file_ref idref="fl-13c"/>
      </object_component>
      <object_component id="oc-1af">
         <name>.debug_info</name>
         <load_address>0x658d</load_address>
         <run_address>0x658d</run_address>
         <size>0x10b</size>
         <input_file_ref idref="fl-13c"/>
      </object_component>
      <object_component id="oc-1fd">
         <name>.debug_info</name>
         <load_address>0x6698</load_address>
         <run_address>0x6698</run_address>
         <size>0x105</size>
         <input_file_ref idref="fl-13c"/>
      </object_component>
      <object_component id="oc-1b2">
         <name>.debug_info</name>
         <load_address>0x679d</load_address>
         <run_address>0x679d</run_address>
         <size>0x112</size>
         <input_file_ref idref="fl-13c"/>
      </object_component>
      <object_component id="oc-1b7">
         <name>.debug_info</name>
         <load_address>0x68af</load_address>
         <run_address>0x68af</run_address>
         <size>0x1e1</size>
         <input_file_ref idref="fl-13c"/>
      </object_component>
      <object_component id="oc-1a0">
         <name>.debug_info</name>
         <load_address>0x6a90</load_address>
         <run_address>0x6a90</run_address>
         <size>0x264</size>
         <input_file_ref idref="fl-13c"/>
      </object_component>
      <object_component id="oc-1a6">
         <name>.debug_info</name>
         <load_address>0x6cf4</load_address>
         <run_address>0x6cf4</run_address>
         <size>0x21e</size>
         <input_file_ref idref="fl-13c"/>
      </object_component>
      <object_component id="oc-130">
         <name>.debug_info</name>
         <load_address>0x6f12</load_address>
         <run_address>0x6f12</run_address>
         <size>0x4c5</size>
         <input_file_ref idref="fl-13c"/>
      </object_component>
      <object_component id="oc-209">
         <name>.debug_info</name>
         <load_address>0x73d7</load_address>
         <run_address>0x73d7</run_address>
         <size>0x5f</size>
         <input_file_ref idref="fl-13c"/>
      </object_component>
      <object_component id="oc-1d5">
         <name>.debug_info</name>
         <load_address>0x7436</load_address>
         <run_address>0x7436</run_address>
         <size>0x1ba</size>
         <input_file_ref idref="fl-13d"/>
      </object_component>
      <object_component id="oc-1d7">
         <name>.debug_info</name>
         <load_address>0x75f0</load_address>
         <run_address>0x75f0</run_address>
         <size>0x1c2</size>
         <input_file_ref idref="fl-13d"/>
      </object_component>
      <object_component id="oc-1d2">
         <name>.debug_info</name>
         <load_address>0x77b2</load_address>
         <run_address>0x77b2</run_address>
         <size>0x100</size>
         <input_file_ref idref="fl-13d"/>
      </object_component>
      <object_component id="oc-14a">
         <name>.debug_info</name>
         <load_address>0x78b2</load_address>
         <run_address>0x78b2</run_address>
         <size>0x22d</size>
         <input_file_ref idref="fl-13d"/>
      </object_component>
      <object_component id="oc-156">
         <name>.debug_info</name>
         <load_address>0x7adf</load_address>
         <run_address>0x7adf</run_address>
         <size>0x1a2</size>
         <input_file_ref idref="fl-13d"/>
      </object_component>
      <object_component id="oc-150">
         <name>.debug_info</name>
         <load_address>0x7c81</load_address>
         <run_address>0x7c81</run_address>
         <size>0x1cc</size>
         <input_file_ref idref="fl-13d"/>
      </object_component>
      <object_component id="oc-226">
         <name>.debug_info</name>
         <load_address>0x7e4d</load_address>
         <run_address>0x7e4d</run_address>
         <size>0x1d7</size>
         <input_file_ref idref="fl-13e"/>
      </object_component>
      <object_component id="oc-1e6">
         <name>.debug_info</name>
         <load_address>0x8024</load_address>
         <run_address>0x8024</run_address>
         <size>0x207</size>
         <input_file_ref idref="fl-13e"/>
      </object_component>
      <object_component id="oc-217">
         <name>.debug_info</name>
         <load_address>0x822b</load_address>
         <run_address>0x822b</run_address>
         <size>0x217</size>
         <input_file_ref idref="fl-13e"/>
      </object_component>
      <object_component id="oc-211">
         <name>.debug_info</name>
         <load_address>0x8442</load_address>
         <run_address>0x8442</run_address>
         <size>0x312</size>
         <input_file_ref idref="fl-13e"/>
      </object_component>
      <object_component id="oc-1bf">
         <name>.debug_info</name>
         <load_address>0x8754</load_address>
         <run_address>0x8754</run_address>
         <size>0x1eb</size>
         <input_file_ref idref="fl-13e"/>
      </object_component>
      <object_component id="oc-1db">
         <name>.debug_info</name>
         <load_address>0x893f</load_address>
         <run_address>0x893f</run_address>
         <size>0x176</size>
         <input_file_ref idref="fl-13f"/>
      </object_component>
      <object_component id="oc-255">
         <name>.debug_info</name>
         <load_address>0x8ab5</load_address>
         <run_address>0x8ab5</run_address>
         <size>0xa8</size>
      </object_component>
      <object_component id="oc-cc">
         <name>.debug_line</name>
         <load_address>0x0</load_address>
         <run_address>0x0</run_address>
         <size>0x20</size>
         <input_file_ref idref="fl-2"/>
      </object_component>
      <object_component id="oc-c8">
         <name>.debug_line</name>
         <load_address>0x20</load_address>
         <run_address>0x20</run_address>
         <size>0x34</size>
         <input_file_ref idref="fl-3"/>
      </object_component>
      <object_component id="oc-49">
         <name>.debug_line</name>
         <load_address>0x54</load_address>
         <run_address>0x54</run_address>
         <size>0x34</size>
         <input_file_ref idref="fl-3"/>
      </object_component>
      <object_component id="oc-2e">
         <name>.debug_line</name>
         <load_address>0x88</load_address>
         <run_address>0x88</run_address>
         <size>0x46</size>
         <input_file_ref idref="fl-3"/>
      </object_component>
      <object_component id="oc-35">
         <name>.debug_line</name>
         <load_address>0xce</load_address>
         <run_address>0xce</run_address>
         <size>0x49</size>
         <input_file_ref idref="fl-3"/>
      </object_component>
      <object_component id="oc-3f">
         <name>.debug_line</name>
         <load_address>0x117</load_address>
         <run_address>0x117</run_address>
         <size>0x49</size>
         <input_file_ref idref="fl-3"/>
      </object_component>
      <object_component id="oc-39">
         <name>.debug_line</name>
         <load_address>0x160</load_address>
         <run_address>0x160</run_address>
         <size>0x46</size>
         <input_file_ref idref="fl-3"/>
      </object_component>
      <object_component id="oc-d1">
         <name>.debug_line</name>
         <load_address>0x1a6</load_address>
         <run_address>0x1a6</run_address>
         <size>0x60</size>
         <input_file_ref idref="fl-3"/>
      </object_component>
      <object_component id="oc-120">
         <name>.debug_line</name>
         <load_address>0x206</load_address>
         <run_address>0x206</run_address>
         <size>0x155</size>
         <input_file_ref idref="fl-4"/>
      </object_component>
      <object_component id="oc-11e">
         <name>.debug_line</name>
         <load_address>0x35b</load_address>
         <run_address>0x35b</run_address>
         <size>0x2e</size>
         <input_file_ref idref="fl-4"/>
      </object_component>
      <object_component id="oc-197">
         <name>.debug_line</name>
         <load_address>0x389</load_address>
         <run_address>0x389</run_address>
         <size>0x2e</size>
         <input_file_ref idref="fl-4"/>
      </object_component>
      <object_component id="oc-136">
         <name>.debug_line</name>
         <load_address>0x3b7</load_address>
         <run_address>0x3b7</run_address>
         <size>0x44</size>
         <input_file_ref idref="fl-4"/>
      </object_component>
      <object_component id="oc-175">
         <name>.debug_line</name>
         <load_address>0x3fb</load_address>
         <run_address>0x3fb</run_address>
         <size>0x47</size>
         <input_file_ref idref="fl-4"/>
      </object_component>
      <object_component id="oc-17b">
         <name>.debug_line</name>
         <load_address>0x442</load_address>
         <run_address>0x442</run_address>
         <size>0x47</size>
         <input_file_ref idref="fl-4"/>
      </object_component>
      <object_component id="oc-1ed">
         <name>.debug_line</name>
         <load_address>0x489</load_address>
         <run_address>0x489</run_address>
         <size>0x47</size>
         <input_file_ref idref="fl-4"/>
      </object_component>
      <object_component id="oc-1f6">
         <name>.debug_line</name>
         <load_address>0x4d0</load_address>
         <run_address>0x4d0</run_address>
         <size>0x47</size>
         <input_file_ref idref="fl-4"/>
      </object_component>
      <object_component id="oc-181">
         <name>.debug_line</name>
         <load_address>0x517</load_address>
         <run_address>0x517</run_address>
         <size>0x46</size>
         <input_file_ref idref="fl-4"/>
      </object_component>
      <object_component id="oc-187">
         <name>.debug_line</name>
         <load_address>0x55d</load_address>
         <run_address>0x55d</run_address>
         <size>0x58</size>
         <input_file_ref idref="fl-4"/>
      </object_component>
      <object_component id="oc-18e">
         <name>.debug_line</name>
         <load_address>0x5b5</load_address>
         <run_address>0x5b5</run_address>
         <size>0x49</size>
         <input_file_ref idref="fl-4"/>
      </object_component>
      <object_component id="oc-193">
         <name>.debug_line</name>
         <load_address>0x5fe</load_address>
         <run_address>0x5fe</run_address>
         <size>0x46</size>
         <input_file_ref idref="fl-4"/>
      </object_component>
      <object_component id="oc-113">
         <name>.debug_line</name>
         <load_address>0x644</load_address>
         <run_address>0x644</run_address>
         <size>0x57</size>
         <input_file_ref idref="fl-4"/>
      </object_component>
      <object_component id="oc-13f">
         <name>.debug_line</name>
         <load_address>0x69b</load_address>
         <run_address>0x69b</run_address>
         <size>0x4e</size>
         <input_file_ref idref="fl-4"/>
      </object_component>
      <object_component id="oc-145">
         <name>.debug_line</name>
         <load_address>0x6e9</load_address>
         <run_address>0x6e9</run_address>
         <size>0x47</size>
         <input_file_ref idref="fl-4"/>
      </object_component>
      <object_component id="oc-f3">
         <name>.debug_line</name>
         <load_address>0x730</load_address>
         <run_address>0x730</run_address>
         <size>0x4d</size>
         <input_file_ref idref="fl-4"/>
      </object_component>
      <object_component id="oc-9a">
         <name>.debug_line</name>
         <load_address>0x77d</load_address>
         <run_address>0x77d</run_address>
         <size>0x4c</size>
         <input_file_ref idref="fl-4"/>
      </object_component>
      <object_component id="oc-a0">
         <name>.debug_line</name>
         <load_address>0x7c9</load_address>
         <run_address>0x7c9</run_address>
         <size>0x4c</size>
         <input_file_ref idref="fl-4"/>
      </object_component>
      <object_component id="oc-a6">
         <name>.debug_line</name>
         <load_address>0x815</load_address>
         <run_address>0x815</run_address>
         <size>0x4c</size>
         <input_file_ref idref="fl-4"/>
      </object_component>
      <object_component id="oc-46">
         <name>.debug_line</name>
         <load_address>0x861</load_address>
         <run_address>0x861</run_address>
         <size>0x30d</size>
         <input_file_ref idref="fl-4"/>
      </object_component>
      <object_component id="oc-c5">
         <name>.debug_line</name>
         <load_address>0xb6e</load_address>
         <run_address>0xb6e</run_address>
         <size>0x20</size>
         <input_file_ref idref="fl-4"/>
      </object_component>
      <object_component id="oc-1e3">
         <name>.debug_line</name>
         <load_address>0xb8e</load_address>
         <run_address>0xb8e</run_address>
         <size>0x20</size>
         <input_file_ref idref="fl-12c"/>
      </object_component>
      <object_component id="oc-168">
         <name>.debug_line</name>
         <load_address>0xbae</load_address>
         <run_address>0xbae</run_address>
         <size>0x2b</size>
         <input_file_ref idref="fl-12c"/>
      </object_component>
      <object_component id="oc-165">
         <name>.debug_line</name>
         <load_address>0xbd9</load_address>
         <run_address>0xbd9</run_address>
         <size>0x68</size>
         <input_file_ref idref="fl-12c"/>
      </object_component>
      <object_component id="oc-28">
         <name>.debug_line</name>
         <load_address>0xc41</load_address>
         <run_address>0xc41</run_address>
         <size>0x52</size>
         <input_file_ref idref="fl-12d"/>
      </object_component>
      <object_component id="oc-da">
         <name>.debug_line</name>
         <load_address>0xc93</load_address>
         <run_address>0xc93</run_address>
         <size>0x80</size>
         <input_file_ref idref="fl-12e"/>
      </object_component>
      <object_component id="oc-14">
         <name>.debug_line</name>
         <load_address>0xd13</load_address>
         <run_address>0xd13</run_address>
         <size>0x55</size>
         <input_file_ref idref="fl-12e"/>
      </object_component>
      <object_component id="oc-54">
         <name>.debug_line</name>
         <load_address>0xd68</load_address>
         <run_address>0xd68</run_address>
         <size>0x3a</size>
         <input_file_ref idref="fl-12e"/>
      </object_component>
      <object_component id="oc-d7">
         <name>.debug_line</name>
         <load_address>0xda2</load_address>
         <run_address>0xda2</run_address>
         <size>0x80</size>
         <input_file_ref idref="fl-12e"/>
      </object_component>
      <object_component id="oc-dd">
         <name>.debug_line</name>
         <load_address>0xe22</load_address>
         <run_address>0xe22</run_address>
         <size>0x80</size>
         <input_file_ref idref="fl-12f"/>
      </object_component>
      <object_component id="oc-59">
         <name>.debug_line</name>
         <load_address>0xea2</load_address>
         <run_address>0xea2</run_address>
         <size>0x98</size>
         <input_file_ref idref="fl-12f"/>
      </object_component>
      <object_component id="oc-1c">
         <name>.debug_line</name>
         <load_address>0xf3a</load_address>
         <run_address>0xf3a</run_address>
         <size>0x4b</size>
         <input_file_ref idref="fl-12f"/>
      </object_component>
      <object_component id="oc-62">
         <name>.debug_line</name>
         <load_address>0xf85</load_address>
         <run_address>0xf85</run_address>
         <size>0x39</size>
         <input_file_ref idref="fl-12f"/>
      </object_component>
      <object_component id="oc-e1">
         <name>.debug_line</name>
         <load_address>0xfbe</load_address>
         <run_address>0xfbe</run_address>
         <size>0x80</size>
         <input_file_ref idref="fl-12f"/>
      </object_component>
      <object_component id="oc-e5">
         <name>.debug_line</name>
         <load_address>0x103e</load_address>
         <run_address>0x103e</run_address>
         <size>0x80</size>
         <input_file_ref idref="fl-130"/>
      </object_component>
      <object_component id="oc-22">
         <name>.debug_line</name>
         <load_address>0x10be</load_address>
         <run_address>0x10be</run_address>
         <size>0x4f</size>
         <input_file_ref idref="fl-130"/>
      </object_component>
      <object_component id="oc-6d">
         <name>.debug_line</name>
         <load_address>0x110d</load_address>
         <run_address>0x110d</run_address>
         <size>0x34</size>
         <input_file_ref idref="fl-130"/>
      </object_component>
      <object_component id="oc-16e">
         <name>.debug_line</name>
         <load_address>0x1141</load_address>
         <run_address>0x1141</run_address>
         <size>0x7f</size>
         <input_file_ref idref="fl-131"/>
      </object_component>
      <object_component id="oc-16c">
         <name>.debug_line</name>
         <load_address>0x11c0</load_address>
         <run_address>0x11c0</run_address>
         <size>0x2a</size>
         <input_file_ref idref="fl-131"/>
      </object_component>
      <object_component id="oc-83">
         <name>.debug_line</name>
         <load_address>0x11ea</load_address>
         <run_address>0x11ea</run_address>
         <size>0x7a</size>
         <input_file_ref idref="fl-131"/>
      </object_component>
      <object_component id="oc-4c">
         <name>.debug_line</name>
         <load_address>0x1264</load_address>
         <run_address>0x1264</run_address>
         <size>0x88</size>
         <input_file_ref idref="fl-132"/>
      </object_component>
      <object_component id="oc-68">
         <name>.debug_line</name>
         <load_address>0x12ec</load_address>
         <run_address>0x12ec</run_address>
         <size>0x79</size>
         <input_file_ref idref="fl-133"/>
      </object_component>
      <object_component id="oc-75">
         <name>.debug_line</name>
         <load_address>0x1365</load_address>
         <run_address>0x1365</run_address>
         <size>0x40</size>
         <input_file_ref idref="fl-134"/>
      </object_component>
      <object_component id="oc-101">
         <name>.debug_line</name>
         <load_address>0x13a5</load_address>
         <run_address>0x13a5</run_address>
         <size>0x33</size>
         <input_file_ref idref="fl-135"/>
      </object_component>
      <object_component id="oc-15b">
         <name>.debug_line</name>
         <load_address>0x13d8</load_address>
         <run_address>0x13d8</run_address>
         <size>0x2b</size>
         <input_file_ref idref="fl-137"/>
      </object_component>
      <object_component id="oc-80">
         <name>.debug_line</name>
         <load_address>0x1403</load_address>
         <run_address>0x1403</run_address>
         <size>0x50</size>
         <input_file_ref idref="fl-137"/>
      </object_component>
      <object_component id="oc-15f">
         <name>.debug_line</name>
         <load_address>0x1453</load_address>
         <run_address>0x1453</run_address>
         <size>0x2b</size>
         <input_file_ref idref="fl-137"/>
      </object_component>
      <object_component id="oc-124">
         <name>.debug_line</name>
         <load_address>0x147e</load_address>
         <run_address>0x147e</run_address>
         <size>0x8f</size>
         <input_file_ref idref="fl-138"/>
      </object_component>
      <object_component id="oc-7a">
         <name>.debug_line</name>
         <load_address>0x150d</load_address>
         <run_address>0x150d</run_address>
         <size>0x79</size>
         <input_file_ref idref="fl-138"/>
      </object_component>
      <object_component id="oc-128">
         <name>.debug_line</name>
         <load_address>0x1586</load_address>
         <run_address>0x1586</run_address>
         <size>0x2e</size>
         <input_file_ref idref="fl-138"/>
      </object_component>
      <object_component id="oc-12d">
         <name>.debug_line</name>
         <load_address>0x15b4</load_address>
         <run_address>0x15b4</run_address>
         <size>0x81</size>
         <input_file_ref idref="fl-138"/>
      </object_component>
      <object_component id="oc-199">
         <name>.debug_line</name>
         <load_address>0x1635</load_address>
         <run_address>0x1635</run_address>
         <size>0x8e</size>
         <input_file_ref idref="fl-139"/>
      </object_component>
      <object_component id="oc-ec">
         <name>.debug_line</name>
         <load_address>0x16c3</load_address>
         <run_address>0x16c3</run_address>
         <size>0x68</size>
         <input_file_ref idref="fl-139"/>
      </object_component>
      <object_component id="oc-19d">
         <name>.debug_line</name>
         <load_address>0x172b</load_address>
         <run_address>0x172b</run_address>
         <size>0x2e</size>
         <input_file_ref idref="fl-139"/>
      </object_component>
      <object_component id="oc-170">
         <name>.debug_line</name>
         <load_address>0x1759</load_address>
         <run_address>0x1759</run_address>
         <size>0x5b</size>
         <input_file_ref idref="fl-13b"/>
      </object_component>
      <object_component id="oc-b3">
         <name>.debug_line</name>
         <load_address>0x17b4</load_address>
         <run_address>0x17b4</run_address>
         <size>0x75</size>
         <input_file_ref idref="fl-13b"/>
      </object_component>
      <object_component id="oc-94">
         <name>.debug_line</name>
         <load_address>0x1829</load_address>
         <run_address>0x1829</run_address>
         <size>0x6c</size>
         <input_file_ref idref="fl-13b"/>
      </object_component>
      <object_component id="oc-1ce">
         <name>.debug_line</name>
         <load_address>0x1895</load_address>
         <run_address>0x1895</run_address>
         <size>0x6c</size>
         <input_file_ref idref="fl-13b"/>
      </object_component>
      <object_component id="oc-ad">
         <name>.debug_line</name>
         <load_address>0x1901</load_address>
         <run_address>0x1901</run_address>
         <size>0x6c</size>
         <input_file_ref idref="fl-13b"/>
      </object_component>
      <object_component id="oc-b9">
         <name>.debug_line</name>
         <load_address>0x196d</load_address>
         <run_address>0x196d</run_address>
         <size>0x6c</size>
         <input_file_ref idref="fl-13b"/>
      </object_component>
      <object_component id="oc-1c8">
         <name>.debug_line</name>
         <load_address>0x19d9</load_address>
         <run_address>0x19d9</run_address>
         <size>0x80</size>
         <input_file_ref idref="fl-13b"/>
      </object_component>
      <object_component id="oc-10b">
         <name>.debug_line</name>
         <load_address>0x1a59</load_address>
         <run_address>0x1a59</run_address>
         <size>0x20</size>
         <input_file_ref idref="fl-13b"/>
      </object_component>
      <object_component id="oc-106">
         <name>.debug_line</name>
         <load_address>0x1a79</load_address>
         <run_address>0x1a79</run_address>
         <size>0x5e</size>
         <input_file_ref idref="fl-13b"/>
      </object_component>
      <object_component id="oc-208">
         <name>.debug_line</name>
         <load_address>0x1ad7</load_address>
         <run_address>0x1ad7</run_address>
         <size>0xc8</size>
         <input_file_ref idref="fl-13c"/>
      </object_component>
      <object_component id="oc-202">
         <name>.debug_line</name>
         <load_address>0x1b9f</load_address>
         <run_address>0x1b9f</run_address>
         <size>0x58</size>
         <input_file_ref idref="fl-13c"/>
      </object_component>
      <object_component id="oc-204">
         <name>.debug_line</name>
         <load_address>0x1bf7</load_address>
         <run_address>0x1bf7</run_address>
         <size>0x58</size>
         <input_file_ref idref="fl-13c"/>
      </object_component>
      <object_component id="oc-22a">
         <name>.debug_line</name>
         <load_address>0x1c4f</load_address>
         <run_address>0x1c4f</run_address>
         <size>0x58</size>
         <input_file_ref idref="fl-13c"/>
      </object_component>
      <object_component id="oc-206">
         <name>.debug_line</name>
         <load_address>0x1ca7</load_address>
         <run_address>0x1ca7</run_address>
         <size>0x58</size>
         <input_file_ref idref="fl-13c"/>
      </object_component>
      <object_component id="oc-1ba">
         <name>.debug_line</name>
         <load_address>0x1cff</load_address>
         <run_address>0x1cff</run_address>
         <size>0x6d</size>
         <input_file_ref idref="fl-13c"/>
      </object_component>
      <object_component id="oc-1a3">
         <name>.debug_line</name>
         <load_address>0x1d6c</load_address>
         <run_address>0x1d6c</run_address>
         <size>0x78</size>
         <input_file_ref idref="fl-13c"/>
      </object_component>
      <object_component id="oc-1a9">
         <name>.debug_line</name>
         <load_address>0x1de4</load_address>
         <run_address>0x1de4</run_address>
         <size>0x79</size>
         <input_file_ref idref="fl-13c"/>
      </object_component>
      <object_component id="oc-133">
         <name>.debug_line</name>
         <load_address>0x1e5d</load_address>
         <run_address>0x1e5d</run_address>
         <size>0x155</size>
         <input_file_ref idref="fl-13c"/>
      </object_component>
      <object_component id="oc-20c">
         <name>.debug_line</name>
         <load_address>0x1fb2</load_address>
         <run_address>0x1fb2</run_address>
         <size>0x58</size>
         <input_file_ref idref="fl-13c"/>
      </object_component>
      <object_component id="oc-221">
         <name>.debug_line</name>
         <load_address>0x200a</load_address>
         <run_address>0x200a</run_address>
         <size>0x55</size>
         <input_file_ref idref="fl-13d"/>
      </object_component>
      <object_component id="oc-223">
         <name>.debug_line</name>
         <load_address>0x205f</load_address>
         <run_address>0x205f</run_address>
         <size>0x5b</size>
         <input_file_ref idref="fl-13d"/>
      </object_component>
      <object_component id="oc-21f">
         <name>.debug_line</name>
         <load_address>0x20ba</load_address>
         <run_address>0x20ba</run_address>
         <size>0x5b</size>
         <input_file_ref idref="fl-13d"/>
      </object_component>
      <object_component id="oc-149">
         <name>.debug_line</name>
         <load_address>0x2115</load_address>
         <run_address>0x2115</run_address>
         <size>0x72</size>
         <input_file_ref idref="fl-13d"/>
      </object_component>
      <object_component id="oc-155">
         <name>.debug_line</name>
         <load_address>0x2187</load_address>
         <run_address>0x2187</run_address>
         <size>0x70</size>
         <input_file_ref idref="fl-13d"/>
      </object_component>
      <object_component id="oc-14f">
         <name>.debug_line</name>
         <load_address>0x21f7</load_address>
         <run_address>0x21f7</run_address>
         <size>0x99</size>
         <input_file_ref idref="fl-13d"/>
      </object_component>
      <object_component id="oc-22e">
         <name>.debug_line</name>
         <load_address>0x2290</load_address>
         <run_address>0x2290</run_address>
         <size>0x5b</size>
         <input_file_ref idref="fl-13e"/>
      </object_component>
      <object_component id="oc-1e9">
         <name>.debug_line</name>
         <load_address>0x22eb</load_address>
         <run_address>0x22eb</run_address>
         <size>0x6b</size>
         <input_file_ref idref="fl-13e"/>
      </object_component>
      <object_component id="oc-21a">
         <name>.debug_line</name>
         <load_address>0x2356</load_address>
         <run_address>0x2356</run_address>
         <size>0x6e</size>
         <input_file_ref idref="fl-13e"/>
      </object_component>
      <object_component id="oc-214">
         <name>.debug_line</name>
         <load_address>0x23c4</load_address>
         <run_address>0x23c4</run_address>
         <size>0xaf</size>
         <input_file_ref idref="fl-13e"/>
      </object_component>
      <object_component id="oc-1bd">
         <name>.debug_line</name>
         <load_address>0x2473</load_address>
         <run_address>0x2473</run_address>
         <size>0x72</size>
         <input_file_ref idref="fl-13e"/>
      </object_component>
      <object_component id="oc-1de">
         <name>.debug_line</name>
         <load_address>0x24e5</load_address>
         <run_address>0x24e5</run_address>
         <size>0x6a</size>
         <input_file_ref idref="fl-13f"/>
      </object_component>
      <object_component id="oc-cb">
         <name>.debug_abbrev</name>
         <load_address>0x0</load_address>
         <run_address>0x0</run_address>
         <size>0x1f</size>
         <input_file_ref idref="fl-2"/>
      </object_component>
      <object_component id="oc-c7">
         <name>.debug_abbrev</name>
         <load_address>0x1f</load_address>
         <run_address>0x1f</run_address>
         <size>0x71</size>
         <input_file_ref idref="fl-3"/>
      </object_component>
      <object_component id="oc-48">
         <name>.debug_abbrev</name>
         <load_address>0x90</load_address>
         <run_address>0x90</run_address>
         <size>0x29</size>
         <input_file_ref idref="fl-3"/>
      </object_component>
      <object_component id="oc-8c">
         <name>.debug_abbrev</name>
         <load_address>0xb9</load_address>
         <run_address>0xb9</run_address>
         <size>0x50</size>
         <input_file_ref idref="fl-3"/>
      </object_component>
      <object_component id="oc-8d">
         <name>.debug_abbrev</name>
         <load_address>0x109</load_address>
         <run_address>0x109</run_address>
         <size>0x40</size>
         <input_file_ref idref="fl-3"/>
      </object_component>
      <object_component id="oc-8f">
         <name>.debug_abbrev</name>
         <load_address>0x149</load_address>
         <run_address>0x149</run_address>
         <size>0x40</size>
         <input_file_ref idref="fl-3"/>
      </object_component>
      <object_component id="oc-8e">
         <name>.debug_abbrev</name>
         <load_address>0x189</load_address>
         <run_address>0x189</run_address>
         <size>0x4e</size>
         <input_file_ref idref="fl-3"/>
      </object_component>
      <object_component id="oc-d0">
         <name>.debug_abbrev</name>
         <load_address>0x1d7</load_address>
         <run_address>0x1d7</run_address>
         <size>0x35</size>
         <input_file_ref idref="fl-3"/>
      </object_component>
      <object_component id="oc-11f">
         <name>.debug_abbrev</name>
         <load_address>0x20c</load_address>
         <run_address>0x20c</run_address>
         <size>0xf3</size>
         <input_file_ref idref="fl-4"/>
      </object_component>
      <object_component id="oc-11d">
         <name>.debug_abbrev</name>
         <load_address>0x2ff</load_address>
         <run_address>0x2ff</run_address>
         <size>0x29</size>
         <input_file_ref idref="fl-4"/>
      </object_component>
      <object_component id="oc-196">
         <name>.debug_abbrev</name>
         <load_address>0x328</load_address>
         <run_address>0x328</run_address>
         <size>0x27</size>
         <input_file_ref idref="fl-4"/>
      </object_component>
      <object_component id="oc-1c2">
         <name>.debug_abbrev</name>
         <load_address>0x34f</load_address>
         <run_address>0x34f</run_address>
         <size>0x5e</size>
         <input_file_ref idref="fl-4"/>
      </object_component>
      <object_component id="oc-1ea">
         <name>.debug_abbrev</name>
         <load_address>0x3ad</load_address>
         <run_address>0x3ad</run_address>
         <size>0x5e</size>
         <input_file_ref idref="fl-4"/>
      </object_component>
      <object_component id="oc-1eb">
         <name>.debug_abbrev</name>
         <load_address>0x40b</load_address>
         <run_address>0x40b</run_address>
         <size>0x5e</size>
         <input_file_ref idref="fl-4"/>
      </object_component>
      <object_component id="oc-227">
         <name>.debug_abbrev</name>
         <load_address>0x469</load_address>
         <run_address>0x469</run_address>
         <size>0x5e</size>
         <input_file_ref idref="fl-4"/>
      </object_component>
      <object_component id="oc-228">
         <name>.debug_abbrev</name>
         <load_address>0x4c7</load_address>
         <run_address>0x4c7</run_address>
         <size>0x5e</size>
         <input_file_ref idref="fl-4"/>
      </object_component>
      <object_component id="oc-1f8">
         <name>.debug_abbrev</name>
         <load_address>0x525</load_address>
         <run_address>0x525</run_address>
         <size>0x5e</size>
         <input_file_ref idref="fl-4"/>
      </object_component>
      <object_component id="oc-1f9">
         <name>.debug_abbrev</name>
         <load_address>0x583</load_address>
         <run_address>0x583</run_address>
         <size>0x7a</size>
         <input_file_ref idref="fl-4"/>
      </object_component>
      <object_component id="oc-1fa">
         <name>.debug_abbrev</name>
         <load_address>0x5fd</load_address>
         <run_address>0x5fd</run_address>
         <size>0x60</size>
         <input_file_ref idref="fl-4"/>
      </object_component>
      <object_component id="oc-1fb">
         <name>.debug_abbrev</name>
         <load_address>0x65d</load_address>
         <run_address>0x65d</run_address>
         <size>0x5e</size>
         <input_file_ref idref="fl-4"/>
      </object_component>
      <object_component id="oc-195">
         <name>.debug_abbrev</name>
         <load_address>0x6bb</load_address>
         <run_address>0x6bb</run_address>
         <size>0x7a</size>
         <input_file_ref idref="fl-4"/>
      </object_component>
      <object_component id="oc-1c3">
         <name>.debug_abbrev</name>
         <load_address>0x735</load_address>
         <run_address>0x735</run_address>
         <size>0x6c</size>
         <input_file_ref idref="fl-4"/>
      </object_component>
      <object_component id="oc-1d0">
         <name>.debug_abbrev</name>
         <load_address>0x7a1</load_address>
         <run_address>0x7a1</run_address>
         <size>0x5e</size>
         <input_file_ref idref="fl-4"/>
      </object_component>
      <object_component id="oc-159">
         <name>.debug_abbrev</name>
         <load_address>0x7ff</load_address>
         <run_address>0x7ff</run_address>
         <size>0x54</size>
         <input_file_ref idref="fl-4"/>
      </object_component>
      <object_component id="oc-117">
         <name>.debug_abbrev</name>
         <load_address>0x853</load_address>
         <run_address>0x853</run_address>
         <size>0x7a</size>
         <input_file_ref idref="fl-4"/>
      </object_component>
      <object_component id="oc-118">
         <name>.debug_abbrev</name>
         <load_address>0x8cd</load_address>
         <run_address>0x8cd</run_address>
         <size>0x7a</size>
         <input_file_ref idref="fl-4"/>
      </object_component>
      <object_component id="oc-119">
         <name>.debug_abbrev</name>
         <load_address>0x947</load_address>
         <run_address>0x947</run_address>
         <size>0x7a</size>
         <input_file_ref idref="fl-4"/>
      </object_component>
      <object_component id="oc-c1">
         <name>.debug_abbrev</name>
         <load_address>0x9c1</load_address>
         <run_address>0x9c1</run_address>
         <size>0x6c</size>
         <input_file_ref idref="fl-4"/>
      </object_component>
      <object_component id="oc-c4">
         <name>.debug_abbrev</name>
         <load_address>0xa2d</load_address>
         <run_address>0xa2d</run_address>
         <size>0x1f</size>
         <input_file_ref idref="fl-4"/>
      </object_component>
      <object_component id="oc-1e2">
         <name>.debug_abbrev</name>
         <load_address>0xa4c</load_address>
         <run_address>0xa4c</run_address>
         <size>0x45</size>
         <input_file_ref idref="fl-12c"/>
      </object_component>
      <object_component id="oc-167">
         <name>.debug_abbrev</name>
         <load_address>0xa91</load_address>
         <run_address>0xa91</run_address>
         <size>0x29</size>
         <input_file_ref idref="fl-12c"/>
      </object_component>
      <object_component id="oc-1e1">
         <name>.debug_abbrev</name>
         <load_address>0xaba</load_address>
         <run_address>0xaba</run_address>
         <size>0x6f</size>
         <input_file_ref idref="fl-12c"/>
      </object_component>
      <object_component id="oc-8b">
         <name>.debug_abbrev</name>
         <load_address>0xb29</load_address>
         <run_address>0xb29</run_address>
         <size>0x3e</size>
         <input_file_ref idref="fl-12d"/>
      </object_component>
      <object_component id="oc-d9">
         <name>.debug_abbrev</name>
         <load_address>0xb67</load_address>
         <run_address>0xb67</run_address>
         <size>0x52</size>
         <input_file_ref idref="fl-12e"/>
      </object_component>
      <object_component id="oc-50">
         <name>.debug_abbrev</name>
         <load_address>0xbb9</load_address>
[...]
            <object_component_ref idref="oc-1f0"/>
            <object_component_ref idref="oc-1f5"/>
            <object_component_ref idref="oc-180"/>
            <object_component_ref idref="oc-186"/>
            <object_component_ref idref="oc-18c"/>
            <object_component_ref idref="oc-192"/>
            <object_component_ref idref="oc-111"/>
            <object_component_ref idref="oc-13e"/>
            <object_component_ref idref="oc-144"/>
            <object_component_ref idref="oc-f2"/>
            <object_component_ref idref="oc-99"/>
            <object_component_ref idref="oc-9f"/>
            <object_component_ref idref="oc-a5"/>
            <object_component_ref idref="oc-45"/>
            <object_component_ref idref="oc-f9"/>
            <object_component_ref idref="oc-164"/>
            <object_component_ref idref="oc-27"/>
            <object_component_ref idref="oc-16"/>
            <object_component_ref idref="oc-5c"/>
            <object_component_ref idref="oc-1b"/>
            <object_component_ref idref="oc-21"/>
            <object_component_ref idref="oc-fc"/>
            <object_component_ref idref="oc-86"/>
            <object_component_ref idref="oc-4f"/>
            <object_component_ref idref="oc-67"/>
            <object_component_ref idref="oc-74"/>
            <object_component_ref idref="oc-8a"/>
            <object_component_ref idref="oc-7f"/>
            <object_component_ref idref="oc-78"/>
            <object_component_ref idref="oc-ea"/>
            <object_component_ref idref="oc-b2"/>
            <object_component_ref idref="oc-93"/>
            <object_component_ref idref="oc-1cd"/>
            <object_component_ref idref="oc-ac"/>
            <object_component_ref idref="oc-b8"/>
            <object_component_ref idref="oc-1c7"/>
            <object_component_ref idref="oc-1ad"/>
            <object_component_ref idref="oc-1b0"/>
            <object_component_ref idref="oc-1fe"/>
            <object_component_ref idref="oc-1b3"/>
            <object_component_ref idref="oc-1b9"/>
            <object_component_ref idref="oc-1a2"/>
            <object_component_ref idref="oc-1a8"/>
            <object_component_ref idref="oc-132"/>
            <object_component_ref idref="oc-1d8"/>
            <object_component_ref idref="oc-1d3"/>
            <object_component_ref idref="oc-14b"/>
            <object_component_ref idref="oc-157"/>
            <object_component_ref idref="oc-152"/>
            <object_component_ref idref="oc-1e8"/>
            <object_component_ref idref="oc-219"/>
            <object_component_ref idref="oc-213"/>
            <object_component_ref idref="oc-1c1"/>
            <object_component_ref idref="oc-1dd"/>
         </contents>
      </logical_group>
      <load_segment id="lg-25a" display="no" color="cyan">
         <name>SEGMENT_0</name>
         <load_address>0x0</load_address>
         <run_address>0x0</run_address>
         <size>0x1368</size>
         <flags>0x5</flags>
         <contents>
            <logical_group_ref idref="lg-3"/>
            <logical_group_ref idref="lg-4"/>
            <logical_group_ref idref="lg-5"/>
            <logical_group_ref idref="lg-6"/>
         </contents>
      </load_segment>
      <load_segment id="lg-25b" display="no" color="cyan">
         <name>SEGMENT_1</name>
         <run_address>0x20000000</run_address>
         <size>0x224</size>
         <flags>0x6</flags>
         <contents>
            <logical_group_ref idref="lg-d"/>
            <logical_group_ref idref="lg-a"/>
            <logical_group_ref idref="lg-b"/>
         </contents>
      </load_segment>
   </logical_group_list>
   <placement_map>
      <memory_area display="yes" color="green">
         <name>FLASH</name>
         <page_id>0x0</page_id>
         <origin>0x0</origin>
         <length>0x100000</length>
         <used_space>0x1362</used_space>
         <unused_space>0xfec9e</unused_space>
         <attributes>RX</attributes>
         <usage_details>
            <allocated_space>
               <start_address>0x0</start_address>
               <size>0x200</size>
               <logical_group_ref idref="lg-3"/>
            </allocated_space>
            <allocated_space>
               <start_address>0x200</start_address>
               <size>0xe52</size>
               <logical_group_ref idref="lg-4"/>
            </allocated_space>
            <available_space>
               <start_address>0x1052</start_address>
               <size>0x2</size>
            </available_space>
            <allocated_space>
               <start_address>0x1054</start_address>
               <size>0x2d8</size>
               <logical_group_ref idref="lg-5"/>
            </allocated_space>
            <available_space>
               <start_address>0x132c</start_address>
               <size>0x4</size>
            </available_space>
            <allocated_space>
               <start_address>0x1330</start_address>
               <size>0x38</size>
               <logical_group_ref idref="lg-6"/>
            </allocated_space>
            <available_space>
               <start_address>0x1368</start_address>
               <size>0xfec98</size>
            </available_space>
         </usage_details>
      </memory_area>
      <memory_area display="yes" color="green">
         <name>SRAM</name>
         <page_id>0x0</page_id>
         <origin>0x20000000</origin>
         <length>0x40000</length>
         <used_space>0x224</used_space>
         <unused_space>0x3fddc</unused_space>
         <attributes>RWX</attributes>
         <usage_details>
            <allocated_space>
               <start_address>0x20000000</start_address>
               <size>0x200</size>
               <logical_group_ref idref="lg-d"/>
            </allocated_space>
            <allocated_space>
               <start_address>0x20000200</start_address>
               <size>0x20</size>
               <logical_group_ref idref="lg-231"/>
            </allocated_space>
            <allocated_space>
               <start_address>0x20000220</start_address>
               <size>0x4</size>
               <logical_group_ref idref="lg-22f"/>
            </allocated_space>
            <available_space>
               <start_address>0x20000224</start_address>
               <size>0x3fddc</size>
            </available_space>
         </usage_details>
      </memory_area>
   </placement_map>
   <cptbl_list>
      <cptbl>
         <name>__TI_cinit_table</name>
         <cprec>
            <name>.data</name>
            <load_address>0x1330</load_address>
            <load_size>0x12</load_size>
            <run_address>0x20000200</run_address>
            <run_size>0x20</run_size>
            <compression>rle</compression>
         </cprec>
         <cprec>
            <name>.bss</name>
            <load_address>0x1350</load_address>
            <load_size>0x8</load_size>
            <run_address>0x20000220</run_address>
            <run_size>0x4</run_size>
            <compression>zero_init</compression>
         </cprec>
      </cptbl>
   </cptbl_list>
   <handler_table>
      <handler_table_name>__TI_handler_table</handler_table_name>
      <handler>
         <index>0x0</index>
         <name>__TI_decompress_rle24</name>
      </handler>
      <handler>
         <index>0x1</index>
         <name>__TI_decompress_none</name>
      </handler>
      <handler>
         <index>0x2</index>
         <name>__TI_zero_init</name>
      </handler>
   </handler_table>
   <symbol_table>
      <symbol id="sm-1">
         <name>__STACK_TOP</name>
         <value>0x20000200</value>
      </symbol>
      <symbol id="sm-2">
         <name>__TI_CINIT_Base</name>
         <value>0x1358</value>
      </symbol>
      <symbol id="sm-3">
         <name>__TI_CINIT_Limit</name>
         <value>0x1368</value>
      </symbol>
      <symbol id="sm-4">
         <name>__TI_Handler_Table_Base</name>
         <value>0x1344</value>
      </symbol>
      <symbol id="sm-5">
         <name>__TI_Handler_Table_Limit</name>
         <value>0x1350</value>
      </symbol>
      <symbol id="sm-6">
         <name>binit</name>
         <value>0xffffffff</value>
      </symbol>
      <symbol id="sm-7">
         <name>__binit__</name>
         <value>0xffffffff</value>
      </symbol>
      <symbol id="sm-8">
         <name>__STACK_SIZE</name>
         <value>0x200</value>
      </symbol>
      <symbol id="sm-9">
         <name>__STACK_END</name>
         <value>0x20000200</value>
      </symbol>
      <symbol id="sm-a">
         <name>__c_args__</name>
         <value>0xffffffff</value>
      </symbol>
      <symbol id="sm-5a">
         <name>ResetISR</name>
         <value>0x1039</value>
         <object_component_ref idref="oc-2a"/>
      </symbol>
      <symbol id="sm-5b">
         <name>g_pfnVectors</name>
         <value>0x0</value>
         <object_component_ref idref="oc-f"/>
      </symbol>
      <symbol id="sm-15b">
         <name>g_ui32SysClock</name>
         <value>0x20000220</value>
      </symbol>
      <symbol id="sm-15c">
         <name>I2C0GPIOBEnable</name>
         <value>0xebd</value>
         <object_component_ref idref="oc-135"/>
      </symbol>
      <symbol id="sm-15d">
         <name>I2C_Set_sda_low</name>
         <value>0xf2d</value>
         <object_component_ref idref="oc-1ec"/>
      </symbol>
      <symbol id="sm-15e">
         <name>I2C_Set_scl_high</name>
         <value>0xed9</value>
         <object_component_ref idref="oc-171"/>
      </symbol>
      <symbol id="sm-15f">
         <name>I2C_START</name>
         <value>0xf95</value>
         <object_component_ref idref="oc-17d"/>
      </symbol>
      <symbol id="sm-160">
         <name>Timer0BIntHandler</name>
         <value>0x201</value>
         <object_component_ref idref="oc-42"/>
      </symbol>
      <symbol id="sm-161">
         <name>I2C0TubeSelSet</name>
         <value>0xe7d</value>
         <object_component_ref idref="oc-96"/>
      </symbol>
      <symbol id="sm-162">
         <name>TimerIntInitial</name>
         <value>0xcd9</value>
         <object_component_ref idref="oc-141"/>
      </symbol>
      <symbol id="sm-163">
         <name>Timernum</name>
         <value>0x20000200</value>
         <object_component_ref idref="oc-bb"/>
      </symbol>
      <symbol id="sm-164">
         <name>I2C0DeviceInit</name>
         <value>0xd95</value>
         <object_component_ref idref="oc-13b"/>
      </symbol>
      <symbol id="sm-165">
         <name>I2C_Set_scl_low</name>
         <value>0xef5</value>
         <object_component_ref idref="oc-1f2"/>
      </symbol>
      <symbol id="sm-166">
         <name>I2C0TubeHighSet</name>
         <value>0xe3d</value>
         <object_component_ref idref="oc-a2"/>
      </symbol>
      <symbol id="sm-167">
         <name>I2C_STOP</name>
         <value>0xfa9</value>
         <object_component_ref idref="oc-18f"/>
      </symbol>
      <symbol id="sm-168">
         <name>main</name>
         <value>0xc91</value>
         <object_component_ref idref="oc-ef"/>
      </symbol>
      <symbol id="sm-169">
         <name>I2C_TxByte</name>
         <value>0xdef</value>
         <object_component_ref idref="oc-183"/>
      </symbol>
      <symbol id="sm-16a">
         <name>I2C0TubeLowSet</name>
         <value>0xe5d</value>
         <object_component_ref idref="oc-9c"/>
      </symbol>
      <symbol id="sm-16b">
         <name>i2c_write</name>
         <value>0xbfd</value>
         <object_component_ref idref="oc-10e"/>
      </symbol>
      <symbol id="sm-16c">
         <name>I2C_GetACK</name>
         <value>0xe9d</value>
         <object_component_ref idref="oc-189"/>
      </symbol>
      <symbol id="sm-16d">
         <name>I2C_Set_sda_high</name>
         <value>0xf11</value>
         <object_component_ref idref="oc-177"/>
      </symbol>
      <symbol id="sm-16e">
         <name>I2C_RECV_DATA</name>
         <value>0x20000204</value>
         <object_component_ref idref="oc-bb"/>
      </symbol>
      <symbol id="sm-188">
         <name>_nop</name>
         <value>0xfcb</value>
         <object_component_ref idref="oc-161"/>
      </symbol>
      <symbol id="sm-189">
         <name>_lock</name>
         <value>0x2000020c</value>
         <object_component_ref idref="oc-f7"/>
      </symbol>
      <symbol id="sm-18a">
         <name>_unlock</name>
         <value>0x20000210</value>
         <object_component_ref idref="oc-f7"/>
      </symbol>
      <symbol id="sm-18b">
         <name>_register_lock</name>
         <value>0xfc3</value>
         <object_component_ref idref="oc-161"/>
      </symbol>
      <symbol id="sm-18c">
         <name>_register_unlock</name>
         <value>0xfbd</value>
         <object_component_ref idref="oc-161"/>
      </symbol>
      <symbol id="sm-19e">
         <name>_c_int00</name>
         <value>0xb61</value>
         <object_component_ref idref="oc-24"/>
      </symbol>
      <symbol id="sm-19f">
         <name>__stack</name>
         <value>0x20000000</value>
         <object_component_ref idref="oc-29"/>
      </symbol>
      <symbol id="sm-1b6">
         <name>__TI_decompress_none</name>
         <value>0xff1</value>
         <object_component_ref idref="oc-12"/>
      </symbol>
      <symbol id="sm-1de">
         <name>__TI_decompress_rle24</name>
         <value>0x1045</value>
         <object_component_ref idref="oc-18"/>
      </symbol>
      <symbol id="sm-1f0">
         <name>__TI_zero_init</name>
         <value>0x100b</value>
         <object_component_ref idref="oc-1e"/>
      </symbol>
      <symbol id="sm-20f">
         <name>C$$EXIT</name>
         <value>0xd1d</value>
         <object_component_ref idref="oc-82"/>
      </symbol>
      <symbol id="sm-210">
         <name>abort</name>
         <value>0xd21</value>
         <object_component_ref idref="oc-82"/>
      </symbol>
      <symbol id="sm-211">
         <name>exit</name>
         <value>0xd29</value>
         <object_component_ref idref="oc-82"/>
      </symbol>
      <symbol id="sm-212">
         <name>__TI_dtors_ptr</name>
         <value>0x20000218</value>
         <object_component_ref idref="oc-fa"/>
      </symbol>
      <symbol id="sm-213">
         <name>__TI_cleanup_ptr</name>
         <value>0x20000214</value>
         <object_component_ref idref="oc-fa"/>
      </symbol>
      <symbol id="sm-22e">
         <name>memcpy</name>
         <value>0x8b5</value>
         <object_component_ref idref="oc-4b"/>
      </symbol>
      <symbol id="sm-22f">
         <name>__aeabi_memcpy</name>
         <value>0x8b5</value>
         <object_component_ref idref="oc-4b"/>
      </symbol>
      <symbol id="sm-230">
         <name>__aeabi_memcpy8</name>
         <value>0x8b5</value>
         <object_component_ref idref="oc-4b"/>
      </symbol>
      <symbol id="sm-231">
         <name>__aeabi_memcpy4</name>
         <value>0x8b5</value>
         <object_component_ref idref="oc-4b"/>
      </symbol>
      <symbol id="sm-240">
         <name>__aeabi_memset</name>
         <value>0x953</value>
         <object_component_ref idref="oc-64"/>
      </symbol>
      <symbol id="sm-241">
         <name>memset</name>
         <value>0x959</value>
         <object_component_ref idref="oc-64"/>
      </symbol>
      <symbol id="sm-242">
         <name>__aeabi_memset8</name>
         <value>0x953</value>
         <object_component_ref idref="oc-64"/>
      </symbol>
      <symbol id="sm-243">
         <name>__aeabi_memset4</name>
         <value>0x953</value>
         <object_component_ref idref="oc-64"/>
      </symbol>
      <symbol id="sm-244">
         <name>__aeabi_memclr8</name>
         <value>0x951</value>
         <object_component_ref idref="oc-64"/>
      </symbol>
      <symbol id="sm-245">
         <name>__aeabi_memclr4</name>
         <value>0x951</value>
         <object_component_ref idref="oc-64"/>
      </symbol>
      <symbol id="sm-246">
         <name>__aeabi_memclr</name>
         <value>0x951</value>
         <object_component_ref idref="oc-64"/>
      </symbol>
      <symbol id="sm-250">
         <name>_system_pre_init</name>
         <value>0x104f</value>
         <object_component_ref idref="oc-70"/>
      </symbol>
      <symbol id="sm-258">
         <name>main_func_sp</name>
         <value>0x2000021c</value>
         <object_component_ref idref="oc-88"/>
      </symbol>
      <symbol id="sm-271">
         <name>_args_main</name>
         <value>0xf7d</value>
         <object_component_ref idref="oc-7c"/>
      </symbol>
      <symbol id="sm-297">
         <name>__TI_auto_init</name>
         <value>0x9cd</value>
         <object_component_ref idref="oc-76"/>
      </symbol>
      <symbol id="sm-2b1">
         <name>copy_in</name>
         <value>0xbb1</value>
         <object_component_ref idref="oc-e7"/>
      </symbol>
      <symbol id="sm-2f7">
         <name>TimerLoadSet</name>
         <value>0xfd1</value>
         <object_component_ref idref="oc-af"/>
      </symbol>
      <symbol id="sm-2f8">
         <name>TimerEnable</name>
         <value>0xfe3</value>
         <object_component_ref idref="oc-b5"/>
      </symbol>
      <symbol id="sm-2f9">
         <name>TimerIntStatus</name>
         <value>0x1021</value>
         <object_component_ref idref="oc-90"/>
      </symbol>
      <symbol id="sm-2fa">
         <name>TimerIntEnable</name>
         <value>0x102b</value>
         <object_component_ref idref="oc-1ca"/>
      </symbol>
      <symbol id="sm-2fb">
         <name>TimerConfigure</name>
         <value>0xb05</value>
         <object_component_ref idref="oc-1c4"/>
      </symbol>
      <symbol id="sm-2fc">
         <name>TimerIntClear</name>
         <value>0x104b</value>
         <object_component_ref idref="oc-a9"/>
      </symbol>
      <symbol id="sm-374">
         <name>SysCtlDelay</name>
         <value>0x103f</value>
         <object_component_ref idref="oc-a8"/>
      </symbol>
      <symbol id="sm-375">
         <name>SysCtlPeripheralEnable</name>
         <value>0xd61</value>
         <object_component_ref idref="oc-1b6"/>
      </symbol>
      <symbol id="sm-376">
         <name>SysCtlClockFreqSet</name>
         <value>0x589</value>
         <object_component_ref idref="oc-12f"/>
      </symbol>
      <symbol id="sm-3b5">
         <name>IntPrioritySet</name>
         <value>0xe19</value>
         <object_component_ref idref="oc-147"/>
      </symbol>
      <symbol id="sm-3b6">
         <name>IntEnable</name>
         <value>0xaa5</value>
         <object_component_ref idref="oc-14d"/>
      </symbol>
      <symbol id="sm-3b7">
         <name>IntMasterEnable</name>
         <value>0x1017</value>
         <object_component_ref idref="oc-153"/>
      </symbol>
      <symbol id="sm-3e4">
         <name>GPIOPinTypeGPIOOutput</name>
         <value>0xf65</value>
         <object_component_ref idref="oc-1bc"/>
      </symbol>
      <symbol id="sm-3e5">
         <name>GPIODirModeSet</name>
         <value>0xdc5</value>
         <object_component_ref idref="oc-215"/>
      </symbol>
      <symbol id="sm-3e6">
         <name>GPIOPinWrite</name>
         <value>0x1033</value>
         <object_component_ref idref="oc-1e4"/>
      </symbol>
      <symbol id="sm-3e7">
         <name>GPIOPadConfigSet</name>
         <value>0x785</value>
         <object_component_ref idref="oc-20f"/>
      </symbol>
      <symbol id="sm-3f1">
         <name>CPUcpsie</name>
         <value>0xfff</value>
         <object_component_ref idref="oc-1da"/>
      </symbol>
      <symbol id="sm-3f2">
         <name>__TI_static_base__</name>
         <value>0x0</value>
      </symbol>
      <symbol id="sm-3f5">
         <name>SHT$$INIT_ARRAY$$Limit</name>
         <value>0x0</value>
      </symbol>
      <symbol id="sm-3f6">
         <name>SHT$$INIT_ARRAY$$Base</name>
         <value>0x0</value>
      </symbol>
   </symbol_table>
   <title>Link successful</title>
</link_info>
