<?xml version="1.0"?>
<link_info>
   <banner>TI ARM Linker PC v5.2.5</banner>
   <copyright>Copyright (c) 1996-2015 Texas Instruments Incorporated</copyright>
   <link_time>0x5fec0000</link_time>
   <link_errors>0x0</link_errors>
   <output_file>Music_Reminder.out</output_file>
   <entry_point>
      <name>_c_int00</name>
      <address>0x89545</address>
   </entry_point>
   <input_file_list>
      <input_file id="fl-2">
         <path>.\</path>
         <kind>object</kind>
         <file>main.obj</file>
         <name>main.obj</name>
      </input_file>
      <input_file id="fl-3">
         <path>.\</path>
         <kind>object</kind>
         <file>tm4c1294ncpdt_startup_ccs.obj</file>
         <name>tm4c1294ncpdt_startup_ccs.obj</name>
      </input_file>
      <input_file id="fl-4">
         <path>.\</path>
         <kind>object</kind>
         <file>uartstdio.obj</file>
         <name>uartstdio.obj</name>
      </input_file>
      <input_file id="fl-5">
         <path>.\ADC\</path>
         <kind>object</kind>
         <file>ADC.obj</file>
         <name>ADC.obj</name>
      </input_file>
      <input_file id="fl-6">
         <path>.\EPIinit\</path>
         <kind>object</kind>
         <file>EPIinit.obj</file>
         <name>EPIinit.obj</name>
      </input_file>
      <input_file id="fl-7">
         <path>.\I2C\</path>
         <kind>object</kind>
         <file>i2c.obj</file>
         <name>i2c.obj</name>
      </input_file>
      <input_file id="fl-8">
         <path>.\TFTinit\</path>
         <kind>object</kind>
         <file>TFT_400x240_OTM4001A_16bit.obj</file>
         <name>TFT_400x240_OTM4001A_16bit.obj</name>
      </input_file>
      <input_file id="fl-9">
         <path>.\TOUCHinit\</path>
         <kind>object</kind>
         <file>TOUCH_TSC2046.obj</file>
         <name>TOUCH_TSC2046.obj</name>
      </input_file>
      <input_file id="fl-a">
         <path>.\Tool\</path>
         <kind>object</kind>
         <file>KalmanFilter.obj</file>
         <name>KalmanFilter.obj</name>
      </input_file>
      <input_file id="fl-131">
         <path>C:\ti\ccsv6\tools\compiler\ti-cgt-arm_5.2.5\lib\</path>
         <kind>archive</kind>
         <file>rtsv7M4_T_le_v4SPD16_eabi.lib</file>
         <name>_lock.obj</name>
      </input_file>
      <input_file id="fl-132">
         <path>C:\ti\ccsv6\tools\compiler\ti-cgt-arm_5.2.5\lib\</path>
         <kind>archive</kind>
         <file>rtsv7M4_T_le_v4SPD16_eabi.lib</file>
         <name>boot.obj</name>
      </input_file>
      <input_file id="fl-133">
         <path>C:\ti\ccsv6\tools\compiler\ti-cgt-arm_5.2.5\lib\</path>
         <kind>archive</kind>
         <file>rtsv7M4_T_le_v4SPD16_eabi.lib</file>
         <name>copy_decompress_none.obj</name>
      </input_file>
      <input_file id="fl-134">
         <path>C:\ti\ccsv6\tools\compiler\ti-cgt-arm_5.2.5\lib\</path>
         <kind>archive</kind>
         <file>rtsv7M4_T_le_v4SPD16_eabi.lib</file>
         <name>copy_decompress_rle.obj</name>
      </input_file>
      <input_file id="fl-135">
         <path>C:\ti\ccsv6\tools\compiler\ti-cgt-arm_5.2.5\lib\</path>
         <kind>archive</kind>
         <file>rtsv7M4_T_le_v4SPD16_eabi.lib</file>
         <name>copy_zero_init.obj</name>
      </input_file>
      <input_file id="fl-136">
         <path>C:\ti\ccsv6\tools\compiler\ti-cgt-arm_5.2.5\lib\</path>
         <kind>archive</kind>
         <file>rtsv7M4_T_le_v4SPD16_eabi.lib</file>
         <name>exit.obj</name>
      </input_file>
      <input_file id="fl-137">
         <path>C:\ti\ccsv6\tools\compiler\ti-cgt-arm_5.2.5\lib\</path>
         <kind>archive</kind>
         <file>rtsv7M4_T_le_v4SPD16_eabi.lib</file>
         <name>memcpy_t2.obj</name>
      </input_file>
      <input_file id="fl-138">
         <path>C:\ti\ccsv6\tools\compiler\ti-cgt-arm_5.2.5\lib\</path>
         <kind>archive</kind>
         <file>rtsv7M4_T_le_v4SPD16_eabi.lib</file>
         <name>memset_t2.obj</name>
      </input_file>
      <input_file id="fl-139">
         <path>C:\ti\ccsv6\tools\compiler\ti-cgt-arm_5.2.5\lib\</path>
         <kind>archive</kind>
         <file>rtsv7M4_T_le_v4SPD16_eabi.lib</file>
         <name>pre_init.obj</name>
      </input_file>
      <input_file id="fl-13a">
         <path>C:\ti\ccsv6\tools\compiler\ti-cgt-arm_5.2.5\lib\</path>
         <kind>archive</kind>
         <file>rtsv7M4_T_le_v4SPD16_eabi.lib</file>
         <name>stkdepth_vars.obj</name>
      </input_file>
      <input_file id="fl-13b">
         <path>C:\ti\ccsv6\tools\compiler\ti-cgt-arm_5.2.5\lib\</path>
         <kind>archive</kind>
         <file>rtsv7M4_T_le_v4SPD16_eabi.lib</file>
         <name>u_divt2.obj</name>
      </input_file>
      <input_file id="fl-13c">
         <path>C:\ti\ccsv6\tools\compiler\ti-cgt-arm_5.2.5\lib\</path>
         <kind>archive</kind>
         <file>rtsv7M4_T_le_v4SPD16_eabi.lib</file>
         <name>args_main.obj</name>
      </input_file>
      <input_file id="fl-13d">
         <path>C:\ti\ccsv6\tools\compiler\ti-cgt-arm_5.2.5\lib\</path>
         <kind>archive</kind>
         <file>rtsv7M4_T_le_v4SPD16_eabi.lib</file>
         <name>autoinit.obj</name>
      </input_file>
      <input_file id="fl-13e">
         <path>C:\ti\ccsv6\tools\compiler\ti-cgt-arm_5.2.5\lib\</path>
         <kind>archive</kind>
         <file>rtsv7M4_T_le_v4SPD16_eabi.lib</file>
         <name>cpy_tbl.obj</name>
      </input_file>
      <input_file id="fl-13f">
         <path>C:\ti\ccsv6\tools\compiler\ti-cgt-arm_5.2.5\lib\</path>
         <kind>archive</kind>
         <file>rtsv7M4_T_le_v4SPD16_eabi.lib</file>
         <name>i_div0.obj</name>
      </input_file>
      <input_file id="fl-140">
         <path>C:\ti\TivaWare_C_Series-2.1.0.12573\driverlib\ccs\Debug\</path>
         <kind>archive</kind>
         <file>driverlib.lib</file>
         <name>uart.obj</name>
      </input_file>
      <input_file id="fl-141">
         <path>C:\ti\TivaWare_C_Series-2.1.0.12573\driverlib\ccs\Debug\</path>
         <kind>archive</kind>
         <file>driverlib.lib</file>
         <name>timer.obj</name>
      </input_file>
      <input_file id="fl-142">
         <path>C:\ti\TivaWare_C_Series-2.1.0.12573\driverlib\ccs\Debug\</path>
         <kind>archive</kind>
         <file>driverlib.lib</file>
         <name>systick.obj</name>
      </input_file>
      <input_file id="fl-143">
         <path>C:\ti\TivaWare_C_Series-2.1.0.12573\driverlib\ccs\Debug\</path>
         <kind>archive</kind>
         <file>driverlib.lib</file>
         <name>sysctl.obj</name>
      </input_file>
      <input_file id="fl-144">
         <path>C:\ti\TivaWare_C_Series-2.1.0.12573\driverlib\ccs\Debug\</path>
         <kind>archive</kind>
         <file>driverlib.lib</file>
         <name>ssi.obj</name>
      </input_file>
      <input_file id="fl-145">
         <path>C:\ti\TivaWare_C_Series-2.1.0.12573\driverlib\ccs\Debug\</path>
         <kind>archive</kind>
         <file>driverlib.lib</file>
         <name>interrupt.obj</name>
      </input_file>
      <input_file id="fl-146">
         <path>C:\ti\TivaWare_C_Series-2.1.0.12573\driverlib\ccs\Debug\</path>
         <kind>archive</kind>
         <file>driverlib.lib</file>
         <name>gpio.obj</name>
      </input_file>
      <input_file id="fl-147">
         <path>C:\ti\TivaWare_C_Series-2.1.0.12573\driverlib\ccs\Debug\</path>
         <kind>archive</kind>
         <file>driverlib.lib</file>
         <name>fpu.obj</name>
      </input_file>
      <input_file id="fl-148">
         <path>C:\ti\TivaWare_C_Series-2.1.0.12573\driverlib\ccs\Debug\</path>
         <kind>archive</kind>
         <file>driverlib.lib</file>
         <name>epi.obj</name>
      </input_file>
      <input_file id="fl-149">
         <path>C:\ti\TivaWare_C_Series-2.1.0.12573\driverlib\ccs\Debug\</path>
         <kind>archive</kind>
         <file>driverlib.lib</file>
         <name>cpu.obj</name>
      </input_file>
      <input_file id="fl-14a">
         <path>C:\ti\TivaWare_C_Series-2.1.0.12573\driverlib\ccs\Debug\</path>
         <kind>archive</kind>
         <file>driverlib.lib</file>
         <name>adc.obj</name>
      </input_file>
   </input_file_list>
   <object_component_list>
      <object_component id="oc-f">
         <name>.intvecs</name>
         <load_address>0x0</load_address>
         <run_address>0x0</run_address>
         <size>0x208</size>
         <input_file_ref idref="fl-3"/>
      </object_component>
      <object_component id="oc-f4">
         <name>.text</name>
         <load_address>0x85958</load_address>
         <run_address>0x85958</run_address>
         <size>0x17ec</size>
         <input_file_ref idref="fl-8"/>
      </object_component>
      <object_component id="oc-30">
         <name>.text</name>
         <load_address>0x87144</load_address>
         <run_address>0x87144</run_address>
         <size>0x1098</size>
         <input_file_ref idref="fl-2"/>
      </object_component>
      <object_component id="oc-9a">
         <name>.text</name>
         <load_address>0x881dc</load_address>
         <run_address>0x881dc</run_address>
         <size>0x49c</size>
         <input_file_ref idref="fl-4"/>
      </object_component>
      <object_component id="oc-36">
         <name>.text</name>
         <load_address>0x88678</load_address>
         <run_address>0x88678</run_address>
         <size>0x3e0</size>
         <input_file_ref idref="fl-9"/>
      </object_component>
      <object_component id="oc-df">
         <name>.text</name>
         <load_address>0x88a58</load_address>
         <run_address>0x88a58</run_address>
         <size>0x378</size>
         <input_file_ref idref="fl-7"/>
      </object_component>
      <object_component id="oc-114">
         <name>.text:SysCtlClockFreqSet</name>
         <load_address>0x88dd0</load_address>
         <run_address>0x88dd0</run_address>
         <size>0x1fc</size>
         <input_file_ref idref="fl-143"/>
      </object_component>
      <object_component id="oc-120">
         <name>.text</name>
         <load_address>0x88fcc</load_address>
         <run_address>0x88fcc</run_address>
         <size>0x144</size>
         <input_file_ref idref="fl-6"/>
      </object_component>
      <object_component id="oc-1c5">
         <name>.text:GPIOPadConfigSet</name>
         <load_address>0x89110</load_address>
         <run_address>0x89110</run_address>
         <size>0x130</size>
         <input_file_ref idref="fl-146"/>
      </object_component>
      <object_component id="oc-3f">
         <name>.text</name>
         <load_address>0x89240</load_address>
         <run_address>0x89240</run_address>
         <size>0x9c</size>
         <input_file_ref idref="fl-137"/>
      </object_component>
      <object_component id="oc-58">
         <name>.text</name>
         <load_address>0x892dc</load_address>
         <run_address>0x892dc</run_address>
         <size>0x7a</size>
         <input_file_ref idref="fl-138"/>
      </object_component>
      <object_component id="oc-2c3">
         <name>.text</name>
         <load_address>0x89356</load_address>
         <run_address>0x89356</run_address>
         <size>0x2</size>
         <input_file_ref idref="fl-13f"/>
      </object_component>
      <object_component id="oc-6a">
         <name>.text</name>
         <load_address>0x89358</load_address>
         <run_address>0x89358</run_address>
         <size>0x6c</size>
         <input_file_ref idref="fl-13d"/>
      </object_component>
      <object_component id="oc-4b">
         <name>.text</name>
         <load_address>0x893c4</load_address>
         <run_address>0x893c4</run_address>
         <size>0x6a</size>
         <input_file_ref idref="fl-134"/>
      </object_component>
      <object_component id="oc-144">
         <name>.text:IntEnable</name>
         <load_address>0x89430</load_address>
         <run_address>0x89430</run_address>
         <size>0x60</size>
         <input_file_ref idref="fl-145"/>
      </object_component>
      <object_component id="oc-be">
         <name>.text:TimerConfigure</name>
         <load_address>0x89490</load_address>
         <run_address>0x89490</run_address>
         <size>0x5c</size>
         <input_file_ref idref="fl-141"/>
      </object_component>
      <object_component id="oc-12c">
         <name>.text:GPIOIntTypeSet</name>
         <load_address>0x894ec</load_address>
         <run_address>0x894ec</run_address>
         <size>0x56</size>
         <input_file_ref idref="fl-146"/>
      </object_component>
      <object_component id="oc-24">
         <name>.text</name>
         <load_address>0x89544</load_address>
         <run_address>0x89544</run_address>
         <size>0x50</size>
         <input_file_ref idref="fl-132"/>
      </object_component>
      <object_component id="oc-19d">
         <name>.text</name>
         <load_address>0x89594</load_address>
         <run_address>0x89594</run_address>
         <size>0x4c</size>
         <input_file_ref idref="fl-13e"/>
      </object_component>
      <object_component id="oc-8e">
         <name>.text:GPIOPinConfigure</name>
         <load_address>0x895e0</load_address>
         <run_address>0x895e0</run_address>
         <size>0x48</size>
         <input_file_ref idref="fl-146"/>
      </object_component>
      <object_component id="oc-24a">
         <name>.text:_SysCtlFrequencyGet</name>
         <load_address>0x89628</load_address>
         <run_address>0x89628</run_address>
         <size>0x48</size>
         <input_file_ref idref="fl-143"/>
      </object_component>
      <object_component id="oc-76">
         <name>.text</name>
         <load_address>0x89670</load_address>
         <run_address>0x89670</run_address>
         <size>0x44</size>
         <input_file_ref idref="fl-136"/>
      </object_component>
      <object_component id="oc-16d">
         <name>.text:SSIConfigSetExpClk</name>
         <load_address>0x896b4</load_address>
         <run_address>0x896b4</run_address>
         <size>0x42</size>
         <input_file_ref idref="fl-144"/>
      </object_component>
      <object_component id="oc-a0">
         <name>.text:UARTConfigSetExpClk</name>
         <load_address>0x896f6</load_address>
         <run_address>0x896f6</run_address>
         <size>0x40</size>
         <input_file_ref idref="fl-140"/>
      </object_component>
      <object_component id="oc-1de">
         <name>.text</name>
         <load_address>0x89736</load_address>
         <run_address>0x89736</run_address>
         <size>0x40</size>
         <input_file_ref idref="fl-13b"/>
      </object_component>
      <object_component id="oc-88">
         <name>.text:SysCtlPeripheralEnable</name>
         <load_address>0x89778</load_address>
         <run_address>0x89778</run_address>
         <size>0x34</size>
         <input_file_ref idref="fl-143"/>
      </object_component>
      <object_component id="oc-1cc">
         <name>.text:SysCtlPeripheralPresent</name>
         <load_address>0x897ac</load_address>
         <run_address>0x897ac</run_address>
         <size>0x34</size>
         <input_file_ref idref="fl-143"/>
      </object_component>
      <object_component id="oc-1bf">
         <name>.text:GPIODirModeSet</name>
         <load_address>0x897e0</load_address>
         <run_address>0x897e0</run_address>
         <size>0x2a</size>
         <input_file_ref idref="fl-146"/>
      </object_component>
      <object_component id="oc-13e">
         <name>.text:IntPrioritySet</name>
         <load_address>0x8980c</load_address>
         <run_address>0x8980c</run_address>
         <size>0x24</size>
         <input_file_ref idref="fl-145"/>
      </object_component>
      <object_component id="oc-268">
         <name>.text:EPIConfigHB16Set</name>
         <load_address>0x89830</load_address>
         <run_address>0x89830</run_address>
         <size>0x22</size>
         <input_file_ref idref="fl-148"/>
      </object_component>
      <object_component id="oc-a6">
         <name>.text:SysCtlGPIOAHBEnable</name>
         <load_address>0x89854</load_address>
         <run_address>0x89854</run_address>
         <size>0x1c</size>
         <input_file_ref idref="fl-143"/>
      </object_component>
      <object_component id="oc-1ea">
         <name>.text:UARTDisable</name>
         <load_address>0x89870</load_address>
         <run_address>0x89870</run_address>
         <size>0x1c</size>
         <input_file_ref idref="fl-140"/>
      </object_component>
      <object_component id="oc-244">
         <name>.text:_SysCtlMemTimingGet</name>
         <load_address>0x8988c</load_address>
         <run_address>0x8988c</run_address>
         <size>0x1c</size>
         <input_file_ref idref="fl-143"/>
      </object_component>
      <object_component id="oc-ac">
         <name>.text:GPIOPinTypeGPIOOutput</name>
         <load_address>0x898a8</load_address>
         <run_address>0x898a8</run_address>
         <size>0x18</size>
         <input_file_ref idref="fl-146"/>
      </object_component>
      <object_component id="oc-70">
         <name>.text</name>
         <load_address>0x898c0</load_address>
         <run_address>0x898c0</run_address>
         <size>0x18</size>
         <input_file_ref idref="fl-13c"/>
      </object_component>
      <object_component id="oc-150">
         <name>.text:SysTickIntEnable</name>
         <load_address>0x898d8</load_address>
         <run_address>0x898d8</run_address>
         <size>0x14</size>
         <input_file_ref idref="fl-142"/>
      </object_component>
      <object_component id="oc-d3">
         <name>.text:TimerDisable</name>
         <load_address>0x898ec</load_address>
         <run_address>0x898ec</run_address>
         <size>0x14</size>
         <input_file_ref idref="fl-141"/>
      </object_component>
      <object_component id="oc-1d2">
         <name>.text:UARTEnable</name>
         <load_address>0x89900</load_address>
         <run_address>0x89900</run_address>
         <size>0x14</size>
         <input_file_ref idref="fl-140"/>
      </object_component>
      <object_component id="oc-208">
         <name>.text</name>
         <load_address>0x89914</load_address>
         <run_address>0x89914</run_address>
         <size>0x14</size>
         <input_file_ref idref="fl-131"/>
      </object_component>
      <object_component id="oc-25c">
         <name>.text:GPIOPinTypeEPI</name>
         <load_address>0x89928</load_address>
         <run_address>0x89928</run_address>
         <size>0x12</size>
         <input_file_ref idref="fl-146"/>
      </object_component>
      <object_component id="oc-b2">
         <name>.text:GPIOPinTypeGPIOInput</name>
         <load_address>0x8993a</load_address>
         <run_address>0x8993a</run_address>
         <size>0x12</size>
         <input_file_ref idref="fl-146"/>
      </object_component>
      <object_component id="oc-167">
         <name>.text:GPIOPinTypeSSI</name>
         <load_address>0x8994c</load_address>
         <run_address>0x8994c</run_address>
         <size>0x12</size>
         <input_file_ref idref="fl-146"/>
      </object_component>
      <object_component id="oc-94">
         <name>.text:GPIOPinTypeUART</name>
         <load_address>0x8995e</load_address>
         <run_address>0x8995e</run_address>
         <size>0x12</size>
         <input_file_ref idref="fl-146"/>
      </object_component>
      <object_component id="oc-179">
         <name>.text:SSIDataGetNonBlocking</name>
         <load_address>0x89970</load_address>
         <run_address>0x89970</run_address>
         <size>0x12</size>
         <input_file_ref idref="fl-144"/>
      </object_component>
      <object_component id="oc-c4">
         <name>.text:TimerLoadSet</name>
         <load_address>0x89982</load_address>
         <run_address>0x89982</run_address>
         <size>0x12</size>
         <input_file_ref idref="fl-141"/>
      </object_component>
      <object_component id="oc-108">
         <name>.text:FPUEnable</name>
         <load_address>0x89994</load_address>
         <run_address>0x89994</run_address>
         <size>0x10</size>
         <input_file_ref idref="fl-147"/>
      </object_component>
      <object_component id="oc-10e">
         <name>.text:FPULazyStackingEnable</name>
         <load_address>0x899a4</load_address>
         <run_address>0x899a4</run_address>
         <size>0x10</size>
         <input_file_ref idref="fl-147"/>
      </object_component>
      <object_component id="oc-11a">
         <name>.text:SysTickPeriodSet</name>
         <load_address>0x899b4</load_address>
         <run_address>0x899b4</run_address>
         <size>0x10</size>
         <input_file_ref idref="fl-142"/>
      </object_component>
      <object_component id="oc-ee">
         <name>.text:TimerEnable</name>
         <load_address>0x899c4</load_address>
         <run_address>0x899c4</run_address>
         <size>0xe</size>
         <input_file_ref idref="fl-141"/>
      </object_component>
      <object_component id="oc-12">
         <name>.text:decompress:none</name>
         <load_address>0x899d2</load_address>
         <run_address>0x899d2</run_address>
         <size>0xe</size>
         <input_file_ref idref="fl-133"/>
      </object_component>
      <object_component id="oc-283">
         <name>.text:CPUcpsie</name>
         <load_address>0x899e0</load_address>
         <run_address>0x899e0</run_address>
         <size>0xc</size>
         <input_file_ref idref="fl-149"/>
      </object_component>
      <object_component id="oc-126">
         <name>.text:GPIOIntEnable</name>
         <load_address>0x899ec</load_address>
         <run_address>0x899ec</run_address>
         <size>0xc</size>
         <input_file_ref idref="fl-146"/>
      </object_component>
      <object_component id="oc-156">
         <name>.text:SSIDataGet</name>
         <load_address>0x899f8</load_address>
         <run_address>0x899f8</run_address>
         <size>0xc</size>
         <input_file_ref idref="fl-144"/>
      </object_component>
      <object_component id="oc-1e">
         <name>.text:decompress:ZI</name>
         <load_address>0x89a04</load_address>
         <run_address>0x89a04</run_address>
         <size>0xc</size>
         <input_file_ref idref="fl-135"/>
      </object_component>
      <object_component id="oc-2a">
         <name>.text</name>
         <load_address>0x89a10</load_address>
         <run_address>0x89a10</run_address>
         <size>0xc</size>
         <input_file_ref idref="fl-3"/>
      </object_component>
      <object_component id="oc-14a">
         <name>.text:IntMasterEnable</name>
         <load_address>0x89a1c</load_address>
         <run_address>0x89a1c</run_address>
         <size>0xa</size>
         <input_file_ref idref="fl-145"/>
      </object_component>
      <object_component id="oc-132">
         <name>.text:SSIDataPut</name>
         <load_address>0x89a26</load_address>
         <run_address>0x89a26</run_address>
         <size>0xa</size>
         <input_file_ref idref="fl-144"/>
      </object_component>
      <object_component id="oc-173">
         <name>.text:SSIEnable</name>
         <load_address>0x89a30</load_address>
         <run_address>0x89a30</run_address>
         <size>0xa</size>
         <input_file_ref idref="fl-144"/>
      </object_component>
      <object_component id="oc-d9">
         <name>.text:TimerIntStatus</name>
         <load_address>0x89a3a</load_address>
         <run_address>0x89a3a</run_address>
         <size>0xa</size>
         <input_file_ref idref="fl-141"/>
      </object_component>
      <object_component id="oc-138">
         <name>.text:UARTCharGet</name>
         <load_address>0x89a44</load_address>
         <run_address>0x89a44</run_address>
         <size>0xa</size>
         <input_file_ref idref="fl-140"/>
      </object_component>
      <object_component id="oc-100">
         <name>.text:UARTCharPut</name>
         <load_address>0x89a4e</load_address>
         <run_address>0x89a4e</run_address>
         <size>0xa</size>
         <input_file_ref idref="fl-140"/>
      </object_component>
      <object_component id="oc-ca">
         <name>.text:TimerIntEnable</name>
         <load_address>0x89a58</load_address>
         <run_address>0x89a58</run_address>
         <size>0x8</size>
         <input_file_ref idref="fl-141"/>
      </object_component>
      <object_component id="oc-fa">
         <name>.text:GPIOPinRead</name>
         <load_address>0x89a60</load_address>
         <run_address>0x89a60</run_address>
         <size>0x6</size>
         <input_file_ref idref="fl-146"/>
      </object_component>
      <object_component id="oc-81">
         <name>.text:GPIOPinWrite</name>
         <load_address>0x89a66</load_address>
         <run_address>0x89a66</run_address>
         <size>0x6</size>
         <input_file_ref idref="fl-146"/>
      </object_component>
      <object_component id="oc-87">
         <name>.text:SysCtlDelay</name>
         <load_address>0x89a6c</load_address>
         <run_address>0x89a6c</run_address>
         <size>0x6</size>
         <input_file_ref idref="fl-143"/>
      </object_component>
      <object_component id="oc-b8">
         <name>.text:TimerClockSourceSet</name>
         <load_address>0x89a72</load_address>
         <run_address>0x89a72</run_address>
         <size>0x6</size>
         <input_file_ref idref="fl-141"/>
      </object_component>
      <object_component id="oc-18">
         <name>.text:decompress:rle24</name>
         <load_address>0x89a78</load_address>
         <run_address>0x89a78</run_address>
         <size>0x6</size>
         <input_file_ref idref="fl-134"/>
      </object_component>
      <object_component id="oc-26e">
         <name>.text:EPIAddressMapSet</name>
         <load_address>0x89a7e</load_address>
         <run_address>0x89a7e</run_address>
         <size>0x4</size>
         <input_file_ref idref="fl-148"/>
      </object_component>
      <object_component id="oc-262">
         <name>.text:EPIModeSet</name>
         <load_address>0x89a82</load_address>
         <run_address>0x89a82</run_address>
         <size>0x4</size>
         <input_file_ref idref="fl-148"/>
      </object_component>
      <object_component id="oc-e8">
         <name>.text:TimerIntClear</name>
         <load_address>0x89a86</load_address>
         <run_address>0x89a86</run_address>
         <size>0x4</size>
         <input_file_ref idref="fl-141"/>
      </object_component>
      <object_component id="oc-64">
         <name>.text</name>
         <load_address>0x89a8a</load_address>
         <run_address>0x89a8a</run_address>
         <size>0x4</size>
         <input_file_ref idref="fl-139"/>
      </object_component>
      <object_component id="oc-21d">
         <name>.const:.string:gImage_1</name>
         <load_address>0x208</load_address>
         <run_address>0x208</run_address>
         <size>0x2ee08</size>
         <input_file_ref idref="fl-8"/>
      </object_component>
      <object_component id="oc-220">
         <name>.const:.string:shouye</name>
         <load_address>0x2f010</load_address>
         <run_address>0x2f010</run_address>
         <size>0x2ee08</size>
         <input_file_ref idref="fl-8"/>
      </object_component>
      <object_component id="oc-223">
         <name>.const:.string:ka1</name>
         <load_address>0x5de18</load_address>
         <run_address>0x5de18</run_address>
         <size>0x4e28</size>
         <input_file_ref idref="fl-8"/>
      </object_component>
      <object_component id="oc-22f">
         <name>.const:.string:jay1</name>
         <load_address>0x62c40</load_address>
         <run_address>0x62c40</run_address>
         <size>0x4e20</size>
         <input_file_ref idref="fl-8"/>
      </object_component>
      <object_component id="oc-232">
         <name>.const:.string:jay2</name>
         <load_address>0x67a60</load_address>
         <run_address>0x67a60</run_address>
         <size>0x4e20</size>
         <input_file_ref idref="fl-8"/>
      </object_component>
      <object_component id="oc-235">
         <name>.const:.string:jay3</name>
         <load_address>0x6c880</load_address>
         <run_address>0x6c880</run_address>
         <size>0x4e20</size>
         <input_file_ref idref="fl-8"/>
      </object_component>
      <object_component id="oc-238">
         <name>.const:.string:jay4</name>
         <load_address>0x716a0</load_address>
         <run_address>0x716a0</run_address>
         <size>0x4e20</size>
         <input_file_ref idref="fl-8"/>
      </object_component>
      <object_component id="oc-226">
         <name>.const:.string:ka2</name>
         <load_address>0x764c0</load_address>
         <run_address>0x764c0</run_address>
         <size>0x4e20</size>
         <input_file_ref idref="fl-8"/>
      </object_component>
      <object_component id="oc-229">
         <name>.const:.string:ka3</name>
         <load_address>0x7b2e0</load_address>
         <run_address>0x7b2e0</run_address>
         <size>0x4e20</size>
         <input_file_ref idref="fl-8"/>
      </object_component>
      <object_component id="oc-22c">
         <name>.const:.string:ka4</name>
         <load_address>0x80100</load_address>
         <run_address>0x80100</run_address>
         <size>0x4e20</size>
         <input_file_ref idref="fl-8"/>
      </object_component>
      <object_component id="oc-21a">
         <name>.const:asc2_1608</name>
         <load_address>0x84f20</load_address>
         <run_address>0x84f20</run_address>
         <size>0x600</size>
         <input_file_ref idref="fl-8"/>
      </object_component>
      <object_component id="oc-253">
         <name>.const:g_pppui32XTALtoVCO</name>
         <load_address>0x85520</load_address>
         <run_address>0x85520</run_address>
         <size>0x120</size>
         <input_file_ref idref="fl-143"/>
      </object_component>
      <object_component id="oc-23b">
         <name>.const:chinese</name>
         <load_address>0x85640</load_address>
         <run_address>0x85640</run_address>
         <size>0xa0</size>
         <input_file_ref idref="fl-8"/>
      </object_component>
      <object_component id="oc-27a">
         <name>.const:g_pui32Regs</name>
         <load_address>0x856e0</load_address>
         <run_address>0x856e0</run_address>
         <size>0x9c</size>
         <input_file_ref idref="fl-145"/>
      </object_component>
      <object_component id="oc-1bb">
         <name>.const:g_pui32GPIOBaseAddrs</name>
         <load_address>0x8577c</load_address>
         <run_address>0x8577c</run_address>
         <size>0x90</size>
         <input_file_ref idref="fl-146"/>
      </object_component>
      <object_component id="oc-27f">
         <name>.const</name>
         <load_address>0x8580c</load_address>
         <run_address>0x8580c</run_address>
         <size>0x70</size>
         <input_file_ref idref="fl-145"/>
      </object_component>
      <object_component id="oc-250">
         <name>.const:g_pui32Xtals</name>
         <load_address>0x8587c</load_address>
         <run_address>0x8587c</run_address>
         <size>0x6c</size>
         <input_file_ref idref="fl-143"/>
      </object_component>
      <object_component id="oc-2f7">
         <name>.const:g_sXTALtoMEMTIM</name>
         <load_address>0x858e8</load_address>
         <run_address>0x858e8</run_address>
         <size>0x30</size>
         <input_file_ref idref="fl-143"/>
      </object_component>
      <object_component id="oc-1d8">
         <name>.const</name>
         <load_address>0x85918</load_address>
         <run_address>0x85918</run_address>
         <size>0x1c</size>
         <input_file_ref idref="fl-4"/>
      </object_component>
      <object_component id="oc-2be">
         <name>.const:.string</name>
         <load_address>0x85934</load_address>
         <run_address>0x85934</run_address>
         <size>0x12</size>
         <input_file_ref idref="fl-4"/>
      </object_component>
      <object_component id="oc-20e">
         <name>.const:.string</name>
         <load_address>0x85946</load_address>
         <run_address>0x85946</run_address>
         <size>0x8</size>
         <input_file_ref idref="fl-7"/>
      </object_component>
      <object_component id="oc-256">
         <name>.const</name>
         <load_address>0x85950</load_address>
         <run_address>0x85950</run_address>
         <size>0x8</size>
         <input_file_ref idref="fl-143"/>
      </object_component>
      <object_component id="oc-343">
         <name>.cinit..data.load</name>
         <load_address>0x89a90</load_address>
         <run_address>0x89a90</run_address>
         <size>0x22</size>
      </object_component>
      <object_component id="oc-341">
         <name>__TI_handler_table</name>
         <load_address>0x89ab4</load_address>
         <run_address>0x89ab4</run_address>
         <size>0xc</size>
      </object_component>
      <object_component id="oc-344">
         <name>.cinit..bss.load</name>
         <load_address>0x89ac0</load_address>
         <run_address>0x89ac0</run_address>
         <size>0x8</size>
      </object_component>
      <object_component id="oc-342">
         <name>__TI_cinit_table</name>
         <load_address>0x89ac8</load_address>
         <run_address>0x89ac8</run_address>
         <size>0x10</size>
      </object_component>
      <object_component id="oc-29">
         <name>.stack</name>
         <uninitialized>true</uninitialized>
         <run_address>0x20000000</run_address>
         <size>0x0</size>
         <input_file_ref idref="fl-132"/>
      </object_component>
      <object_component id="oc-345">
         <name>.stack</name>
         <uninitialized>true</uninitialized>
         <run_address>0x20000000</run_address>
         <size>0x0</size>
      </object_component>
      <object_component id="oc-d0">
         <name>.common:g_ui32SysClock</name>
         <uninitialized>true</uninitialized>
         <run_address>0x20000268</run_address>
         <size>0x4</size>
      </object_component>
      <object_component id="oc-106">
         <name>.common:TouchXData</name>
         <uninitialized>true</uninitialized>
         <run_address>0x20000238</run_address>
         <size>0x18</size>
      </object_component>
      <object_component id="oc-107">
         <name>.common:TouchYData</name>
         <uninitialized>true</uninitialized>
         <run_address>0x20000250</run_address>
         <size>0x18</size>
      </object_component>
      <object_component id="oc-e5">
         <name>.data</name>
         <load_address>0x20000200</load_address>
         <run_address>0x20000200</run_address>
         <size>0x14</size>
         <input_file_ref idref="fl-2"/>
      </object_component>
      <object_component id="oc-1db">
         <name>.data</name>
         <load_address>0x2000022c</load_address>
         <run_address>0x2000022c</run_address>
         <size>0x5</size>
         <input_file_ref idref="fl-4"/>
      </object_component>
      <object_component id="oc-217">
         <name>.data</name>
         <load_address>0x20000214</load_address>
         <run_address>0x20000214</run_address>
         <size>0x8</size>
         <input_file_ref idref="fl-8"/>
      </object_component>
      <object_component id="oc-1a7">
         <name>.data</name>
         <load_address>0x2000021c</load_address>
         <run_address>0x2000021c</run_address>
         <size>0x8</size>
         <input_file_ref idref="fl-131"/>
      </object_component>
      <object_component id="oc-1aa">
         <name>.data</name>
         <load_address>0x20000224</load_address>
         <run_address>0x20000224</run_address>
         <size>0x8</size>
         <input_file_ref idref="fl-136"/>
      </object_component>
      <object_component id="oc-7c">
         <name>.data</name>
         <load_address>0x20000234</load_address>
         <run_address>0x20000234</run_address>
         <size>0x4</size>
         <input_file_ref idref="fl-13a"/>
      </object_component>
      <object_component id="oc-d1">
         <name>.debug_info</name>
         <load_address>0x0</load_address>
         <run_address>0x0</run_address>
         <size>0xe8d</size>
         <input_file_ref idref="fl-2"/>
      </object_component>
      <object_component id="oc-e6">
         <name>.debug_info</name>
         <load_address>0xe8d</load_address>
         <run_address>0xe8d</run_address>
         <size>0x167</size>
         <input_file_ref idref="fl-2"/>
      </object_component>
      <object_component id="oc-32">
         <name>.debug_info</name>
         <load_address>0xff4</load_address>
         <run_address>0xff4</run_address>
         <size>0x270f</size>
         <input_file_ref idref="fl-2"/>
      </object_component>
      <object_component id="oc-1fc">
         <name>.debug_info</name>
         <load_address>0x3703</load_address>
         <run_address>0x3703</run_address>
         <size>0x6bd</size>
         <input_file_ref idref="fl-2"/>
      </object_component>
      <object_component id="oc-15d">
         <name>.debug_info</name>
         <load_address>0x3dc0</load_address>
         <run_address>0x3dc0</run_address>
         <size>0x8b</size>
         <input_file_ref idref="fl-2"/>
      </object_component>
      <object_component id="oc-162">
         <name>.debug_info</name>
         <load_address>0x3e4b</load_address>
         <run_address>0x3e4b</run_address>
         <size>0x18b</size>
         <input_file_ref idref="fl-2"/>
      </object_component>
      <object_component id="oc-194">
         <name>.debug_info</name>
         <load_address>0x3fd6</load_address>
         <run_address>0x3fd6</run_address>
         <size>0x2c</size>
         <input_file_ref idref="fl-2"/>
      </object_component>
      <object_component id="oc-1e5">
         <name>.debug_info</name>
         <load_address>0x4002</load_address>
         <run_address>0x4002</run_address>
         <size>0x4e</size>
         <input_file_ref idref="fl-2"/>
      </object_component>
      <object_component id="oc-3e">
         <name>.debug_info</name>
         <load_address>0x4050</load_address>
         <run_address>0x4050</run_address>
         <size>0x19e</size>
         <input_file_ref idref="fl-3"/>
      </object_component>
      <object_component id="oc-10">
         <name>.debug_info</name>
         <load_address>0x41ee</load_address>
         <run_address>0x41ee</run_address>
         <size>0xed</size>
         <input_file_ref idref="fl-3"/>
      </object_component>
      <object_component id="oc-2c">
         <name>.debug_info</name>
         <load_address>0x42db</load_address>
         <run_address>0x42db</run_address>
         <size>0x26c</size>
         <input_file_ref idref="fl-3"/>
      </object_component>
      <object_component id="oc-184">
         <name>.debug_info</name>
         <load_address>0x4547</load_address>
         <run_address>0x4547</run_address>
         <size>0x84</size>
         <input_file_ref idref="fl-3"/>
      </object_component>
      <object_component id="oc-1e4">
         <name>.debug_info</name>
         <load_address>0x45cb</load_address>
         <run_address>0x45cb</run_address>
         <size>0x262</size>
         <input_file_ref idref="fl-4"/>
      </object_component>
      <object_component id="oc-1dc">
         <name>.debug_info</name>
         <load_address>0x482d</load_address>
         <run_address>0x482d</run_address>
         <size>0xff</size>
         <input_file_ref idref="fl-4"/>
      </object_component>
      <object_component id="oc-1d9">
         <name>.debug_info</name>
         <load_address>0x492c</load_address>
         <run_address>0x492c</run_address>
         <size>0x155</size>
         <input_file_ref idref="fl-4"/>
      </object_component>
      <object_component id="oc-9c">
         <name>.debug_info</name>
         <load_address>0x4a81</load_address>
         <run_address>0x4a81</run_address>
         <size>0x97c</size>
         <input_file_ref idref="fl-4"/>
      </object_component>
      <object_component id="oc-124">
         <name>.debug_info</name>
         <load_address>0x53fd</load_address>
         <run_address>0x53fd</run_address>
         <size>0x28f</size>
         <input_file_ref idref="fl-6"/>
      </object_component>
      <object_component id="oc-212">
         <name>.debug_info</name>
         <load_address>0x568c</load_address>
         <run_address>0x568c</run_address>
         <size>0x1b7</size>
         <input_file_ref idref="fl-7"/>
      </object_component>
      <object_component id="oc-20f">
         <name>.debug_info</name>
         <load_address>0x5843</load_address>
         <run_address>0x5843</run_address>
         <size>0x12a</size>
         <input_file_ref idref="fl-7"/>
      </object_component>
      <object_component id="oc-e0">
         <name>.debug_info</name>
         <load_address>0x596d</load_address>
         <run_address>0x596d</run_address>
         <size>0xbd7</size>
         <input_file_ref idref="fl-7"/>
      </object_component>
      <object_component id="oc-23f">
         <name>.debug_info</name>
         <load_address>0x6544</load_address>
         <run_address>0x6544</run_address>
         <size>0x4c5</size>
         <input_file_ref idref="fl-8"/>
      </object_component>
      <object_component id="oc-21b">
         <name>.debug_info</name>
         <load_address>0x6a09</load_address>
         <run_address>0x6a09</run_address>
         <size>0xf0</size>
         <input_file_ref idref="fl-8"/>
      </object_component>
      <object_component id="oc-23c">
         <name>.debug_info</name>
         <load_address>0x6af9</load_address>
         <run_address>0x6af9</run_address>
         <size>0xec</size>
         <input_file_ref idref="fl-8"/>
      </object_component>
      <object_component id="oc-221">
         <name>.debug_info</name>
         <load_address>0x6be5</load_address>
         <run_address>0x6be5</run_address>
         <size>0xea</size>
         <input_file_ref idref="fl-8"/>
      </object_component>
      <object_component id="oc-21e">
         <name>.debug_info</name>
         <load_address>0x6ccf</load_address>
         <run_address>0x6ccf</run_address>
         <size>0xef</size>
         <input_file_ref idref="fl-8"/>
      </object_component>
      <object_component id="oc-230">
         <name>.debug_info</name>
         <load_address>0x6dbe</load_address>
         <run_address>0x6dbe</run_address>
         <size>0xe7</size>
         <input_file_ref idref="fl-8"/>
      </object_component>
      <object_component id="oc-233">
         <name>.debug_info</name>
         <load_address>0x6ea5</load_address>
         <run_address>0x6ea5</run_address>
         <size>0xe7</size>
         <input_file_ref idref="fl-8"/>
      </object_component>
      <object_component id="oc-236">
         <name>.debug_info</name>
         <load_address>0x6f8c</load_address>
         <run_address>0x6f8c</run_address>
         <size>0xe7</size>
         <input_file_ref idref="fl-8"/>
      </object_component>
      <object_component id="oc-239">
         <name>.debug_info</name>
         <load_address>0x7073</load_address>
         <run_address>0x7073</run_address>
         <size>0xe7</size>
         <input_file_ref idref="fl-8"/>
      </object_component>
      <object_component id="oc-224">
         <name>.debug_info</name>
         <load_address>0x715a</load_address>
         <run_address>0x715a</run_address>
         <size>0xe5</size>
         <input_file_ref idref="fl-8"/>
      </object_component>
      <object_component id="oc-227">
         <name>.debug_info</name>
         <load_address>0x723f</load_address>
         <run_address>0x723f</run_address>
         <size>0xe5</size>
         <input_file_ref idref="fl-8"/>
      </object_component>
      <object_component id="oc-22a">
         <name>.debug_info</name>
         <load_address>0x7324</load_address>
         <run_address>0x7324</run_address>
         <size>0xe5</size>
         <input_file_ref idref="fl-8"/>
      </object_component>
      <object_component id="oc-22d">
         <name>.debug_info</name>
         <load_address>0x7409</load_address>
         <run_address>0x7409</run_address>
         <size>0xe5</size>
         <input_file_ref idref="fl-8"/>
      </object_component>
      <object_component id="oc-218">
         <name>.debug_info</name>
         <load_address>0x74ee</load_address>
         <run_address>0x74ee</run_address>
         <size>0x119</size>
         <input_file_ref idref="fl-8"/>
      </object_component>
      <object_component id="oc-f5">
         <name>.debug_info</name>
         <load_address>0x7607</load_address>
         <run_address>0x7607</run_address>
         <size>0x2a45</size>
         <input_file_ref idref="fl-8"/>
      </object_component>
      <object_component id="oc-2d8">
         <name>.debug_info</name>
         <load_address>0xa04c</load_address>
         <run_address>0xa04c</run_address>
         <size>0x47</size>
         <input_file_ref idref="fl-8"/>
      </object_component>
      <object_component id="oc-180">
         <name>.debug_info</name>
         <load_address>0xa093</load_address>
         <run_address>0xa093</run_address>
         <size>0x345</size>
         <input_file_ref idref="fl-9"/>
      </object_component>
      <object_component id="oc-3a">
         <name>.debug_info</name>
         <load_address>0xa3d8</load_address>
         <run_address>0xa3d8</run_address>
         <size>0xb07</size>
         <input_file_ref idref="fl-9"/>
      </object_component>
      <object_component id="oc-2a9">
         <name>.debug_info</name>
         <load_address>0xaedf</load_address>
         <run_address>0xaedf</run_address>
         <size>0x105</size>
         <input_file_ref idref="fl-131"/>
      </object_component>
      <object_component id="oc-1a8">
         <name>.debug_info</name>
         <load_address>0xafe4</load_address>
         <run_address>0xafe4</run_address>
         <size>0xf4</size>
         <input_file_ref idref="fl-131"/>
      </object_component>
      <object_component id="oc-20c">
         <name>.debug_info</name>
         <load_address>0xb0d8</load_address>
         <run_address>0xb0d8</run_address>
         <size>0x200</size>
         <input_file_ref idref="fl-131"/>
      </object_component>
      <object_component id="oc-25">
         <name>.debug_info</name>
         <load_address>0xb2d8</load_address>
         <run_address>0xb2d8</run_address>
         <size>0x134</size>
         <input_file_ref idref="fl-132"/>
      </object_component>
      <object_component id="oc-4a">
         <name>.debug_info</name>
         <load_address>0xb40c</load_address>
         <run_address>0xb40c</run_address>
         <size>0x121</size>
         <input_file_ref idref="fl-133"/>
      </object_component>
      <object_component id="oc-15">
         <name>.debug_info</name>
         <load_address>0xb52d</load_address>
         <run_address>0xb52d</run_address>
         <size>0x1c0</size>
         <input_file_ref idref="fl-133"/>
      </object_component>
      <object_component id="oc-45">
         <name>.debug_info</name>
         <load_address>0xb6ed</load_address>
         <run_address>0xb6ed</run_address>
         <size>0x46</size>
         <input_file_ref idref="fl-133"/>
      </object_component>
      <object_component id="oc-18a">
         <name>.debug_info</name>
         <load_address>0xb733</load_address>
         <run_address>0xb733</run_address>
         <size>0x2c</size>
         <input_file_ref idref="fl-133"/>
      </object_component>
      <object_component id="oc-52">
         <name>.debug_info</name>
         <load_address>0xb75f</load_address>
         <run_address>0xb75f</run_address>
         <size>0x115</size>
         <input_file_ref idref="fl-134"/>
      </object_component>
      <object_component id="oc-4e">
         <name>.debug_info</name>
         <load_address>0xb874</load_address>
         <run_address>0xb874</run_address>
         <size>0x228</size>
         <input_file_ref idref="fl-134"/>
      </object_component>
      <object_component id="oc-1b">
         <name>.debug_info</name>
         <load_address>0xba9c</load_address>
         <run_address>0xba9c</run_address>
         <size>0x192</size>
         <input_file_ref idref="fl-134"/>
      </object_component>
      <object_component id="oc-53">
         <name>.debug_info</name>
         <load_address>0xbc2e</load_address>
         <run_address>0xbc2e</run_address>
         <size>0x39</size>
         <input_file_ref idref="fl-134"/>
      </object_component>
      <object_component id="oc-63">
         <name>.debug_info</name>
         <load_address>0xbc67</load_address>
         <run_address>0xbc67</run_address>
         <size>0x110</size>
         <input_file_ref idref="fl-135"/>
      </object_component>
      <object_component id="oc-20">
         <name>.debug_info</name>
         <load_address>0xbd77</load_address>
         <run_address>0xbd77</run_address>
         <size>0x18b</size>
         <input_file_ref idref="fl-135"/>
      </object_component>
      <object_component id="oc-5e">
         <name>.debug_info</name>
         <load_address>0xbf02</load_address>
         <run_address>0xbf02</run_address>
         <size>0x46</size>
         <input_file_ref idref="fl-135"/>
      </object_component>
      <object_component id="oc-1ae">
         <name>.debug_info</name>
         <load_address>0xbf48</load_address>
         <run_address>0xbf48</run_address>
         <size>0x172</size>
         <input_file_ref idref="fl-136"/>
      </object_component>
      <object_component id="oc-1ab">
         <name>.debug_info</name>
         <load_address>0xc0ba</load_address>
         <run_address>0xc0ba</run_address>
         <size>0x117</size>
         <input_file_ref idref="fl-136"/>
      </object_component>
      <object_component id="oc-7a">
         <name>.debug_info</name>
         <load_address>0xc1d1</load_address>
         <run_address>0xc1d1</run_address>
         <size>0x1ee</size>
         <input_file_ref idref="fl-136"/>
      </object_component>
      <object_component id="oc-42">
         <name>.debug_info</name>
         <load_address>0xc3bf</load_address>
         <run_address>0xc3bf</run_address>
         <size>0xf6</size>
         <input_file_ref idref="fl-137"/>
      </object_component>
      <object_component id="oc-5a">
         <name>.debug_info</name>
         <load_address>0xc4b5</load_address>
         <run_address>0xc4b5</run_address>
         <size>0x124</size>
         <input_file_ref idref="fl-138"/>
      </object_component>
      <object_component id="oc-67">
         <name>.debug_info</name>
         <load_address>0xc5d9</load_address>
         <run_address>0xc5d9</run_address>
         <size>0x129</size>
         <input_file_ref idref="fl-139"/>
      </object_component>
      <object_component id="oc-7d">
         <name>.debug_info</name>
         <load_address>0xc702</load_address>
         <run_address>0xc702</run_address>
         <size>0xea</size>
         <input_file_ref idref="fl-13a"/>
      </object_component>
      <object_component id="oc-1df">
         <name>.debug_info</name>
         <load_address>0xc7ec</load_address>
         <run_address>0xc7ec</run_address>
         <size>0x11f</size>
         <input_file_ref idref="fl-13b"/>
      </object_component>
      <object_component id="oc-1a6">
         <name>.debug_info</name>
         <load_address>0xc90b</load_address>
         <run_address>0xc90b</run_address>
         <size>0x147</size>
         <input_file_ref idref="fl-13c"/>
      </object_component>
      <object_component id="oc-72">
         <name>.debug_info</name>
         <load_address>0xca52</load_address>
         <run_address>0xca52</run_address>
         <size>0x148</size>
         <input_file_ref idref="fl-13c"/>
      </object_component>
      <object_component id="oc-2a2">
         <name>.debug_info</name>
         <load_address>0xcb9a</load_address>
         <run_address>0xcb9a</run_address>
         <size>0x5e</size>
         <input_file_ref idref="fl-13c"/>
      </object_component>
      <object_component id="oc-1a4">
         <name>.debug_info</name>
         <load_address>0xcbf8</load_address>
         <run_address>0xcbf8</run_address>
         <size>0x29e</size>
         <input_file_ref idref="fl-13d"/>
      </object_component>
      <object_component id="oc-6b">
         <name>.debug_info</name>
         <load_address>0xce96</load_address>
         <run_address>0xce96</run_address>
         <size>0x158</size>
         <input_file_ref idref="fl-13d"/>
      </object_component>
      <object_component id="oc-296">
         <name>.debug_info</name>
         <load_address>0xcfee</load_address>
         <run_address>0xcfee</run_address>
         <size>0x39</size>
         <input_file_ref idref="fl-13d"/>
      </object_component>
      <object_component id="oc-29b">
         <name>.debug_info</name>
         <load_address>0xd027</load_address>
         <run_address>0xd027</run_address>
         <size>0xcd</size>
         <input_file_ref idref="fl-13d"/>
      </object_component>
      <object_component id="oc-293">
         <name>.debug_info</name>
         <load_address>0xd0f4</load_address>
         <run_address>0xd0f4</run_address>
         <size>0x1c1</size>
         <input_file_ref idref="fl-13e"/>
      </object_component>
      <object_component id="oc-1a0">
         <name>.debug_info</name>
         <load_address>0xd2b5</load_address>
         <run_address>0xd2b5</run_address>
         <size>0x164</size>
         <input_file_ref idref="fl-13e"/>
      </object_component>
      <object_component id="oc-314">
         <name>.debug_info</name>
         <load_address>0xd419</load_address>
         <run_address>0xd419</run_address>
         <size>0x2c</size>
         <input_file_ref idref="fl-13e"/>
      </object_component>
      <object_component id="oc-2c4">
         <name>.debug_info</name>
         <load_address>0xd445</load_address>
         <run_address>0xd445</run_address>
         <size>0x128</size>
         <input_file_ref idref="fl-13f"/>
      </object_component>
      <object_component id="oc-1f1">
         <name>.debug_info</name>
         <load_address>0xd56d</load_address>
         <run_address>0xd56d</run_address>
         <size>0x1ce</size>
         <input_file_ref idref="fl-140"/>
      </object_component>
      <object_component id="oc-1d4">
         <name>.debug_info</name>
         <load_address>0xd73b</load_address>
         <run_address>0xd73b</run_address>
         <size>0x1ab</size>
         <input_file_ref idref="fl-140"/>
      </object_component>
      <object_component id="oc-1ec">
         <name>.debug_info</name>
         <load_address>0xd8e6</load_address>
         <run_address>0xd8e6</run_address>
         <size>0x233</size>
         <input_file_ref idref="fl-140"/>
      </object_component>
      <object_component id="oc-a2">
         <name>.debug_info</name>
         <load_address>0xdb19</load_address>
         <run_address>0xdb19</run_address>
         <size>0x28a</size>
         <input_file_ref idref="fl-140"/>
      </object_component>
      <object_component id="oc-102">
         <name>.debug_info</name>
         <load_address>0xdda3</load_address>
         <run_address>0xdda3</run_address>
         <size>0x25d</size>
         <input_file_ref idref="fl-140"/>
      </object_component>
      <object_component id="oc-13a">
         <name>.debug_info</name>
         <load_address>0xe000</load_address>
         <run_address>0xe000</run_address>
         <size>0x237</size>
         <input_file_ref idref="fl-140"/>
      </object_component>
      <object_component id="oc-203">
         <name>.debug_info</name>
         <load_address>0xe237</load_address>
         <run_address>0xe237</run_address>
         <size>0x90</size>
         <input_file_ref idref="fl-140"/>
      </object_component>
      <object_component id="oc-1b3">
         <name>.debug_info</name>
         <load_address>0xe2c7</load_address>
         <run_address>0xe2c7</run_address>
         <size>0x18b</size>
         <input_file_ref idref="fl-140"/>
      </object_component>
      <object_component id="oc-1f6">
         <name>.debug_info</name>
         <load_address>0xe452</load_address>
         <run_address>0xe452</run_address>
         <size>0x1cf</size>
         <input_file_ref idref="fl-141"/>
      </object_component>
      <object_component id="oc-c6">
         <name>.debug_info</name>
         <load_address>0xe621</load_address>
         <run_address>0xe621</run_address>
         <size>0x21e</size>
         <input_file_ref idref="fl-141"/>
      </object_component>
      <object_component id="oc-db">
         <name>.debug_info</name>
         <load_address>0xe83f</load_address>
         <run_address>0xe83f</run_address>
         <size>0x1e8</size>
         <input_file_ref idref="fl-141"/>
      </object_component>
      <object_component id="oc-cc">
         <name>.debug_info</name>
         <load_address>0xea27</load_address>
         <run_address>0xea27</run_address>
         <size>0x1f8</size>
         <input_file_ref idref="fl-141"/>
      </object_component>
      <object_component id="oc-ea">
         <name>.debug_info</name>
         <load_address>0xec1f</load_address>
         <run_address>0xec1f</run_address>
         <size>0x1f6</size>
         <input_file_ref idref="fl-141"/>
      </object_component>
      <object_component id="oc-f0">
         <name>.debug_info</name>
         <load_address>0xee15</load_address>
         <run_address>0xee15</run_address>
         <size>0x1e3</size>
         <input_file_ref idref="fl-141"/>
      </object_component>
      <object_component id="oc-d5">
         <name>.debug_info</name>
         <load_address>0xeff8</load_address>
         <run_address>0xeff8</run_address>
         <size>0x1e5</size>
         <input_file_ref idref="fl-141"/>
      </object_component>
      <object_component id="oc-c0">
         <name>.debug_info</name>
         <load_address>0xf1dd</load_address>
         <run_address>0xf1dd</run_address>
         <size>0x1f0</size>
         <input_file_ref idref="fl-141"/>
      </object_component>
      <object_component id="oc-ba">
         <name>.debug_info</name>
         <load_address>0xf3cd</load_address>
         <run_address>0xf3cd</run_address>
         <size>0x1fa</size>
         <input_file_ref idref="fl-141"/>
      </object_component>
      <object_component id="oc-25b">
         <name>.debug_info</name>
         <load_address>0xf5c7</load_address>
         <run_address>0xf5c7</run_address>
         <size>0x144</size>
         <input_file_ref idref="fl-142"/>
      </object_component>
      <object_component id="oc-11b">
         <name>.debug_info</name>
         <load_address>0xf70b</load_address>
         <run_address>0xf70b</run_address>
         <size>0x1c5</size>
         <input_file_ref idref="fl-142"/>
      </object_component>
      <object_component id="oc-151">
         <name>.debug_info</name>
         <load_address>0xf8d0</load_address>
         <run_address>0xf8d0</run_address>
         <size>0x18b</size>
         <input_file_ref idref="fl-142"/>
      </object_component>
      <object_component id="oc-1ba">
         <name>.debug_info</name>
         <load_address>0xfa5b</load_address>
         <run_address>0xfa5b</run_address>
         <size>0x226</size>
         <input_file_ref idref="fl-143"/>
      </object_component>
      <object_component id="oc-251">
         <name>.debug_info</name>
         <load_address>0xfc81</load_address>
         <run_address>0xfc81</run_address>
         <size>0xff</size>
         <input_file_ref idref="fl-143"/>
      </object_component>
      <object_component id="oc-254">
         <name>.debug_info</name>
         <load_address>0xfd80</load_address>
         <run_address>0xfd80</run_address>
         <size>0x10b</size>
         <input_file_ref idref="fl-143"/>
      </object_component>
      <object_component id="oc-2f8">
         <name>.debug_info</name>
         <load_address>0xfe8b</load_address>
         <run_address>0xfe8b</run_address>
         <size>0x105</size>
         <input_file_ref idref="fl-143"/>
      </object_component>
      <object_component id="oc-257">
         <name>.debug_info</name>
         <load_address>0xff90</load_address>
         <run_address>0xff90</run_address>
         <size>0x112</size>
         <input_file_ref idref="fl-143"/>
      </object_component>
      <object_component id="oc-1cd">
         <name>.debug_info</name>
         <load_address>0x100a2</load_address>
         <run_address>0x100a2</run_address>
         <size>0x1e7</size>
         <input_file_ref idref="fl-143"/>
      </object_component>
      <object_component id="oc-89">
         <name>.debug_info</name>
         <load_address>0x10289</load_address>
         <run_address>0x10289</run_address>
         <size>0x1e1</size>
         <input_file_ref idref="fl-143"/>
      </object_component>
      <object_component id="oc-a7">
         <name>.debug_info</name>
         <load_address>0x1046a</load_address>
         <run_address>0x1046a</run_address>
         <size>0x1eb</size>
         <input_file_ref idref="fl-143"/>
      </object_component>
      <object_component id="oc-245">
         <name>.debug_info</name>
         <load_address>0x10655</load_address>
         <run_address>0x10655</run_address>
         <size>0x264</size>
         <input_file_ref idref="fl-143"/>
      </object_component>
      <object_component id="oc-24b">
         <name>.debug_info</name>
         <load_address>0x108b9</load_address>
         <run_address>0x108b9</run_address>
         <size>0x21e</size>
         <input_file_ref idref="fl-143"/>
      </object_component>
      <object_component id="oc-115">
         <name>.debug_info</name>
         <load_address>0x10ad7</load_address>
         <run_address>0x10ad7</run_address>
         <size>0x4c5</size>
         <input_file_ref idref="fl-143"/>
      </object_component>
      <object_component id="oc-2b3">
         <name>.debug_info</name>
         <load_address>0x10f9c</load_address>
         <run_address>0x10f9c</run_address>
         <size>0x5f</size>
         <input_file_ref idref="fl-143"/>
      </object_component>
      <object_component id="oc-278">
         <name>.debug_info</name>
         <load_address>0x10ffb</load_address>
         <run_address>0x10ffb</run_address>
         <size>0x1c3</size>
         <input_file_ref idref="fl-144"/>
      </object_component>
      <object_component id="oc-174">
         <name>.debug_info</name>
         <load_address>0x111be</load_address>
         <run_address>0x111be</run_address>
         <size>0x1a6</size>
         <input_file_ref idref="fl-144"/>
      </object_component>
      <object_component id="oc-133">
         <name>.debug_info</name>
         <load_address>0x11364</load_address>
         <run_address>0x11364</run_address>
         <size>0x25f</size>
         <input_file_ref idref="fl-144"/>
      </object_component>
      <object_component id="oc-17b">
         <name>.debug_info</name>
         <load_address>0x115c3</load_address>
         <run_address>0x115c3</run_address>
         <size>0x1fe</size>
         <input_file_ref idref="fl-144"/>
      </object_component>
      <object_component id="oc-158">
         <name>.debug_info</name>
         <load_address>0x117c1</load_address>
         <run_address>0x117c1</run_address>
         <size>0x263</size>
         <input_file_ref idref="fl-144"/>
      </object_component>
      <object_component id="oc-16f">
         <name>.debug_info</name>
         <load_address>0x11a24</load_address>
         <run_address>0x11a24</run_address>
         <size>0x3c2</size>
         <input_file_ref idref="fl-144"/>
      </object_component>
      <object_component id="oc-27e">
         <name>.debug_info</name>
         <load_address>0x11de6</load_address>
         <run_address>0x11de6</run_address>
         <size>0x1ba</size>
         <input_file_ref idref="fl-145"/>
      </object_component>
      <object_component id="oc-280">
         <name>.debug_info</name>
         <load_address>0x11fa0</load_address>
         <run_address>0x11fa0</run_address>
         <size>0x1c2</size>
         <input_file_ref idref="fl-145"/>
      </object_component>
      <object_component id="oc-27b">
         <name>.debug_info</name>
         <load_address>0x12162</load_address>
         <run_address>0x12162</run_address>
         <size>0x100</size>
         <input_file_ref idref="fl-145"/>
      </object_component>
      <object_component id="oc-13f">
         <name>.debug_info</name>
         <load_address>0x12262</load_address>
         <run_address>0x12262</run_address>
         <size>0x22d</size>
         <input_file_ref idref="fl-145"/>
      </object_component>
      <object_component id="oc-14b">
         <name>.debug_info</name>
         <load_address>0x1248f</load_address>
         <run_address>0x1248f</run_address>
         <size>0x1a2</size>
         <input_file_ref idref="fl-145"/>
      </object_component>
      <object_component id="oc-145">
         <name>.debug_info</name>
         <load_address>0x12631</load_address>
         <run_address>0x12631</run_address>
         <size>0x1cc</size>
         <input_file_ref idref="fl-145"/>
      </object_component>
      <object_component id="oc-1b8">
         <name>.debug_info</name>
         <load_address>0x127fd</load_address>
         <run_address>0x127fd</run_address>
         <size>0x1d7</size>
         <input_file_ref idref="fl-146"/>
      </object_component>
      <object_component id="oc-1bc">
         <name>.debug_info</name>
         <load_address>0x129d4</load_address>
         <run_address>0x129d4</run_address>
         <size>0x10d</size>
         <input_file_ref idref="fl-146"/>
      </object_component>
      <object_component id="oc-83">
         <name>.debug_info</name>
         <load_address>0x12ae1</load_address>
         <run_address>0x12ae1</run_address>
         <size>0x207</size>
         <input_file_ref idref="fl-146"/>
      </object_component>
      <object_component id="oc-1c1">
         <name>.debug_info</name>
         <load_address>0x12ce8</load_address>
         <run_address>0x12ce8</run_address>
         <size>0x217</size>
         <input_file_ref idref="fl-146"/>
      </object_component>
      <object_component id="oc-1c7">
         <name>.debug_info</name>
         <load_address>0x12eff</load_address>
         <run_address>0x12eff</run_address>
         <size>0x312</size>
         <input_file_ref idref="fl-146"/>
      </object_component>
      <object_component id="oc-95">
         <name>.debug_info</name>
         <load_address>0x13211</load_address>
         <run_address>0x13211</run_address>
         <size>0x1df</size>
         <input_file_ref idref="fl-146"/>
      </object_component>
      <object_component id="oc-168">
         <name>.debug_info</name>
         <load_address>0x133f0</load_address>
         <run_address>0x133f0</run_address>
         <size>0x1dd</size>
         <input_file_ref idref="fl-146"/>
      </object_component>
      <object_component id="oc-ad">
         <name>.debug_info</name>
         <load_address>0x135cd</load_address>
         <run_address>0x135cd</run_address>
         <size>0x1eb</size>
         <input_file_ref idref="fl-146"/>
      </object_component>
      <object_component id="oc-b3">
         <name>.debug_info</name>
         <load_address>0x137b8</load_address>
         <run_address>0x137b8</run_address>
         <size>0x1e9</size>
         <input_file_ref idref="fl-146"/>
      </object_component>
      <object_component id="oc-25d">
         <name>.debug_info</name>
         <load_address>0x139a1</load_address>
         <run_address>0x139a1</run_address>
         <size>0x1dd</size>
         <input_file_ref idref="fl-146"/>
      </object_component>
      <object_component id="oc-fb">
         <name>.debug_info</name>
         <load_address>0x13b7e</load_address>
         <run_address>0x13b7e</run_address>
         <size>0x1df</size>
         <input_file_ref idref="fl-146"/>
      </object_component>
      <object_component id="oc-90">
         <name>.debug_info</name>
         <load_address>0x13d5d</load_address>
         <run_address>0x13d5d</run_address>
         <size>0x1e4</size>
         <input_file_ref idref="fl-146"/>
      </object_component>
      <object_component id="oc-12e">
         <name>.debug_info</name>
         <load_address>0x13f41</load_address>
         <run_address>0x13f41</run_address>
         <size>0x21f</size>
         <input_file_ref idref="fl-146"/>
      </object_component>
      <object_component id="oc-128">
         <name>.debug_info</name>
         <load_address>0x14160</load_address>
         <run_address>0x14160</run_address>
         <size>0x1f3</size>
         <input_file_ref idref="fl-146"/>
      </object_component>
      <object_component id="oc-10f">
         <name>.debug_info</name>
         <load_address>0x14353</load_address>
         <run_address>0x14353</run_address>
         <size>0x189</size>
         <input_file_ref idref="fl-147"/>
      </object_component>
      <object_component id="oc-109">
         <name>.debug_info</name>
         <load_address>0x144dc</load_address>
         <run_address>0x144dc</run_address>
         <size>0x171</size>
         <input_file_ref idref="fl-147"/>
      </object_component>
      <object_component id="oc-306">
         <name>.debug_info</name>
         <load_address>0x1464d</load_address>
         <run_address>0x1464d</run_address>
         <size>0x1a6</size>
         <input_file_ref idref="fl-148"/>
      </object_component>
      <object_component id="oc-263">
         <name>.debug_info</name>
         <load_address>0x147f3</load_address>
         <run_address>0x147f3</run_address>
         <size>0x1d8</size>
         <input_file_ref idref="fl-148"/>
      </object_component>
      <object_component id="oc-269">
         <name>.debug_info</name>
         <load_address>0x149cb</load_address>
         <run_address>0x149cb</run_address>
         <size>0x22c</size>
         <input_file_ref idref="fl-148"/>
      </object_component>
      <object_component id="oc-26f">
         <name>.debug_info</name>
         <load_address>0x14bf7</load_address>
         <run_address>0x14bf7</run_address>
         <size>0x1e2</size>
         <input_file_ref idref="fl-148"/>
      </object_component>
      <object_component id="oc-284">
         <name>.debug_info</name>
         <load_address>0x14dd9</load_address>
         <run_address>0x14dd9</run_address>
         <size>0x176</size>
         <input_file_ref idref="fl-149"/>
      </object_component>
      <object_component id="oc-346">
         <name>.debug_info</name>
         <load_address>0x14f4f</load_address>
         <run_address>0x14f4f</run_address>
         <size>0xa6</size>
      </object_component>
      <object_component id="oc-1fb">
         <name>.debug_line</name>
         <load_address>0x0</load_address>
         <run_address>0x0</run_address>
         <size>0x2a2</size>
         <input_file_ref idref="fl-2"/>
      </object_component>
      <object_component id="oc-214">
         <name>.debug_line</name>
         <load_address>0x2a2</load_address>
         <run_address>0x2a2</run_address>
         <size>0x2d</size>
         <input_file_ref idref="fl-2"/>
      </object_component>
      <object_component id="oc-31">
         <name>.debug_line</name>
         <load_address>0x2cf</load_address>
         <run_address>0x2cf</run_address>
         <size>0x66e</size>
         <input_file_ref idref="fl-2"/>
      </object_component>
      <object_component id="oc-1ff">
         <name>.debug_line</name>
         <load_address>0x93d</load_address>
         <run_address>0x93d</run_address>
         <size>0x55</size>
         <input_file_ref idref="fl-2"/>
      </object_component>
      <object_component id="oc-160">
         <name>.debug_line</name>
         <load_address>0x992</load_address>
         <run_address>0x992</run_address>
         <size>0x20</size>
         <input_file_ref idref="fl-2"/>
      </object_component>
      <object_component id="oc-165">
         <name>.debug_line</name>
         <load_address>0x9b2</load_address>
         <run_address>0x9b2</run_address>
         <size>0x60</size>
         <input_file_ref idref="fl-2"/>
      </object_component>
      <object_component id="oc-197">
         <name>.debug_line</name>
         <load_address>0xa12</load_address>
         <run_address>0xa12</run_address>
         <size>0x60</size>
         <input_file_ref idref="fl-2"/>
      </object_component>
      <object_component id="oc-1e8">
         <name>.debug_line</name>
         <load_address>0xa72</load_address>
         <run_address>0xa72</run_address>
         <size>0x60</size>
         <input_file_ref idref="fl-2"/>
      </object_component>
      <object_component id="oc-183">
         <name>.debug_line</name>
         <load_address>0xad2</load_address>
         <run_address>0xad2</run_address>
         <size>0x42</size>
         <input_file_ref idref="fl-3"/>
      </object_component>
      <object_component id="oc-3d">
         <name>.debug_line</name>
         <load_address>0xb14</load_address>
         <run_address>0xb14</run_address>
         <size>0x42</size>
         <input_file_ref idref="fl-3"/>
      </object_component>
      <object_component id="oc-2b">
         <name>.debug_line</name>
         <load_address>0xb56</load_address>
         <run_address>0xb56</run_address>
         <size>0xa2</size>
         <input_file_ref idref="fl-3"/>
      </object_component>
      <object_component id="oc-187">
         <name>.debug_line</name>
         <load_address>0xbf8</load_address>
         <run_address>0xbf8</run_address>
         <size>0x20</size>
         <input_file_ref idref="fl-3"/>
      </object_component>
      <object_component id="oc-2cb">
         <name>.debug_line</name>
         <load_address>0xc18</load_address>
         <run_address>0xc18</run_address>
         <size>0x92</size>
         <input_file_ref idref="fl-4"/>
      </object_component>
      <object_component id="oc-2c2">
         <name>.debug_line</name>
         <load_address>0xcaa</load_address>
         <run_address>0xcaa</run_address>
         <size>0x59</size>
         <input_file_ref idref="fl-4"/>
      </object_component>
      <object_component id="oc-2c0">
         <name>.debug_line</name>
         <load_address>0xd03</load_address>
         <run_address>0xd03</run_address>
         <size>0x59</size>
         <input_file_ref idref="fl-4"/>
      </object_component>
      <object_component id="oc-9b">
         <name>.debug_line</name>
         <load_address>0xd5c</load_address>
         <run_address>0xd5c</run_address>
         <size>0x2aa</size>
         <input_file_ref idref="fl-4"/>
      </object_component>
      <object_component id="oc-123">
         <name>.debug_line</name>
         <load_address>0x1006</load_address>
         <run_address>0x1006</run_address>
         <size>0x73</size>
         <input_file_ref idref="fl-6"/>
      </object_component>
      <object_component id="oc-2d5">
         <name>.debug_line</name>
         <load_address>0x1079</load_address>
         <run_address>0x1079</run_address>
         <size>0xd1</size>
         <input_file_ref idref="fl-7"/>
      </object_component>
      <object_component id="oc-2d3">
         <name>.debug_line</name>
         <load_address>0x114a</load_address>
         <run_address>0x114a</run_address>
         <size>0x30</size>
         <input_file_ref idref="fl-7"/>
      </object_component>
      <object_component id="oc-e3">
         <name>.debug_line</name>
         <load_address>0x117a</load_address>
         <run_address>0x117a</run_address>
         <size>0x309</size>
         <input_file_ref idref="fl-7"/>
      </object_component>
      <object_component id="oc-2f6">
         <name>.debug_line</name>
         <load_address>0x1483</load_address>
         <run_address>0x1483</run_address>
         <size>0x92</size>
         <input_file_ref idref="fl-8"/>
      </object_component>
      <object_component id="oc-2de">
         <name>.debug_line</name>
         <load_address>0x1515</load_address>
         <run_address>0x1515</run_address>
         <size>0x35</size>
         <input_file_ref idref="fl-8"/>
      </object_component>
      <object_component id="oc-2f4">
         <name>.debug_line</name>
         <load_address>0x154a</load_address>
         <run_address>0x154a</run_address>
         <size>0x35</size>
         <input_file_ref idref="fl-8"/>
      </object_component>
      <object_component id="oc-2e2">
         <name>.debug_line</name>
         <load_address>0x157f</load_address>
         <run_address>0x157f</run_address>
         <size>0x38</size>
         <input_file_ref idref="fl-8"/>
      </object_component>
      <object_component id="oc-2e0">
         <name>.debug_line</name>
         <load_address>0x15b7</load_address>
         <run_address>0x15b7</run_address>
         <size>0x38</size>
         <input_file_ref idref="fl-8"/>
      </object_component>
      <object_component id="oc-2ec">
         <name>.debug_line</name>
         <load_address>0x15ef</load_address>
         <run_address>0x15ef</run_address>
         <size>0x38</size>
         <input_file_ref idref="fl-8"/>
      </object_component>
      <object_component id="oc-2ee">
         <name>.debug_line</name>
         <load_address>0x1627</load_address>
         <run_address>0x1627</run_address>
         <size>0x38</size>
         <input_file_ref idref="fl-8"/>
      </object_component>
      <object_component id="oc-2f0">
         <name>.debug_line</name>
         <load_address>0x165f</load_address>
         <run_address>0x165f</run_address>
         <size>0x38</size>
         <input_file_ref idref="fl-8"/>
      </object_component>
      <object_component id="oc-2f2">
         <name>.debug_line</name>
         <load_address>0x1697</load_address>
         <run_address>0x1697</run_address>
         <size>0x38</size>
         <input_file_ref idref="fl-8"/>
      </object_component>
      <object_component id="oc-2e4">
         <name>.debug_line</name>
         <load_address>0x16cf</load_address>
         <run_address>0x16cf</run_address>
         <size>0x38</size>
         <input_file_ref idref="fl-8"/>
      </object_component>
      <object_component id="oc-2e6">
         <name>.debug_line</name>
         <load_address>0x1707</load_address>
         <run_address>0x1707</run_address>
         <size>0x38</size>
         <input_file_ref idref="fl-8"/>
      </object_component>
      <object_component id="oc-2e8">
         <name>.debug_line</name>
         <load_address>0x173f</load_address>
         <run_address>0x173f</run_address>
         <size>0x38</size>
         <input_file_ref idref="fl-8"/>
      </object_component>
      <object_component id="oc-2ea">
         <name>.debug_line</name>
         <load_address>0x1777</load_address>
         <run_address>0x1777</run_address>
         <size>0x38</size>
         <input_file_ref idref="fl-8"/>
      </object_component>
      <object_component id="oc-2d7">
         <name>.debug_line</name>
         <load_address>0x17af</load_address>
         <run_address>0x17af</run_address>
         <size>0x4b</size>
         <input_file_ref idref="fl-8"/>
      </object_component>
      <object_component id="oc-f8">
         <name>.debug_line</name>
         <load_address>0x17fa</load_address>
         <run_address>0x17fa</run_address>
         <size>0x9aa</size>
         <input_file_ref idref="fl-8"/>
      </object_component>
      <object_component id="oc-2db">
         <name>.debug_line</name>
         <load_address>0x21a4</load_address>
         <run_address>0x21a4</run_address>
[...]
         <value>0x86dfb</value>
         <object_component_ref idref="oc-f4"/>
      </symbol>
      <symbol id="sm-357">
         <name>gImage_1</name>
         <value>0x208</value>
         <object_component_ref idref="oc-21d"/>
      </symbol>
      <symbol id="sm-358">
         <name>TFTLCD_ShowChar_Chinese</name>
         <value>0x870b1</value>
         <object_component_ref idref="oc-f4"/>
      </symbol>
      <symbol id="sm-359">
         <name>DrawBackground</name>
         <value>0x86c51</value>
         <object_component_ref idref="oc-f4"/>
      </symbol>
      <symbol id="sm-35a">
         <name>TFTLCD_DrawHorizontalLine</name>
         <value>0x86895</value>
         <object_component_ref idref="oc-f4"/>
      </symbol>
      <symbol id="sm-35b">
         <name>DrawLastKey</name>
         <value>0x86e4b</value>
         <object_component_ref idref="oc-f4"/>
      </symbol>
      <symbol id="sm-35c">
         <name>TFTLCD_ShowString</name>
         <value>0x8655b</value>
         <object_component_ref idref="oc-f4"/>
      </symbol>
      <symbol id="sm-35d">
         <name>DrawFirestBackground</name>
         <value>0x86cbd</value>
         <object_component_ref idref="oc-f4"/>
      </symbol>
      <symbol id="sm-35e">
         <name>TFTLCD_REFRESH_GRAM</name>
         <value>0x863dd</value>
         <object_component_ref idref="oc-f4"/>
      </symbol>
      <symbol id="sm-35f">
         <name>ka4</name>
         <value>0x80100</value>
         <object_component_ref idref="oc-22c"/>
      </symbol>
      <symbol id="sm-360">
         <name>ka3</name>
         <value>0x7b2e0</value>
         <object_component_ref idref="oc-229"/>
      </symbol>
      <symbol id="sm-361">
         <name>ka2</name>
         <value>0x764c0</value>
         <object_component_ref idref="oc-226"/>
      </symbol>
      <symbol id="sm-362">
         <name>ka1</name>
         <value>0x5de18</value>
         <object_component_ref idref="oc-223"/>
      </symbol>
      <symbol id="sm-363">
         <name>TFTLCD_CLEAR</name>
         <value>0x865b9</value>
         <object_component_ref idref="oc-f4"/>
      </symbol>
      <symbol id="sm-364">
         <name>TFTLCD_SetPos</name>
         <value>0x863f1</value>
         <object_component_ref idref="oc-f4"/>
      </symbol>
      <symbol id="sm-365">
         <name>TFTLCD_EnterSleep</name>
         <value>0x85aa3</value>
         <object_component_ref idref="oc-f4"/>
      </symbol>
      <symbol id="sm-366">
         <name>DrawPict</name>
         <value>0x86d29</value>
         <object_component_ref idref="oc-f4"/>
      </symbol>
      <symbol id="sm-367">
         <name>chinese</name>
         <value>0x85640</value>
         <object_component_ref idref="oc-23b"/>
      </symbol>
      <symbol id="sm-368">
         <name>ClearPauseKey</name>
         <value>0x87061</value>
         <object_component_ref idref="oc-f4"/>
      </symbol>
      <symbol id="sm-369">
         <name>jay4</name>
         <value>0x716a0</value>
         <object_component_ref idref="oc-238"/>
      </symbol>
      <symbol id="sm-36a">
         <name>jay3</name>
         <value>0x6c880</value>
         <object_component_ref idref="oc-235"/>
      </symbol>
      <symbol id="sm-36b">
         <name>jay2</name>
         <value>0x67a60</value>
         <object_component_ref idref="oc-232"/>
      </symbol>
      <symbol id="sm-36c">
         <name>jay1</name>
         <value>0x62c40</value>
         <object_component_ref idref="oc-22f"/>
      </symbol>
      <symbol id="sm-36d">
         <name>InitGPIOLCDInterface</name>
         <value>0x859e5</value>
         <object_component_ref idref="oc-f4"/>
      </symbol>
      <symbol id="sm-36e">
         <name>TFTLCD_FillBlock</name>
         <value>0x8660d</value>
         <object_component_ref idref="oc-f4"/>
      </symbol>
      <symbol id="sm-36f">
         <name>DrawKeyBack</name>
         <value>0x86fb1</value>
         <object_component_ref idref="oc-f4"/>
      </symbol>
      <symbol id="sm-370">
         <name>TFTLCD_ShowChar</name>
         <value>0x864cb</value>
         <object_component_ref idref="oc-f4"/>
      </symbol>
      <symbol id="sm-371">
         <name>DrawNextKey</name>
         <value>0x86ec5</value>
         <object_component_ref idref="oc-f4"/>
      </symbol>
      <symbol id="sm-372">
         <name>TFTLCD_DrawTriangle</name>
         <value>0x86c15</value>
         <object_component_ref idref="oc-f4"/>
      </symbol>
      <symbol id="sm-373">
         <name>WriteCommand</name>
         <value>0x20000218</value>
         <object_component_ref idref="oc-217"/>
      </symbol>
      <symbol id="sm-374">
         <name>TFTLCD_DrawLine</name>
         <value>0x86945</value>
         <object_component_ref idref="oc-f4"/>
      </symbol>
      <symbol id="sm-375">
         <name>TFTLCD_DrawPoint</name>
         <value>0x864a9</value>
         <object_component_ref idref="oc-f4"/>
      </symbol>
      <symbol id="sm-376">
         <name>shouye</name>
         <value>0x2f010</value>
         <object_component_ref idref="oc-220"/>
      </symbol>
      <symbol id="sm-377">
         <name>TFT_400x240_OTM4001Ainit</name>
         <value>0x85bd9</value>
         <object_component_ref idref="oc-f4"/>
      </symbol>
      <symbol id="sm-3ac">
         <name>SoftSPI_GetData</name>
         <value>0x887c7</value>
         <object_component_ref idref="oc-36"/>
      </symbol>
      <symbol id="sm-3ad">
         <name>SSIinit</name>
         <value>0x88679</value>
         <object_component_ref idref="oc-36"/>
      </symbol>
      <symbol id="sm-3ae">
         <name>SoftSPIinit</name>
         <value>0x886e1</value>
         <object_component_ref idref="oc-36"/>
      </symbol>
      <symbol id="sm-3af">
         <name>TOUCH_TSC2046init</name>
         <value>0x88979</value>
         <object_component_ref idref="oc-36"/>
      </symbol>
      <symbol id="sm-3b0">
         <name>TouchInit</name>
         <value>0x88713</value>
         <object_component_ref idref="oc-36"/>
      </symbol>
      <symbol id="sm-3b1">
         <name>SoftSPI_PutData</name>
         <value>0x88747</value>
         <object_component_ref idref="oc-36"/>
      </symbol>
      <symbol id="sm-3b2">
         <name>touch_getx</name>
         <value>0x88859</value>
         <object_component_ref idref="oc-36"/>
      </symbol>
      <symbol id="sm-3b3">
         <name>touch_gety</name>
         <value>0x888e9</value>
         <object_component_ref idref="oc-36"/>
      </symbol>
      <symbol id="sm-3b4">
         <name>IntGPIOb</name>
         <value>0x88a41</value>
         <object_component_ref idref="oc-36"/>
      </symbol>
      <symbol id="sm-3b5">
         <name>TOUCH_PointAdjust</name>
         <value>0x889b1</value>
         <object_component_ref idref="oc-36"/>
      </symbol>
      <symbol id="sm-3cf">
         <name>_nop</name>
         <value>0x89923</value>
         <object_component_ref idref="oc-208"/>
      </symbol>
      <symbol id="sm-3d0">
         <name>_lock</name>
         <value>0x2000021c</value>
         <object_component_ref idref="oc-1a7"/>
      </symbol>
      <symbol id="sm-3d1">
         <name>_unlock</name>
         <value>0x20000220</value>
         <object_component_ref idref="oc-1a7"/>
      </symbol>
      <symbol id="sm-3d2">
         <name>_register_lock</name>
         <value>0x8991b</value>
         <object_component_ref idref="oc-208"/>
      </symbol>
      <symbol id="sm-3d3">
         <name>_register_unlock</name>
         <value>0x89915</value>
         <object_component_ref idref="oc-208"/>
      </symbol>
      <symbol id="sm-3e5">
         <name>_c_int00</name>
         <value>0x89545</value>
         <object_component_ref idref="oc-24"/>
      </symbol>
      <symbol id="sm-3e6">
         <name>__stack</name>
         <value>0x20000000</value>
         <object_component_ref idref="oc-29"/>
      </symbol>
      <symbol id="sm-3fd">
         <name>__TI_decompress_none</name>
         <value>0x899d3</value>
         <object_component_ref idref="oc-12"/>
      </symbol>
      <symbol id="sm-420">
         <name>__TI_decompress_rle24</name>
         <value>0x89a79</value>
         <object_component_ref idref="oc-18"/>
      </symbol>
      <symbol id="sm-432">
         <name>__TI_zero_init</name>
         <value>0x89a05</value>
         <object_component_ref idref="oc-1e"/>
      </symbol>
      <symbol id="sm-451">
         <name>C$$EXIT</name>
         <value>0x89671</value>
         <object_component_ref idref="oc-76"/>
      </symbol>
      <symbol id="sm-452">
         <name>abort</name>
         <value>0x89675</value>
         <object_component_ref idref="oc-76"/>
      </symbol>
      <symbol id="sm-453">
         <name>exit</name>
         <value>0x8967d</value>
         <object_component_ref idref="oc-76"/>
      </symbol>
      <symbol id="sm-454">
         <name>__TI_dtors_ptr</name>
         <value>0x20000228</value>
         <object_component_ref idref="oc-1aa"/>
      </symbol>
      <symbol id="sm-455">
         <name>__TI_cleanup_ptr</name>
         <value>0x20000224</value>
         <object_component_ref idref="oc-1aa"/>
      </symbol>
      <symbol id="sm-470">
         <name>memcpy</name>
         <value>0x89241</value>
         <object_component_ref idref="oc-3f"/>
      </symbol>
      <symbol id="sm-471">
         <name>__aeabi_memcpy</name>
         <value>0x89241</value>
         <object_component_ref idref="oc-3f"/>
      </symbol>
      <symbol id="sm-472">
         <name>__aeabi_memcpy8</name>
         <value>0x89241</value>
         <object_component_ref idref="oc-3f"/>
      </symbol>
      <symbol id="sm-473">
         <name>__aeabi_memcpy4</name>
         <value>0x89241</value>
         <object_component_ref idref="oc-3f"/>
      </symbol>
      <symbol id="sm-482">
         <name>__aeabi_memset</name>
         <value>0x892df</value>
         <object_component_ref idref="oc-58"/>
      </symbol>
      <symbol id="sm-483">
         <name>memset</name>
         <value>0x892e5</value>
         <object_component_ref idref="oc-58"/>
      </symbol>
      <symbol id="sm-484">
         <name>__aeabi_memset8</name>
         <value>0x892df</value>
         <object_component_ref idref="oc-58"/>
      </symbol>
      <symbol id="sm-485">
         <name>__aeabi_memset4</name>
         <value>0x892df</value>
         <object_component_ref idref="oc-58"/>
      </symbol>
      <symbol id="sm-486">
         <name>__aeabi_memclr8</name>
         <value>0x892dd</value>
         <object_component_ref idref="oc-58"/>
      </symbol>
      <symbol id="sm-487">
         <name>__aeabi_memclr4</name>
         <value>0x892dd</value>
         <object_component_ref idref="oc-58"/>
      </symbol>
      <symbol id="sm-488">
         <name>__aeabi_memclr</name>
         <value>0x892dd</value>
         <object_component_ref idref="oc-58"/>
      </symbol>
      <symbol id="sm-492">
         <name>_system_pre_init</name>
         <value>0x89a8b</value>
         <object_component_ref idref="oc-64"/>
      </symbol>
      <symbol id="sm-49a">
         <name>main_func_sp</name>
         <value>0x20000234</value>
         <object_component_ref idref="oc-7c"/>
      </symbol>
      <symbol id="sm-4ac">
         <name>__aeabi_uidivmod</name>
         <value>0x89737</value>
         <object_component_ref idref="oc-1de"/>
      </symbol>
      <symbol id="sm-4ad">
         <name>__aeabi_uidiv</name>
         <value>0x89737</value>
         <object_component_ref idref="oc-1de"/>
      </symbol>
      <symbol id="sm-4c2">
         <name>_args_main</name>
         <value>0x898c1</value>
         <object_component_ref idref="oc-70"/>
      </symbol>
      <symbol id="sm-4e8">
         <name>__TI_auto_init</name>
         <value>0x89359</value>
         <object_component_ref idref="oc-6a"/>
      </symbol>
      <symbol id="sm-502">
         <name>copy_in</name>
         <value>0x89595</value>
         <object_component_ref idref="oc-19d"/>
      </symbol>
      <symbol id="sm-50c">
         <name>__aeabi_idiv0</name>
         <value>0x89357</value>
         <object_component_ref idref="oc-2c3"/>
      </symbol>
      <symbol id="sm-54f">
         <name>UARTConfigSetExpClk</name>
         <value>0x896f7</value>
         <object_component_ref idref="oc-a0"/>
      </symbol>
      <symbol id="sm-550">
         <name>UARTDisable</name>
         <value>0x89871</value>
         <object_component_ref idref="oc-1ea"/>
      </symbol>
      <symbol id="sm-551">
         <name>UARTCharPut</name>
         <value>0x89a4f</value>
         <object_component_ref idref="oc-100"/>
      </symbol>
      <symbol id="sm-552">
         <name>UARTEnable</name>
         <value>0x89901</value>
         <object_component_ref idref="oc-1d2"/>
      </symbol>
      <symbol id="sm-553">
         <name>UARTCharGet</name>
         <value>0x89a45</value>
         <object_component_ref idref="oc-138"/>
      </symbol>
      <symbol id="sm-5a0">
         <name>TimerLoadSet</name>
         <value>0x89983</value>
         <object_component_ref idref="oc-c4"/>
      </symbol>
      <symbol id="sm-5a1">
         <name>TimerDisable</name>
         <value>0x898ed</value>
         <object_component_ref idref="oc-d3"/>
      </symbol>
      <symbol id="sm-5a2">
         <name>TimerEnable</name>
         <value>0x899c5</value>
         <object_component_ref idref="oc-ee"/>
      </symbol>
      <symbol id="sm-5a3">
         <name>TimerIntStatus</name>
         <value>0x89a3b</value>
         <object_component_ref idref="oc-d9"/>
      </symbol>
      <symbol id="sm-5a4">
         <name>TimerIntEnable</name>
         <value>0x89a59</value>
         <object_component_ref idref="oc-ca"/>
      </symbol>
      <symbol id="sm-5a5">
         <name>TimerClockSourceSet</name>
         <value>0x89a73</value>
         <object_component_ref idref="oc-b8"/>
      </symbol>
      <symbol id="sm-5a6">
         <name>TimerConfigure</name>
         <value>0x89491</value>
         <object_component_ref idref="oc-be"/>
      </symbol>
      <symbol id="sm-5a7">
         <name>TimerIntClear</name>
         <value>0x89a87</value>
         <object_component_ref idref="oc-e8"/>
      </symbol>
      <symbol id="sm-5c0">
         <name>SysTickIntEnable</name>
         <value>0x898d9</value>
         <object_component_ref idref="oc-150"/>
      </symbol>
      <symbol id="sm-5c1">
         <name>SysTickPeriodSet</name>
         <value>0x899b5</value>
         <object_component_ref idref="oc-11a"/>
      </symbol>
      <symbol id="sm-64d">
         <name>SysCtlGPIOAHBEnable</name>
         <value>0x89855</value>
         <object_component_ref idref="oc-a6"/>
      </symbol>
      <symbol id="sm-64e">
         <name>SysCtlPeripheralPresent</name>
         <value>0x897ad</value>
         <object_component_ref idref="oc-1cc"/>
      </symbol>
      <symbol id="sm-64f">
         <name>SysCtlDelay</name>
         <value>0x89a6d</value>
         <object_component_ref idref="oc-87"/>
      </symbol>
      <symbol id="sm-650">
         <name>SysCtlPeripheralEnable</name>
         <value>0x89779</value>
         <object_component_ref idref="oc-88"/>
      </symbol>
      <symbol id="sm-651">
         <name>SysCtlClockFreqSet</name>
         <value>0x88dd1</value>
         <object_component_ref idref="oc-114"/>
      </symbol>
      <symbol id="sm-689">
         <name>SSIDataPut</name>
         <value>0x89a27</value>
         <object_component_ref idref="oc-132"/>
      </symbol>
      <symbol id="sm-68a">
         <name>SSIDataGet</name>
         <value>0x899f9</value>
         <object_component_ref idref="oc-156"/>
      </symbol>
      <symbol id="sm-68b">
         <name>SSIDataGetNonBlocking</name>
         <value>0x89971</value>
         <object_component_ref idref="oc-179"/>
      </symbol>
      <symbol id="sm-68c">
         <name>SSIConfigSetExpClk</name>
         <value>0x896b5</value>
         <object_component_ref idref="oc-16d"/>
      </symbol>
      <symbol id="sm-68d">
         <name>SSIEnable</name>
         <value>0x89a31</value>
         <object_component_ref idref="oc-173"/>
      </symbol>
      <symbol id="sm-6cc">
         <name>IntPrioritySet</name>
         <value>0x8980d</value>
         <object_component_ref idref="oc-13e"/>
      </symbol>
      <symbol id="sm-6cd">
         <name>IntEnable</name>
         <value>0x89431</value>
         <object_component_ref idref="oc-144"/>
      </symbol>
      <symbol id="sm-6ce">
         <name>IntMasterEnable</name>
         <value>0x89a1d</value>
         <object_component_ref idref="oc-14a"/>
      </symbol>
      <symbol id="sm-746">
         <name>GPIOPinConfigure</name>
         <value>0x895e1</value>
         <object_component_ref idref="oc-8e"/>
      </symbol>
      <symbol id="sm-747">
         <name>GPIOIntEnable</name>
         <value>0x899ed</value>
         <object_component_ref idref="oc-126"/>
      </symbol>
      <symbol id="sm-748">
         <name>GPIOIntTypeSet</name>
         <value>0x894ed</value>
         <object_component_ref idref="oc-12c"/>
      </symbol>
      <symbol id="sm-749">
         <name>GPIOPinTypeGPIOInput</name>
         <value>0x8993b</value>
         <object_component_ref idref="oc-b2"/>
      </symbol>
      <symbol id="sm-74a">
         <name>GPIOPinTypeUART</name>
         <value>0x8995f</value>
         <object_component_ref idref="oc-94"/>
      </symbol>
      <symbol id="sm-74b">
         <name>GPIOPinTypeGPIOOutput</name>
         <value>0x898a9</value>
         <object_component_ref idref="oc-ac"/>
      </symbol>
      <symbol id="sm-74c">
         <name>GPIOPinRead</name>
         <value>0x89a61</value>
         <object_component_ref idref="oc-fa"/>
      </symbol>
      <symbol id="sm-74d">
         <name>GPIODirModeSet</name>
         <value>0x897e1</value>
         <object_component_ref idref="oc-1bf"/>
      </symbol>
      <symbol id="sm-74e">
         <name>GPIOPinWrite</name>
         <value>0x89a67</value>
         <object_component_ref idref="oc-81"/>
      </symbol>
      <symbol id="sm-74f">
         <name>GPIOPadConfigSet</name>
         <value>0x89111</value>
         <object_component_ref idref="oc-1c5"/>
      </symbol>
      <symbol id="sm-750">
         <name>GPIOPinTypeSSI</name>
         <value>0x8994d</value>
         <object_component_ref idref="oc-167"/>
      </symbol>
      <symbol id="sm-751">
         <name>GPIOPinTypeEPI</name>
         <value>0x89929</value>
         <object_component_ref idref="oc-25c"/>
      </symbol>
      <symbol id="sm-767">
         <name>FPULazyStackingEnable</name>
         <value>0x899a5</value>
         <object_component_ref idref="oc-10e"/>
      </symbol>
      <symbol id="sm-768">
         <name>FPUEnable</name>
         <value>0x89995</value>
         <object_component_ref idref="oc-108"/>
      </symbol>
      <symbol id="sm-785">
         <name>EPIModeSet</name>
         <value>0x89a83</value>
         <object_component_ref idref="oc-262"/>
      </symbol>
      <symbol id="sm-786">
         <name>EPIConfigHB16Set</name>
         <value>0x89831</value>
         <object_component_ref idref="oc-268"/>
      </symbol>
      <symbol id="sm-787">
         <name>EPIAddressMapSet</name>
         <value>0x89a7f</value>
         <object_component_ref idref="oc-26e"/>
      </symbol>
      <symbol id="sm-791">
         <name>CPUcpsie</name>
         <value>0x899e1</value>
         <object_component_ref idref="oc-283"/>
      </symbol>
      <symbol id="sm-793">
         <name>__TI_static_base__</name>
         <value>0x0</value>
      </symbol>
      <symbol id="sm-796">
         <name>SHT$$INIT_ARRAY$$Limit</name>
         <value>0x0</value>
      </symbol>
      <symbol id="sm-797">
         <name>SHT$$INIT_ARRAY$$Base</name>
         <value>0x0</value>
      </symbol>
   </symbol_table>
   <title>Link successful</title>
</link_info>
