<?xml version="1.0"?>
<link_info>
   <banner>TI ARM Linker PC v5.2.5</banner>
   <copyright>Copyright (c) 1996-2015 Texas Instruments Incorporated</copyright>
   <link_time>0x5fe0a532</link_time>
   <link_errors>0x0</link_errors>
   <output_file>TFT_TOUCH.out</output_file>
   <entry_point>
      <name>_c_int00</name>
      <address>0x5a6a5</address>
   </entry_point>
   <input_file_list>
      <input_file id="fl-2">
         <path>.\</path>
         <kind>object</kind>
         <file>KalmanFilter.obj</file>
         <name>KalmanFilter.obj</name>
      </input_file>
      <input_file id="fl-3">
         <path>.\</path>
         <kind>object</kind>
         <file>TFT_Touch.obj</file>
         <name>TFT_Touch.obj</name>
      </input_file>
      <input_file id="fl-4">
         <path>.\</path>
         <kind>object</kind>
         <file>TFT_timer.obj</file>
         <name>TFT_timer.obj</name>
      </input_file>
      <input_file id="fl-5">
         <path>.\</path>
         <kind>object</kind>
         <file>tm4c1294ncpdt_startup_ccs.obj</file>
         <name>tm4c1294ncpdt_startup_ccs.obj</name>
      </input_file>
      <input_file id="fl-6">
         <path>.\</path>
         <kind>object</kind>
         <file>uartstdio.obj</file>
         <name>uartstdio.obj</name>
      </input_file>
      <input_file id="fl-7">
         <path>.\EPIinit\</path>
         <kind>object</kind>
         <file>EPIinit.obj</file>
         <name>EPIinit.obj</name>
      </input_file>
      <input_file id="fl-8">
         <path>.\TFTinit\</path>
         <kind>object</kind>
         <file>TFT_400x240_OTM4001A_16bit.obj</file>
         <name>TFT_400x240_OTM4001A_16bit.obj</name>
      </input_file>
      <input_file id="fl-9">
         <path>.\TOUCHinit\</path>
         <kind>object</kind>
         <file>TOUCH_TSC2046.obj</file>
         <name>TOUCH_TSC2046.obj</name>
      </input_file>
      <input_file id="fl-130">
         <path>C:\ti\ccsv6\tools\compiler\ti-cgt-arm_5.2.5\lib\</path>
         <kind>archive</kind>
         <file>rtsv7M4_T_le_v4SPD16_eabi.lib</file>
         <name>_lock.obj</name>
      </input_file>
      <input_file id="fl-131">
         <path>C:\ti\ccsv6\tools\compiler\ti-cgt-arm_5.2.5\lib\</path>
         <kind>archive</kind>
         <file>rtsv7M4_T_le_v4SPD16_eabi.lib</file>
         <name>boot.obj</name>
      </input_file>
      <input_file id="fl-132">
         <path>C:\ti\ccsv6\tools\compiler\ti-cgt-arm_5.2.5\lib\</path>
         <kind>archive</kind>
         <file>rtsv7M4_T_le_v4SPD16_eabi.lib</file>
         <name>copy_decompress_none.obj</name>
      </input_file>
      <input_file id="fl-133">
         <path>C:\ti\ccsv6\tools\compiler\ti-cgt-arm_5.2.5\lib\</path>
         <kind>archive</kind>
         <file>rtsv7M4_T_le_v4SPD16_eabi.lib</file>
         <name>copy_decompress_rle.obj</name>
      </input_file>
      <input_file id="fl-134">
         <path>C:\ti\ccsv6\tools\compiler\ti-cgt-arm_5.2.5\lib\</path>
         <kind>archive</kind>
         <file>rtsv7M4_T_le_v4SPD16_eabi.lib</file>
         <name>copy_zero_init.obj</name>
      </input_file>
      <input_file id="fl-135">
         <path>C:\ti\ccsv6\tools\compiler\ti-cgt-arm_5.2.5\lib\</path>
         <kind>archive</kind>
         <file>rtsv7M4_T_le_v4SPD16_eabi.lib</file>
         <name>exit.obj</name>
      </input_file>
      <input_file id="fl-136">
         <path>C:\ti\ccsv6\tools\compiler\ti-cgt-arm_5.2.5\lib\</path>
         <kind>archive</kind>
         <file>rtsv7M4_T_le_v4SPD16_eabi.lib</file>
         <name>fd_div_t2.obj</name>
      </input_file>
      <input_file id="fl-137">
         <path>C:\ti\ccsv6\tools\compiler\ti-cgt-arm_5.2.5\lib\</path>
         <kind>archive</kind>
         <file>rtsv7M4_T_le_v4SPD16_eabi.lib</file>
         <name>fd_mul_t2.obj</name>
      </input_file>
      <input_file id="fl-138">
         <path>C:\ti\ccsv6\tools\compiler\ti-cgt-arm_5.2.5\lib\</path>
         <kind>archive</kind>
         <file>rtsv7M4_T_le_v4SPD16_eabi.lib</file>
         <name>fd_tos_t2.obj</name>
      </input_file>
      <input_file id="fl-139">
         <path>C:\ti\ccsv6\tools\compiler\ti-cgt-arm_5.2.5\lib\</path>
         <kind>archive</kind>
         <file>rtsv7M4_T_le_v4SPD16_eabi.lib</file>
         <name>memcpy_t2.obj</name>
      </input_file>
      <input_file id="fl-13a">
         <path>C:\ti\ccsv6\tools\compiler\ti-cgt-arm_5.2.5\lib\</path>
         <kind>archive</kind>
         <file>rtsv7M4_T_le_v4SPD16_eabi.lib</file>
         <name>memset_t2.obj</name>
      </input_file>
      <input_file id="fl-13b">
         <path>C:\ti\ccsv6\tools\compiler\ti-cgt-arm_5.2.5\lib\</path>
         <kind>archive</kind>
         <file>rtsv7M4_T_le_v4SPD16_eabi.lib</file>
         <name>pre_init.obj</name>
      </input_file>
      <input_file id="fl-13c">
         <path>C:\ti\ccsv6\tools\compiler\ti-cgt-arm_5.2.5\lib\</path>
         <kind>archive</kind>
         <file>rtsv7M4_T_le_v4SPD16_eabi.lib</file>
         <name>stkdepth_vars.obj</name>
      </input_file>
      <input_file id="fl-13d">
         <path>C:\ti\ccsv6\tools\compiler\ti-cgt-arm_5.2.5\lib\</path>
         <kind>archive</kind>
         <file>rtsv7M4_T_le_v4SPD16_eabi.lib</file>
         <name>u_divt2.obj</name>
      </input_file>
      <input_file id="fl-13e">
         <path>C:\ti\ccsv6\tools\compiler\ti-cgt-arm_5.2.5\lib\</path>
         <kind>archive</kind>
         <file>rtsv7M4_T_le_v4SPD16_eabi.lib</file>
         <name>u_tofd_t2.obj</name>
      </input_file>
      <input_file id="fl-13f">
         <path>C:\ti\ccsv6\tools\compiler\ti-cgt-arm_5.2.5\lib\</path>
         <kind>archive</kind>
         <file>rtsv7M4_T_le_v4SPD16_eabi.lib</file>
         <name>args_main.obj</name>
      </input_file>
      <input_file id="fl-140">
         <path>C:\ti\ccsv6\tools\compiler\ti-cgt-arm_5.2.5\lib\</path>
         <kind>archive</kind>
         <file>rtsv7M4_T_le_v4SPD16_eabi.lib</file>
         <name>autoinit.obj</name>
      </input_file>
      <input_file id="fl-141">
         <path>C:\ti\ccsv6\tools\compiler\ti-cgt-arm_5.2.5\lib\</path>
         <kind>archive</kind>
         <file>rtsv7M4_T_le_v4SPD16_eabi.lib</file>
         <name>cpy_tbl.obj</name>
      </input_file>
      <input_file id="fl-142">
         <path>C:\ti\ccsv6\tools\compiler\ti-cgt-arm_5.2.5\lib\</path>
         <kind>archive</kind>
         <file>rtsv7M4_T_le_v4SPD16_eabi.lib</file>
         <name>i_div0.obj</name>
      </input_file>
      <input_file id="fl-143">
         <path>C:\ti\TivaWare_C_Series-2.1.0.12573\driverlib\ccs\Debug\</path>
         <kind>archive</kind>
         <file>driverlib.lib</file>
         <name>uart.obj</name>
      </input_file>
      <input_file id="fl-144">
         <path>C:\ti\TivaWare_C_Series-2.1.0.12573\driverlib\ccs\Debug\</path>
         <kind>archive</kind>
         <file>driverlib.lib</file>
         <name>timer.obj</name>
      </input_file>
      <input_file id="fl-145">
         <path>C:\ti\TivaWare_C_Series-2.1.0.12573\driverlib\ccs\Debug\</path>
         <kind>archive</kind>
         <file>driverlib.lib</file>
         <name>systick.obj</name>
      </input_file>
      <input_file id="fl-146">
         <path>C:\ti\TivaWare_C_Series-2.1.0.12573\driverlib\ccs\Debug\</path>
         <kind>archive</kind>
         <file>driverlib.lib</file>
         <name>sysctl.obj</name>
      </input_file>
      <input_file id="fl-147">
         <path>C:\ti\TivaWare_C_Series-2.1.0.12573\driverlib\ccs\Debug\</path>
         <kind>archive</kind>
         <file>driverlib.lib</file>
         <name>ssi.obj</name>
      </input_file>
      <input_file id="fl-148">
         <path>C:\ti\TivaWare_C_Series-2.1.0.12573\driverlib\ccs\Debug\</path>
         <kind>archive</kind>
         <file>driverlib.lib</file>
         <name>interrupt.obj</name>
      </input_file>
      <input_file id="fl-149">
         <path>C:\ti\TivaWare_C_Series-2.1.0.12573\driverlib\ccs\Debug\</path>
         <kind>archive</kind>
         <file>driverlib.lib</file>
         <name>gpio.obj</name>
      </input_file>
      <input_file id="fl-14a">
         <path>C:\ti\TivaWare_C_Series-2.1.0.12573\driverlib\ccs\Debug\</path>
         <kind>archive</kind>
         <file>driverlib.lib</file>
         <name>fpu.obj</name>
      </input_file>
      <input_file id="fl-14b">
         <path>C:\ti\TivaWare_C_Series-2.1.0.12573\driverlib\ccs\Debug\</path>
         <kind>archive</kind>
         <file>driverlib.lib</file>
         <name>epi.obj</name>
      </input_file>
      <input_file id="fl-14c">
         <path>C:\ti\TivaWare_C_Series-2.1.0.12573\driverlib\ccs\Debug\</path>
         <kind>archive</kind>
         <file>driverlib.lib</file>
         <name>cpu.obj</name>
      </input_file>
      <input_file id="fl-14d">
         <path>C:\ti\TivaWare_C_Series-2.1.0.12573\driverlib\ccs\Debug\</path>
         <kind>archive</kind>
         <file>driverlib.lib</file>
         <name>adc.obj</name>
      </input_file>
   </input_file_list>
   <object_component_list>
      <object_component id="oc-f">
         <name>.intvecs</name>
         <load_address>0x0</load_address>
         <run_address>0x0</run_address>
         <size>0x208</size>
         <input_file_ref idref="fl-5"/>
      </object_component>
      <object_component id="oc-30">
         <name>.text</name>
         <load_address>0x56788</load_address>
         <run_address>0x56788</run_address>
         <size>0x19c0</size>
         <input_file_ref idref="fl-3"/>
      </object_component>
      <object_component id="oc-13b">
         <name>.text</name>
         <load_address>0x58148</load_address>
         <run_address>0x58148</run_address>
         <size>0x12bc</size>
         <input_file_ref idref="fl-8"/>
      </object_component>
      <object_component id="oc-a5">
         <name>.text</name>
         <load_address>0x59404</load_address>
         <run_address>0x59404</run_address>
         <size>0x49c</size>
         <input_file_ref idref="fl-6"/>
      </object_component>
      <object_component id="oc-36">
         <name>.text</name>
         <load_address>0x598a0</load_address>
         <run_address>0x598a0</run_address>
         <size>0x3e0</size>
         <input_file_ref idref="fl-9"/>
      </object_component>
      <object_component id="oc-178">
         <name>.text:SysCtlClockFreqSet</name>
         <load_address>0x59c80</load_address>
         <run_address>0x59c80</run_address>
         <size>0x1fc</size>
         <input_file_ref idref="fl-146"/>
      </object_component>
      <object_component id="oc-184">
         <name>.text</name>
         <load_address>0x59e7c</load_address>
         <run_address>0x59e7c</run_address>
         <size>0x144</size>
         <input_file_ref idref="fl-7"/>
      </object_component>
      <object_component id="oc-12c">
         <name>.text</name>
         <load_address>0x59fc0</load_address>
         <run_address>0x59fc0</run_address>
         <size>0x136</size>
         <input_file_ref idref="fl-136"/>
      </object_component>
      <object_component id="oc-21c">
         <name>.text:GPIOPadConfigSet</name>
         <load_address>0x5a0f6</load_address>
         <run_address>0x5a0f6</run_address>
         <size>0x130</size>
         <input_file_ref idref="fl-149"/>
      </object_component>
      <object_component id="oc-131">
         <name>.text</name>
         <load_address>0x5a226</load_address>
         <run_address>0x5a226</run_address>
         <size>0xfc</size>
         <input_file_ref idref="fl-137"/>
      </object_component>
      <object_component id="oc-3f">
         <name>.text</name>
         <load_address>0x5a322</load_address>
         <run_address>0x5a322</run_address>
         <size>0x9c</size>
         <input_file_ref idref="fl-139"/>
      </object_component>
      <object_component id="oc-bd">
         <name>.text:ADCSequenceStepConfigure</name>
         <load_address>0x5a3be</load_address>
         <run_address>0x5a3be</run_address>
         <size>0x80</size>
         <input_file_ref idref="fl-14d"/>
      </object_component>
      <object_component id="oc-58">
         <name>.text</name>
         <load_address>0x5a43e</load_address>
         <run_address>0x5a43e</run_address>
         <size>0x7a</size>
         <input_file_ref idref="fl-13a"/>
      </object_component>
      <object_component id="oc-6a">
         <name>.text</name>
         <load_address>0x5a4b8</load_address>
         <run_address>0x5a4b8</run_address>
         <size>0x6c</size>
         <input_file_ref idref="fl-140"/>
      </object_component>
      <object_component id="oc-4b">
         <name>.text</name>
         <load_address>0x5a524</load_address>
         <run_address>0x5a524</run_address>
         <size>0x6a</size>
         <input_file_ref idref="fl-133"/>
      </object_component>
      <object_component id="oc-324">
         <name>.text</name>
         <load_address>0x5a58e</load_address>
         <run_address>0x5a58e</run_address>
         <size>0x2</size>
         <input_file_ref idref="fl-142"/>
      </object_component>
      <object_component id="oc-1a2">
         <name>.text:IntEnable</name>
         <load_address>0x5a590</load_address>
         <run_address>0x5a590</run_address>
         <size>0x60</size>
         <input_file_ref idref="fl-148"/>
      </object_component>
      <object_component id="oc-e1">
         <name>.text:TimerConfigure</name>
         <load_address>0x5a5f0</load_address>
         <run_address>0x5a5f0</run_address>
         <size>0x5c</size>
         <input_file_ref idref="fl-144"/>
      </object_component>
      <object_component id="oc-190">
         <name>.text:GPIOIntTypeSet</name>
         <load_address>0x5a64c</load_address>
         <run_address>0x5a64c</run_address>
         <size>0x56</size>
         <input_file_ref idref="fl-149"/>
      </object_component>
      <object_component id="oc-24">
         <name>.text</name>
         <load_address>0x5a6a4</load_address>
         <run_address>0x5a6a4</run_address>
         <size>0x50</size>
         <input_file_ref idref="fl-131"/>
      </object_component>
      <object_component id="oc-1fb">
         <name>.text</name>
         <load_address>0x5a6f4</load_address>
         <run_address>0x5a6f4</run_address>
         <size>0x4c</size>
         <input_file_ref idref="fl-141"/>
      </object_component>
      <object_component id="oc-99">
         <name>.text:GPIOPinConfigure</name>
         <load_address>0x5a740</load_address>
         <run_address>0x5a740</run_address>
         <size>0x48</size>
         <input_file_ref idref="fl-149"/>
      </object_component>
      <object_component id="oc-2ab">
         <name>.text:_SysCtlFrequencyGet</name>
         <load_address>0x5a788</load_address>
         <run_address>0x5a788</run_address>
         <size>0x48</size>
         <input_file_ref idref="fl-146"/>
      </object_component>
      <object_component id="oc-136">
         <name>.text</name>
         <load_address>0x5a7d0</load_address>
         <run_address>0x5a7d0</run_address>
         <size>0x48</size>
         <input_file_ref idref="fl-138"/>
      </object_component>
      <object_component id="oc-76">
         <name>.text</name>
         <load_address>0x5a818</load_address>
         <run_address>0x5a818</run_address>
         <size>0x44</size>
         <input_file_ref idref="fl-135"/>
      </object_component>
      <object_component id="oc-1cb">
         <name>.text:SSIConfigSetExpClk</name>
         <load_address>0x5a85c</load_address>
         <run_address>0x5a85c</run_address>
         <size>0x42</size>
         <input_file_ref idref="fl-147"/>
      </object_component>
      <object_component id="oc-ab">
         <name>.text:UARTConfigSetExpClk</name>
         <load_address>0x5a89e</load_address>
         <run_address>0x5a89e</run_address>
         <size>0x40</size>
         <input_file_ref idref="fl-143"/>
      </object_component>
      <object_component id="oc-246">
         <name>.text</name>
         <load_address>0x5a8de</load_address>
         <run_address>0x5a8de</run_address>
         <size>0x40</size>
         <input_file_ref idref="fl-13d"/>
      </object_component>
      <object_component id="oc-b7">
         <name>.text:ADCSequenceConfigure</name>
         <load_address>0x5a91e</load_address>
         <run_address>0x5a91e</run_address>
         <size>0x3e</size>
         <input_file_ref idref="fl-14d"/>
      </object_component>
      <object_component id="oc-8d">
         <name>.text:SysCtlPeripheralEnable</name>
         <load_address>0x5a95c</load_address>
         <run_address>0x5a95c</run_address>
         <size>0x34</size>
         <input_file_ref idref="fl-146"/>
      </object_component>
      <object_component id="oc-22e">
         <name>.text:SysCtlPeripheralPresent</name>
         <load_address>0x5a990</load_address>
         <run_address>0x5a990</run_address>
         <size>0x34</size>
         <input_file_ref idref="fl-146"/>
      </object_component>
      <object_component id="oc-11b">
         <name>.text:ADCIntStatus</name>
         <load_address>0x5a9c4</load_address>
         <run_address>0x5a9c4</run_address>
         <size>0x2e</size>
         <input_file_ref idref="fl-14d"/>
      </object_component>
      <object_component id="oc-222">
         <name>.text:GPIODirModeSet</name>
         <load_address>0x5a9f2</load_address>
         <run_address>0x5a9f2</run_address>
         <size>0x2a</size>
         <input_file_ref idref="fl-149"/>
      </object_component>
      <object_component id="oc-19c">
         <name>.text:IntPrioritySet</name>
         <load_address>0x5aa1c</load_address>
         <run_address>0x5aa1c</run_address>
         <size>0x24</size>
         <input_file_ref idref="fl-148"/>
      </object_component>
      <object_component id="oc-2c9">
         <name>.text:EPIConfigHB16Set</name>
         <load_address>0x5aa40</load_address>
         <run_address>0x5aa40</run_address>
         <size>0x22</size>
         <input_file_ref idref="fl-14b"/>
      </object_component>
      <object_component id="oc-127">
         <name>.text</name>
         <load_address>0x5aa62</load_address>
         <run_address>0x5aa62</run_address>
         <size>0x20</size>
         <input_file_ref idref="fl-13e"/>
      </object_component>
      <object_component id="oc-121">
         <name>.text:ADCSequenceDataGet</name>
         <load_address>0x5aa82</load_address>
         <run_address>0x5aa82</run_address>
         <size>0x1e</size>
         <input_file_ref idref="fl-14d"/>
      </object_component>
      <object_component id="oc-cf">
         <name>.text:SysCtlGPIOAHBEnable</name>
         <load_address>0x5aaa0</load_address>
         <run_address>0x5aaa0</run_address>
         <size>0x1c</size>
         <input_file_ref idref="fl-146"/>
      </object_component>
      <object_component id="oc-252">
         <name>.text:UARTDisable</name>
         <load_address>0x5aabc</load_address>
         <run_address>0x5aabc</run_address>
         <size>0x1c</size>
         <input_file_ref idref="fl-143"/>
      </object_component>
      <object_component id="oc-2a5">
         <name>.text:_SysCtlMemTimingGet</name>
         <load_address>0x5aad8</load_address>
         <run_address>0x5aad8</run_address>
         <size>0x1c</size>
         <input_file_ref idref="fl-146"/>
      </object_component>
      <object_component id="oc-93">
         <name>.text:GPIOPinTypeGPIOOutput</name>
         <load_address>0x5aaf4</load_address>
         <run_address>0x5aaf4</run_address>
         <size>0x18</size>
         <input_file_ref idref="fl-149"/>
      </object_component>
      <object_component id="oc-70">
         <name>.text</name>
         <load_address>0x5ab0c</load_address>
         <run_address>0x5ab0c</run_address>
         <size>0x18</size>
         <input_file_ref idref="fl-13f"/>
      </object_component>
      <object_component id="oc-115">
         <name>.text:ADCProcessorTrigger</name>
         <load_address>0x5ab24</load_address>
         <run_address>0x5ab24</run_address>
         <size>0x16</size>
         <input_file_ref idref="fl-14d"/>
      </object_component>
      <object_component id="oc-1ae">
         <name>.text:SysTickIntEnable</name>
         <load_address>0x5ab3c</load_address>
         <run_address>0x5ab3c</run_address>
         <size>0x14</size>
         <input_file_ref idref="fl-145"/>
      </object_component>
      <object_component id="oc-f9">
         <name>.text:TimerDisable</name>
         <load_address>0x5ab50</load_address>
         <run_address>0x5ab50</run_address>
         <size>0x14</size>
         <input_file_ref idref="fl-144"/>
      </object_component>
      <object_component id="oc-234">
         <name>.text:UARTEnable</name>
         <load_address>0x5ab64</load_address>
         <run_address>0x5ab64</run_address>
         <size>0x14</size>
         <input_file_ref idref="fl-143"/>
      </object_component>
      <object_component id="oc-87">
         <name>.text</name>
         <load_address>0x5ab78</load_address>
         <run_address>0x5ab78</run_address>
         <size>0x14</size>
         <input_file_ref idref="fl-130"/>
      </object_component>
      <object_component id="oc-b1">
         <name>.text:GPIOPinTypeADC</name>
         <load_address>0x5ab8c</load_address>
         <run_address>0x5ab8c</run_address>
         <size>0x12</size>
         <input_file_ref idref="fl-149"/>
      </object_component>
      <object_component id="oc-2bd">
         <name>.text:GPIOPinTypeEPI</name>
         <load_address>0x5ab9e</load_address>
         <run_address>0x5ab9e</run_address>
         <size>0x12</size>
         <input_file_ref idref="fl-149"/>
      </object_component>
      <object_component id="oc-d5">
         <name>.text:GPIOPinTypeGPIOInput</name>
         <load_address>0x5abb0</load_address>
         <run_address>0x5abb0</run_address>
         <size>0x12</size>
         <input_file_ref idref="fl-149"/>
      </object_component>
      <object_component id="oc-1c5">
         <name>.text:GPIOPinTypeSSI</name>
         <load_address>0x5abc2</load_address>
         <run_address>0x5abc2</run_address>
         <size>0x12</size>
         <input_file_ref idref="fl-149"/>
      </object_component>
      <object_component id="oc-9f">
         <name>.text:GPIOPinTypeUART</name>
         <load_address>0x5abd4</load_address>
         <run_address>0x5abd4</run_address>
         <size>0x12</size>
         <input_file_ref idref="fl-149"/>
      </object_component>
      <object_component id="oc-1d7">
         <name>.text:SSIDataGetNonBlocking</name>
         <load_address>0x5abe6</load_address>
         <run_address>0x5abe6</run_address>
         <size>0x12</size>
         <input_file_ref idref="fl-147"/>
      </object_component>
      <object_component id="oc-e7">
         <name>.text:TimerLoadSet</name>
         <load_address>0x5abf8</load_address>
         <run_address>0x5abf8</run_address>
         <size>0x12</size>
         <input_file_ref idref="fl-144"/>
      </object_component>
      <object_component id="oc-16c">
         <name>.text:FPUEnable</name>
         <load_address>0x5ac0c</load_address>
         <run_address>0x5ac0c</run_address>
         <size>0x10</size>
         <input_file_ref idref="fl-14a"/>
      </object_component>
      <object_component id="oc-172">
         <name>.text:FPULazyStackingEnable</name>
         <load_address>0x5ac1c</load_address>
         <run_address>0x5ac1c</run_address>
         <size>0x10</size>
         <input_file_ref idref="fl-14a"/>
      </object_component>
      <object_component id="oc-17e">
         <name>.text:SysTickPeriodSet</name>
         <load_address>0x5ac2c</load_address>
         <run_address>0x5ac2c</run_address>
         <size>0x10</size>
         <input_file_ref idref="fl-145"/>
      </object_component>
      <object_component id="oc-c3">
         <name>.text:ADCSequenceEnable</name>
         <load_address>0x5ac3c</load_address>
         <run_address>0x5ac3c</run_address>
         <size>0xe</size>
         <input_file_ref idref="fl-14d"/>
      </object_component>
      <object_component id="oc-10f">
         <name>.text:TimerEnable</name>
         <load_address>0x5ac4a</load_address>
         <run_address>0x5ac4a</run_address>
         <size>0xe</size>
         <input_file_ref idref="fl-144"/>
      </object_component>
      <object_component id="oc-12">
         <name>.text:decompress:none</name>
         <load_address>0x5ac58</load_address>
         <run_address>0x5ac58</run_address>
         <size>0xe</size>
         <input_file_ref idref="fl-132"/>
      </object_component>
      <object_component id="oc-2e3">
         <name>.text:CPUcpsie</name>
         <load_address>0x5ac66</load_address>
         <run_address>0x5ac66</run_address>
         <size>0xc</size>
         <input_file_ref idref="fl-14c"/>
      </object_component>
      <object_component id="oc-18a">
         <name>.text:GPIOIntEnable</name>
         <load_address>0x5ac72</load_address>
         <run_address>0x5ac72</run_address>
         <size>0xc</size>
         <input_file_ref idref="fl-149"/>
      </object_component>
      <object_component id="oc-1b4">
         <name>.text:SSIDataGet</name>
         <load_address>0x5ac7e</load_address>
         <run_address>0x5ac7e</run_address>
         <size>0xc</size>
         <input_file_ref idref="fl-147"/>
      </object_component>
      <object_component id="oc-1e">
         <name>.text:decompress:ZI</name>
         <load_address>0x5ac8a</load_address>
         <run_address>0x5ac8a</run_address>
         <size>0xc</size>
         <input_file_ref idref="fl-134"/>
      </object_component>
      <object_component id="oc-2a">
         <name>.text</name>
         <load_address>0x5ac96</load_address>
         <run_address>0x5ac96</run_address>
         <size>0xc</size>
         <input_file_ref idref="fl-5"/>
      </object_component>
      <object_component id="oc-c9">
         <name>.text:ADCIntClear</name>
         <load_address>0x5aca2</load_address>
         <run_address>0x5aca2</run_address>
         <size>0xa</size>
         <input_file_ref idref="fl-14d"/>
      </object_component>
      <object_component id="oc-1a8">
         <name>.text:IntMasterEnable</name>
         <load_address>0x5acac</load_address>
         <run_address>0x5acac</run_address>
         <size>0xa</size>
         <input_file_ref idref="fl-148"/>
      </object_component>
      <object_component id="oc-196">
         <name>.text:SSIDataPut</name>
         <load_address>0x5acb6</load_address>
         <run_address>0x5acb6</run_address>
         <size>0xa</size>
         <input_file_ref idref="fl-147"/>
      </object_component>
      <object_component id="oc-1d1">
         <name>.text:SSIEnable</name>
         <load_address>0x5acc0</load_address>
         <run_address>0x5acc0</run_address>
         <size>0xa</size>
         <input_file_ref idref="fl-147"/>
      </object_component>
      <object_component id="oc-ff">
         <name>.text:TimerIntStatus</name>
         <load_address>0x5acca</load_address>
         <run_address>0x5acca</run_address>
         <size>0xa</size>
         <input_file_ref idref="fl-144"/>
      </object_component>
      <object_component id="oc-23a">
         <name>.text:UARTCharGet</name>
         <load_address>0x5acd4</load_address>
         <run_address>0x5acd4</run_address>
         <size>0xa</size>
         <input_file_ref idref="fl-143"/>
      </object_component>
      <object_component id="oc-166">
         <name>.text:UARTCharPut</name>
         <load_address>0x5acde</load_address>
         <run_address>0x5acde</run_address>
         <size>0xa</size>
         <input_file_ref idref="fl-143"/>
      </object_component>
      <object_component id="oc-ed">
         <name>.text:TimerIntEnable</name>
         <load_address>0x5ace8</load_address>
         <run_address>0x5ace8</run_address>
         <size>0x8</size>
         <input_file_ref idref="fl-144"/>
      </object_component>
      <object_component id="oc-160">
         <name>.text:GPIOPinRead</name>
         <load_address>0x5acf0</load_address>
         <run_address>0x5acf0</run_address>
         <size>0x6</size>
         <input_file_ref idref="fl-149"/>
      </object_component>
      <object_component id="oc-81">
         <name>.text:GPIOPinWrite</name>
         <load_address>0x5acf6</load_address>
         <run_address>0x5acf6</run_address>
         <size>0x6</size>
         <input_file_ref idref="fl-149"/>
      </object_component>
      <object_component id="oc-105">
         <name>.text:SysCtlDelay</name>
         <load_address>0x5acfc</load_address>
         <run_address>0x5acfc</run_address>
         <size>0x6</size>
         <input_file_ref idref="fl-146"/>
      </object_component>
      <object_component id="oc-db">
         <name>.text:TimerClockSourceSet</name>
         <load_address>0x5ad02</load_address>
         <run_address>0x5ad02</run_address>
         <size>0x6</size>
         <input_file_ref idref="fl-144"/>
      </object_component>
      <object_component id="oc-18">
         <name>.text:decompress:rle24</name>
         <load_address>0x5ad08</load_address>
         <run_address>0x5ad08</run_address>
         <size>0x6</size>
         <input_file_ref idref="fl-133"/>
      </object_component>
      <object_component id="oc-2cf">
         <name>.text:EPIAddressMapSet</name>
         <load_address>0x5ad0e</load_address>
         <run_address>0x5ad0e</run_address>
         <size>0x4</size>
         <input_file_ref idref="fl-14b"/>
      </object_component>
      <object_component id="oc-2c3">
         <name>.text:EPIModeSet</name>
         <load_address>0x5ad12</load_address>
         <run_address>0x5ad12</run_address>
         <size>0x4</size>
         <input_file_ref idref="fl-14b"/>
      </object_component>
      <object_component id="oc-109">
         <name>.text:TimerIntClear</name>
         <load_address>0x5ad16</load_address>
         <run_address>0x5ad16</run_address>
         <size>0x4</size>
         <input_file_ref idref="fl-144"/>
      </object_component>
      <object_component id="oc-64">
         <name>.text</name>
         <load_address>0x5ad1a</load_address>
         <run_address>0x5ad1a</run_address>
         <size>0x4</size>
         <input_file_ref idref="fl-13b"/>
      </object_component>
      <object_component id="oc-15d">
         <name>.const:.string:gImage_back</name>
         <load_address>0x208</load_address>
         <run_address>0x208</run_address>
         <size>0x2ee08</size>
         <input_file_ref idref="fl-3"/>
      </object_component>
      <object_component id="oc-144">
         <name>.const:.string:gImage_jay2</name>
         <load_address>0x2f010</load_address>
         <run_address>0x2f010</run_address>
         <size>0x4e20</size>
         <input_file_ref idref="fl-3"/>
      </object_component>
      <object_component id="oc-147">
         <name>.const:.string:gImage_jay3</name>
         <load_address>0x33e30</load_address>
         <run_address>0x33e30</run_address>
         <size>0x4e20</size>
         <input_file_ref idref="fl-3"/>
      </object_component>
      <object_component id="oc-14a">
         <name>.const:.string:gImage_jay4</name>
         <load_address>0x38c50</load_address>
         <run_address>0x38c50</run_address>
         <size>0x4e20</size>
         <input_file_ref idref="fl-3"/>
      </object_component>
      <object_component id="oc-141">
         <name>.const:.string:gImage_jay</name>
         <load_address>0x3da70</load_address>
         <run_address>0x3da70</run_address>
         <size>0x4e20</size>
         <input_file_ref idref="fl-3"/>
      </object_component>
      <object_component id="oc-150">
         <name>.const:.string:gImage_eason2</name>
         <load_address>0x42890</load_address>
         <run_address>0x42890</run_address>
         <size>0x4d58</size>
         <input_file_ref idref="fl-3"/>
      </object_component>
      <object_component id="oc-153">
         <name>.const:.string:gImage_eason3</name>
         <load_address>0x475e8</load_address>
         <run_address>0x475e8</run_address>
         <size>0x4d58</size>
         <input_file_ref idref="fl-3"/>
      </object_component>
      <object_component id="oc-156">
         <name>.const:.string:gImage_eason4</name>
         <load_address>0x4c340</load_address>
         <run_address>0x4c340</run_address>
         <size>0x4d58</size>
         <input_file_ref idref="fl-3"/>
      </object_component>
      <object_component id="oc-14d">
         <name>.const:.string:gImage_eason</name>
         <load_address>0x51098</load_address>
         <run_address>0x51098</run_address>
         <size>0x4d58</size>
         <input_file_ref idref="fl-3"/>
      </object_component>
      <object_component id="oc-28a">
         <name>.const:asc2_1608</name>
         <load_address>0x55df0</load_address>
         <run_address>0x55df0</run_address>
         <size>0x600</size>
         <input_file_ref idref="fl-8"/>
      </object_component>
      <object_component id="oc-2b4">
         <name>.const:g_pppui32XTALtoVCO</name>
         <load_address>0x563f0</load_address>
         <run_address>0x563f0</run_address>
         <size>0x120</size>
         <input_file_ref idref="fl-146"/>
      </object_component>
      <object_component id="oc-2da">
         <name>.const:g_pui32Regs</name>
         <load_address>0x56510</load_address>
         <run_address>0x56510</run_address>
         <size>0x9c</size>
         <input_file_ref idref="fl-148"/>
      </object_component>
      <object_component id="oc-229">
         <name>.const:g_pui32GPIOBaseAddrs</name>
         <load_address>0x565ac</load_address>
         <run_address>0x565ac</run_address>
         <size>0x90</size>
         <input_file_ref idref="fl-149"/>
      </object_component>
      <object_component id="oc-2df">
         <name>.const</name>
         <load_address>0x5663c</load_address>
         <run_address>0x5663c</run_address>
         <size>0x70</size>
         <input_file_ref idref="fl-148"/>
      </object_component>
      <object_component id="oc-2b1">
         <name>.const:g_pui32Xtals</name>
         <load_address>0x566ac</load_address>
         <run_address>0x566ac</run_address>
         <size>0x6c</size>
         <input_file_ref idref="fl-146"/>
      </object_component>
      <object_component id="oc-33f">
         <name>.const:g_sXTALtoMEMTIM</name>
         <load_address>0x56718</load_address>
         <run_address>0x56718</run_address>
         <size>0x30</size>
         <input_file_ref idref="fl-146"/>
      </object_component>
      <object_component id="oc-240">
         <name>.const</name>
         <load_address>0x56748</load_address>
         <run_address>0x56748</run_address>
         <size>0x1c</size>
         <input_file_ref idref="fl-6"/>
      </object_component>
      <object_component id="oc-31f">
         <name>.const:.string</name>
         <load_address>0x56764</load_address>
         <run_address>0x56764</run_address>
         <size>0x12</size>
         <input_file_ref idref="fl-6"/>
      </object_component>
      <object_component id="oc-f3">
         <name>.const:.string</name>
         <load_address>0x56776</load_address>
         <run_address>0x56776</run_address>
         <size>0x8</size>
         <input_file_ref idref="fl-3"/>
      </object_component>
      <object_component id="oc-2b7">
         <name>.const</name>
         <load_address>0x56780</load_address>
         <run_address>0x56780</run_address>
         <size>0x8</size>
         <input_file_ref idref="fl-146"/>
      </object_component>
      <object_component id="oc-389">
         <name>.cinit..data.load</name>
         <load_address>0x5ad20</load_address>
         <run_address>0x5ad20</run_address>
         <size>0x4c</size>
      </object_component>
      <object_component id="oc-387">
         <name>__TI_handler_table</name>
         <load_address>0x5ad6c</load_address>
         <run_address>0x5ad6c</run_address>
         <size>0xc</size>
      </object_component>
      <object_component id="oc-38a">
         <name>.cinit..bss.load</name>
         <load_address>0x5ad78</load_address>
         <run_address>0x5ad78</run_address>
         <size>0x8</size>
      </object_component>
      <object_component id="oc-388">
         <name>__TI_cinit_table</name>
         <load_address>0x5ad80</load_address>
         <run_address>0x5ad80</run_address>
         <size>0x10</size>
      </object_component>
      <object_component id="oc-29">
         <name>.stack</name>
         <uninitialized>true</uninitialized>
         <run_address>0x20000000</run_address>
         <size>0x0</size>
         <input_file_ref idref="fl-131"/>
      </object_component>
      <object_component id="oc-38b">
         <name>.stack</name>
         <uninitialized>true</uninitialized>
         <run_address>0x20000000</run_address>
         <size>0x0</size>
      </object_component>
      <object_component id="oc-f6">
         <name>.common:g_ui32SysClock</name>
         <uninitialized>true</uninitialized>
         <run_address>0x200002a0</run_address>
         <size>0x4</size>
      </object_component>
      <object_component id="oc-15b">
         <name>.common:ulADC0_Value</name>
         <uninitialized>true</uninitialized>
         <run_address>0x200002a4</run_address>
         <size>0x4</size>
      </object_component>
      <object_component id="oc-15c">
         <name>.common:v</name>
         <uninitialized>true</uninitialized>
         <run_address>0x200002a8</run_address>
         <size>0x4</size>
      </object_component>
      <object_component id="oc-159">
         <name>.common:TouchXData</name>
         <uninitialized>true</uninitialized>
         <run_address>0x20000270</run_address>
         <size>0x18</size>
      </object_component>
      <object_component id="oc-15a">
         <name>.common:TouchYData</name>
         <uninitialized>true</uninitialized>
         <run_address>0x20000288</run_address>
         <size>0x18</size>
      </object_component>
      <object_component id="oc-106">
         <name>.data</name>
         <load_address>0x20000200</load_address>
         <run_address>0x20000200</run_address>
         <size>0x4a</size>
         <input_file_ref idref="fl-3"/>
      </object_component>
      <object_component id="oc-243">
         <name>.data</name>
         <load_address>0x20000264</load_address>
         <run_address>0x20000264</run_address>
         <size>0x5</size>
         <input_file_ref idref="fl-6"/>
      </object_component>
      <object_component id="oc-287">
         <name>.data</name>
         <load_address>0x2000024c</load_address>
         <run_address>0x2000024c</run_address>
         <size>0x8</size>
         <input_file_ref idref="fl-8"/>
      </object_component>
      <object_component id="oc-205">
         <name>.data</name>
         <load_address>0x20000254</load_address>
         <run_address>0x20000254</run_address>
         <size>0x8</size>
         <input_file_ref idref="fl-130"/>
      </object_component>
      <object_component id="oc-208">
         <name>.data</name>
         <load_address>0x2000025c</load_address>
         <run_address>0x2000025c</run_address>
         <size>0x8</size>
         <input_file_ref idref="fl-135"/>
      </object_component>
      <object_component id="oc-7c">
         <name>.data</name>
         <load_address>0x2000026c</load_address>
         <run_address>0x2000026c</run_address>
         <size>0x4</size>
         <input_file_ref idref="fl-13c"/>
      </object_component>
      <object_component id="oc-279">
         <name>.debug_info</name>
         <load_address>0x0</load_address>
         <run_address>0x0</run_address>
         <size>0xae</size>
         <input_file_ref idref="fl-2"/>
      </object_component>
      <object_component id="oc-1e2">
         <name>.debug_info</name>
         <load_address>0xae</load_address>
         <run_address>0xae</run_address>
         <size>0x84</size>
         <input_file_ref idref="fl-2"/>
      </object_component>
      <object_component id="oc-f7">
         <name>.debug_info</name>
         <load_address>0x132</load_address>
         <run_address>0x132</run_address>
         <size>0xf79</size>
         <input_file_ref idref="fl-3"/>
      </object_component>
      <object_component id="oc-15e">
         <name>.debug_info</name>
         <load_address>0x10ab</load_address>
         <run_address>0x10ab</run_address>
         <size>0xdb</size>
         <input_file_ref idref="fl-3"/>
      </object_component>
      <object_component id="oc-142">
         <name>.debug_info</name>
         <load_address>0x1186</load_address>
         <run_address>0x1186</run_address>
         <size>0xda</size>
         <input_file_ref idref="fl-3"/>
      </object_component>
      <object_component id="oc-145">
         <name>.debug_info</name>
         <load_address>0x1260</load_address>
         <run_address>0x1260</run_address>
         <size>0xdc</size>
         <input_file_ref idref="fl-3"/>
      </object_component>
      <object_component id="oc-148">
         <name>.debug_info</name>
         <load_address>0x133c</load_address>
         <run_address>0x133c</run_address>
         <size>0xdc</size>
         <input_file_ref idref="fl-3"/>
      </object_component>
      <object_component id="oc-14b">
         <name>.debug_info</name>
         <load_address>0x1418</load_address>
         <run_address>0x1418</run_address>
         <size>0xdc</size>
         <input_file_ref idref="fl-3"/>
      </object_component>
      <object_component id="oc-14e">
         <name>.debug_info</name>
         <load_address>0x14f4</load_address>
         <run_address>0x14f4</run_address>
         <size>0xde</size>
         <input_file_ref idref="fl-3"/>
      </object_component>
      <object_component id="oc-151">
         <name>.debug_info</name>
         <load_address>0x15d2</load_address>
         <run_address>0x15d2</run_address>
         <size>0xe0</size>
         <input_file_ref idref="fl-3"/>
      </object_component>
      <object_component id="oc-154">
         <name>.debug_info</name>
         <load_address>0x16b2</load_address>
         <run_address>0x16b2</run_address>
         <size>0xe0</size>
         <input_file_ref idref="fl-3"/>
      </object_component>
      <object_component id="oc-157">
         <name>.debug_info</name>
         <load_address>0x1792</load_address>
         <run_address>0x1792</run_address>
         <size>0xe0</size>
         <input_file_ref idref="fl-3"/>
      </object_component>
      <object_component id="oc-107">
         <name>.debug_info</name>
         <load_address>0x1872</load_address>
         <run_address>0x1872</run_address>
         <size>0x22a</size>
         <input_file_ref idref="fl-3"/>
      </object_component>
      <object_component id="oc-f4">
         <name>.debug_info</name>
         <load_address>0x1a9c</load_address>
         <run_address>0x1a9c</run_address>
         <size>0x130</size>
         <input_file_ref idref="fl-3"/>
      </object_component>
      <object_component id="oc-31">
         <name>.debug_info</name>
         <load_address>0x1bcc</load_address>
         <run_address>0x1bcc</run_address>
         <size>0x39b5</size>
         <input_file_ref idref="fl-3"/>
      </object_component>
      <object_component id="oc-26b">
         <name>.debug_info</name>
         <load_address>0x5581</load_address>
         <run_address>0x5581</run_address>
         <size>0x6bd</size>
         <input_file_ref idref="fl-3"/>
      </object_component>
      <object_component id="oc-1bb">
         <name>.debug_info</name>
         <load_address>0x5c3e</load_address>
         <run_address>0x5c3e</run_address>
         <size>0x8b</size>
         <input_file_ref idref="fl-3"/>
      </object_component>
      <object_component id="oc-1c0">
         <name>.debug_info</name>
         <load_address>0x5cc9</load_address>
         <run_address>0x5cc9</run_address>
         <size>0x18b</size>
         <input_file_ref idref="fl-3"/>
      </object_component>
      <object_component id="oc-1f2">
         <name>.debug_info</name>
         <load_address>0x5e54</load_address>
         <run_address>0x5e54</run_address>
         <size>0x2c</size>
         <input_file_ref idref="fl-3"/>
      </object_component>
      <object_component id="oc-24d">
         <name>.debug_info</name>
         <load_address>0x5e80</load_address>
         <run_address>0x5e80</run_address>
         <size>0x4e</size>
         <input_file_ref idref="fl-3"/>
      </object_component>
      <object_component id="oc-3e">
         <name>.debug_info</name>
         <load_address>0x5ece</load_address>
         <run_address>0x5ece</run_address>
         <size>0x19e</size>
         <input_file_ref idref="fl-5"/>
      </object_component>
      <object_component id="oc-10">
         <name>.debug_info</name>
         <load_address>0x606c</load_address>
         <run_address>0x606c</run_address>
         <size>0xed</size>
         <input_file_ref idref="fl-5"/>
      </object_component>
      <object_component id="oc-2b">
         <name>.debug_info</name>
         <load_address>0x6159</load_address>
         <run_address>0x6159</run_address>
         <size>0x26c</size>
         <input_file_ref idref="fl-5"/>
      </object_component>
      <object_component id="oc-24c">
         <name>.debug_info</name>
         <load_address>0x63c5</load_address>
         <run_address>0x63c5</run_address>
         <size>0x262</size>
         <input_file_ref idref="fl-6"/>
      </object_component>
      <object_component id="oc-244">
         <name>.debug_info</name>
         <load_address>0x6627</load_address>
         <run_address>0x6627</run_address>
         <size>0xff</size>
         <input_file_ref idref="fl-6"/>
      </object_component>
      <object_component id="oc-241">
         <name>.debug_info</name>
         <load_address>0x6726</load_address>
         <run_address>0x6726</run_address>
         <size>0x155</size>
         <input_file_ref idref="fl-6"/>
      </object_component>
      <object_component id="oc-a8">
         <name>.debug_info</name>
         <load_address>0x687b</load_address>
         <run_address>0x687b</run_address>
         <size>0x97c</size>
         <input_file_ref idref="fl-6"/>
      </object_component>
      <object_component id="oc-185">
         <name>.debug_info</name>
         <load_address>0x71f7</load_address>
         <run_address>0x71f7</run_address>
         <size>0x28f</size>
         <input_file_ref idref="fl-7"/>
      </object_component>
      <object_component id="oc-28e">
         <name>.debug_info</name>
         <load_address>0x7486</load_address>
         <run_address>0x7486</run_address>
         <size>0x46a</size>
         <input_file_ref idref="fl-8"/>
      </object_component>
      <object_component id="oc-28b">
         <name>.debug_info</name>
         <load_address>0x78f0</load_address>
         <run_address>0x78f0</run_address>
         <size>0xf0</size>
         <input_file_ref idref="fl-8"/>
      </object_component>
      <object_component id="oc-288">
         <name>.debug_info</name>
         <load_address>0x79e0</load_address>
         <run_address>0x79e0</run_address>
         <size>0x119</size>
         <input_file_ref idref="fl-8"/>
      </object_component>
      <object_component id="oc-13c">
         <name>.debug_info</name>
         <load_address>0x7af9</load_address>
         <run_address>0x7af9</run_address>
         <size>0x1ea0</size>
         <input_file_ref idref="fl-8"/>
      </object_component>
      <object_component id="oc-336">
         <name>.debug_info</name>
         <load_address>0x9999</load_address>
         <run_address>0x9999</run_address>
         <size>0x47</size>
         <input_file_ref idref="fl-8"/>
      </object_component>
      <object_component id="oc-1de">
         <name>.debug_info</name>
         <load_address>0x99e0</load_address>
         <run_address>0x99e0</run_address>
         <size>0x345</size>
         <input_file_ref idref="fl-9"/>
      </object_component>
      <object_component id="oc-38">
         <name>.debug_info</name>
         <load_address>0x9d25</load_address>
         <run_address>0x9d25</run_address>
         <size>0xb07</size>
         <input_file_ref idref="fl-9"/>
      </object_component>
      <object_component id="oc-218">
         <name>.debug_info</name>
         <load_address>0xa82c</load_address>
         <run_address>0xa82c</run_address>
         <size>0x105</size>
         <input_file_ref idref="fl-130"/>
      </object_component>
      <object_component id="oc-206">
         <name>.debug_info</name>
         <load_address>0xa931</load_address>
         <run_address>0xa931</run_address>
         <size>0xf4</size>
         <input_file_ref idref="fl-130"/>
      </object_component>
      <object_component id="oc-89">
         <name>.debug_info</name>
         <load_address>0xaa25</load_address>
         <run_address>0xaa25</run_address>
         <size>0x200</size>
         <input_file_ref idref="fl-130"/>
      </object_component>
      <object_component id="oc-25">
         <name>.debug_info</name>
         <load_address>0xac25</load_address>
         <run_address>0xac25</run_address>
         <size>0x134</size>
         <input_file_ref idref="fl-131"/>
      </object_component>
      <object_component id="oc-4a">
         <name>.debug_info</name>
         <load_address>0xad59</load_address>
         <run_address>0xad59</run_address>
         <size>0x121</size>
         <input_file_ref idref="fl-132"/>
      </object_component>
      <object_component id="oc-15">
         <name>.debug_info</name>
         <load_address>0xae7a</load_address>
         <run_address>0xae7a</run_address>
         <size>0x1c0</size>
         <input_file_ref idref="fl-132"/>
      </object_component>
      <object_component id="oc-45">
         <name>.debug_info</name>
         <load_address>0xb03a</load_address>
         <run_address>0xb03a</run_address>
         <size>0x46</size>
         <input_file_ref idref="fl-132"/>
      </object_component>
      <object_component id="oc-1e8">
         <name>.debug_info</name>
         <load_address>0xb080</load_address>
         <run_address>0xb080</run_address>
         <size>0x2c</size>
         <input_file_ref idref="fl-132"/>
      </object_component>
      <object_component id="oc-52">
         <name>.debug_info</name>
         <load_address>0xb0ac</load_address>
         <run_address>0xb0ac</run_address>
         <size>0x115</size>
         <input_file_ref idref="fl-133"/>
      </object_component>
      <object_component id="oc-4c">
         <name>.debug_info</name>
         <load_address>0xb1c1</load_address>
         <run_address>0xb1c1</run_address>
         <size>0x228</size>
         <input_file_ref idref="fl-133"/>
      </object_component>
      <object_component id="oc-19">
         <name>.debug_info</name>
         <load_address>0xb3e9</load_address>
         <run_address>0xb3e9</run_address>
         <size>0x192</size>
         <input_file_ref idref="fl-133"/>
      </object_component>
      <object_component id="oc-53">
         <name>.debug_info</name>
         <load_address>0xb57b</load_address>
         <run_address>0xb57b</run_address>
         <size>0x39</size>
         <input_file_ref idref="fl-133"/>
      </object_component>
      <object_component id="oc-63">
         <name>.debug_info</name>
         <load_address>0xb5b4</load_address>
         <run_address>0xb5b4</run_address>
         <size>0x110</size>
         <input_file_ref idref="fl-134"/>
      </object_component>
      <object_component id="oc-22">
         <name>.debug_info</name>
         <load_address>0xb6c4</load_address>
         <run_address>0xb6c4</run_address>
         <size>0x18b</size>
         <input_file_ref idref="fl-134"/>
      </object_component>
      <object_component id="oc-5e">
         <name>.debug_info</name>
         <load_address>0xb84f</load_address>
         <run_address>0xb84f</run_address>
         <size>0x46</size>
         <input_file_ref idref="fl-134"/>
      </object_component>
      <object_component id="oc-20c">
         <name>.debug_info</name>
         <load_address>0xb895</load_address>
         <run_address>0xb895</run_address>
         <size>0x172</size>
         <input_file_ref idref="fl-135"/>
      </object_component>
      <object_component id="oc-209">
         <name>.debug_info</name>
         <load_address>0xba07</load_address>
         <run_address>0xba07</run_address>
         <size>0x117</size>
         <input_file_ref idref="fl-135"/>
      </object_component>
      <object_component id="oc-7a">
         <name>.debug_info</name>
         <load_address>0xbb1e</load_address>
         <run_address>0xbb1e</run_address>
         <size>0x1ee</size>
         <input_file_ref idref="fl-135"/>
      </object_component>
      <object_component id="oc-12d">
         <name>.debug_info</name>
         <load_address>0xbd0c</load_address>
         <run_address>0xbd0c</run_address>
         <size>0x117</size>
         <input_file_ref idref="fl-136"/>
      </object_component>
      <object_component id="oc-132">
         <name>.debug_info</name>
         <load_address>0xbe23</load_address>
         <run_address>0xbe23</run_address>
         <size>0x117</size>
         <input_file_ref idref="fl-137"/>
      </object_component>
      <object_component id="oc-139">
         <name>.debug_info</name>
         <load_address>0xbf3a</load_address>
         <run_address>0xbf3a</run_address>
         <size>0x112</size>
         <input_file_ref idref="fl-138"/>
      </object_component>
      <object_component id="oc-40">
         <name>.debug_info</name>
         <load_address>0xc04c</load_address>
         <run_address>0xc04c</run_address>
         <size>0xf6</size>
         <input_file_ref idref="fl-139"/>
      </object_component>
      <object_component id="oc-5a">
         <name>.debug_info</name>
         <load_address>0xc142</load_address>
         <run_address>0xc142</run_address>
         <size>0x124</size>
         <input_file_ref idref="fl-13a"/>
      </object_component>
      <object_component id="oc-66">
         <name>.debug_info</name>
         <load_address>0xc266</load_address>
         <run_address>0xc266</run_address>
         <size>0x129</size>
         <input_file_ref idref="fl-13b"/>
      </object_component>
      <object_component id="oc-7d">
         <name>.debug_info</name>
         <load_address>0xc38f</load_address>
         <run_address>0xc38f</run_address>
         <size>0xea</size>
         <input_file_ref idref="fl-13c"/>
      </object_component>
      <object_component id="oc-248">
         <name>.debug_info</name>
         <load_address>0xc479</load_address>
         <run_address>0xc479</run_address>
         <size>0x11f</size>
         <input_file_ref idref="fl-13d"/>
      </object_component>
      <object_component id="oc-12a">
         <name>.debug_info</name>
         <load_address>0xc598</load_address>
         <run_address>0xc598</run_address>
         <size>0x10b</size>
         <input_file_ref idref="fl-13e"/>
      </object_component>
      <object_component id="oc-204">
         <name>.debug_info</name>
         <load_address>0xc6a3</load_address>
         <run_address>0xc6a3</run_address>
         <size>0x147</size>
         <input_file_ref idref="fl-13f"/>
      </object_component>
      <object_component id="oc-72">
         <name>.debug_info</name>
         <load_address>0xc7ea</load_address>
         <run_address>0xc7ea</run_address>
         <size>0x148</size>
         <input_file_ref idref="fl-13f"/>
      </object_component>
      <object_component id="oc-302">
         <name>.debug_info</name>
         <load_address>0xc932</load_address>
         <run_address>0xc932</run_address>
         <size>0x5e</size>
         <input_file_ref idref="fl-13f"/>
      </object_component>
      <object_component id="oc-202">
         <name>.debug_info</name>
         <load_address>0xc990</load_address>
         <run_address>0xc990</run_address>
         <size>0x29e</size>
         <input_file_ref idref="fl-140"/>
      </object_component>
      <object_component id="oc-6e">
         <name>.debug_info</name>
         <load_address>0xcc2e</load_address>
         <run_address>0xcc2e</run_address>
         <size>0x158</size>
         <input_file_ref idref="fl-140"/>
      </object_component>
      <object_component id="oc-2f6">
         <name>.debug_info</name>
         <load_address>0xcd86</load_address>
         <run_address>0xcd86</run_address>
         <size>0x39</size>
         <input_file_ref idref="fl-140"/>
      </object_component>
      <object_component id="oc-2fb">
         <name>.debug_info</name>
         <load_address>0xcdbf</load_address>
         <run_address>0xcdbf</run_address>
         <size>0xcd</size>
         <input_file_ref idref="fl-140"/>
      </object_component>
      <object_component id="oc-2f3">
         <name>.debug_info</name>
         <load_address>0xce8c</load_address>
         <run_address>0xce8c</run_address>
         <size>0x1c1</size>
         <input_file_ref idref="fl-141"/>
      </object_component>
      <object_component id="oc-1fd">
         <name>.debug_info</name>
         <load_address>0xd04d</load_address>
         <run_address>0xd04d</run_address>
         <size>0x164</size>
         <input_file_ref idref="fl-141"/>
      </object_component>
      <object_component id="oc-35c">
         <name>.debug_info</name>
         <load_address>0xd1b1</load_address>
         <run_address>0xd1b1</run_address>
         <size>0x2c</size>
         <input_file_ref idref="fl-141"/>
      </object_component>
      <object_component id="oc-326">
         <name>.debug_info</name>
         <load_address>0xd1dd</load_address>
         <run_address>0xd1dd</run_address>
         <size>0x128</size>
         <input_file_ref idref="fl-142"/>
      </object_component>
      <object_component id="oc-259">
         <name>.debug_info</name>
         <load_address>0xd305</load_address>
         <run_address>0xd305</run_address>
         <size>0x1ce</size>
         <input_file_ref idref="fl-143"/>
      </object_component>
      <object_component id="oc-235">
         <name>.debug_info</name>
         <load_address>0xd4d3</load_address>
         <run_address>0xd4d3</run_address>
         <size>0x1ab</size>
         <input_file_ref idref="fl-143"/>
      </object_component>
      <object_component id="oc-254">
         <name>.debug_info</name>
         <load_address>0xd67e</load_address>
         <run_address>0xd67e</run_address>
         <size>0x233</size>
         <input_file_ref idref="fl-143"/>
      </object_component>
      <object_component id="oc-ad">
         <name>.debug_info</name>
         <load_address>0xd8b1</load_address>
         <run_address>0xd8b1</run_address>
         <size>0x28a</size>
         <input_file_ref idref="fl-143"/>
      </object_component>
      <object_component id="oc-167">
         <name>.debug_info</name>
         <load_address>0xdb3b</load_address>
         <run_address>0xdb3b</run_address>
         <size>0x25d</size>
         <input_file_ref idref="fl-143"/>
      </object_component>
      <object_component id="oc-23b">
         <name>.debug_info</name>
         <load_address>0xdd98</load_address>
         <run_address>0xdd98</run_address>
         <size>0x237</size>
         <input_file_ref idref="fl-143"/>
      </object_component>
      <object_component id="oc-272">
         <name>.debug_info</name>
         <load_address>0xdfcf</load_address>
         <run_address>0xdfcf</run_address>
         <size>0x90</size>
         <input_file_ref idref="fl-143"/>
      </object_component>
      <object_component id="oc-211">
         <name>.debug_info</name>
         <load_address>0xe05f</load_address>
         <run_address>0xe05f</run_address>
         <size>0x18b</size>
         <input_file_ref idref="fl-143"/>
      </object_component>
      <object_component id="oc-263">
         <name>.debug_info</name>
         <load_address>0xe1ea</load_address>
         <run_address>0xe1ea</run_address>
         <size>0x1cf</size>
         <input_file_ref idref="fl-144"/>
      </object_component>
      <object_component id="oc-e8">
         <name>.debug_info</name>
         <load_address>0xe3b9</load_address>
         <run_address>0xe3b9</run_address>
         <size>0x21e</size>
         <input_file_ref idref="fl-144"/>
      </object_component>
      <object_component id="oc-100">
         <name>.debug_info</name>
         <load_address>0xe5d7</load_address>
         <run_address>0xe5d7</run_address>
         <size>0x1e8</size>
         <input_file_ref idref="fl-144"/>
      </object_component>
      <object_component id="oc-ef">
         <name>.debug_info</name>
         <load_address>0xe7bf</load_address>
         <run_address>0xe7bf</run_address>
         <size>0x1f8</size>
         <input_file_ref idref="fl-144"/>
      </object_component>
      <object_component id="oc-10b">
         <name>.debug_info</name>
         <load_address>0xe9b7</load_address>
         <run_address>0xe9b7</run_address>
         <size>0x1f6</size>
         <input_file_ref idref="fl-144"/>
      </object_component>
      <object_component id="oc-111">
         <name>.debug_info</name>
         <load_address>0xebad</load_address>
         <run_address>0xebad</run_address>
         <size>0x1e3</size>
         <input_file_ref idref="fl-144"/>
      </object_component>
      <object_component id="oc-fb">
         <name>.debug_info</name>
         <load_address>0xed90</load_address>
         <run_address>0xed90</run_address>
         <size>0x1e5</size>
         <input_file_ref idref="fl-144"/>
      </object_component>
      <object_component id="oc-e3">
         <name>.debug_info</name>
         <load_address>0xef75</load_address>
         <run_address>0xef75</run_address>
         <size>0x1f0</size>
         <input_file_ref idref="fl-144"/>
      </object_component>
      <object_component id="oc-dd">
         <name>.debug_info</name>
         <load_address>0xf165</load_address>
         <run_address>0xf165</run_address>
         <size>0x1fa</size>
         <input_file_ref idref="fl-144"/>
      </object_component>
      <object_component id="oc-2bc">
         <name>.debug_info</name>
         <load_address>0xf35f</load_address>
         <run_address>0xf35f</run_address>
         <size>0x144</size>
         <input_file_ref idref="fl-145"/>
      </object_component>
      <object_component id="oc-180">
         <name>.debug_info</name>
         <load_address>0xf4a3</load_address>
         <run_address>0xf4a3</run_address>
         <size>0x1c5</size>
         <input_file_ref idref="fl-145"/>
      </object_component>
      <object_component id="oc-1b1">
         <name>.debug_info</name>
         <load_address>0xf668</load_address>
         <run_address>0xf668</run_address>
         <size>0x18b</size>
         <input_file_ref idref="fl-145"/>
      </object_component>
      <object_component id="oc-21b">
         <name>.debug_info</name>
         <load_address>0xf7f3</load_address>
         <run_address>0xf7f3</run_address>
         <size>0x226</size>
         <input_file_ref idref="fl-146"/>
      </object_component>
      <object_component id="oc-2b2">
         <name>.debug_info</name>
         <load_address>0xfa19</load_address>
         <run_address>0xfa19</run_address>
         <size>0xff</size>
         <input_file_ref idref="fl-146"/>
      </object_component>
      <object_component id="oc-2b5">
         <name>.debug_info</name>
         <load_address>0xfb18</load_address>
         <run_address>0xfb18</run_address>
         <size>0x10b</size>
         <input_file_ref idref="fl-146"/>
      </object_component>
      <object_component id="oc-340">
         <name>.debug_info</name>
         <load_address>0xfc23</load_address>
         <run_address>0xfc23</run_address>
         <size>0x105</size>
         <input_file_ref idref="fl-146"/>
      </object_component>
      <object_component id="oc-2b8">
         <name>.debug_info</name>
         <load_address>0xfd28</load_address>
         <run_address>0xfd28</run_address>
         <size>0x112</size>
         <input_file_ref idref="fl-146"/>
      </object_component>
      <object_component id="oc-22f">
         <name>.debug_info</name>
         <load_address>0xfe3a</load_address>
         <run_address>0xfe3a</run_address>
         <size>0x1e7</size>
         <input_file_ref idref="fl-146"/>
      </object_component>
      <object_component id="oc-8e">
         <name>.debug_info</name>
         <load_address>0x10021</load_address>
         <run_address>0x10021</run_address>
         <size>0x1e1</size>
         <input_file_ref idref="fl-146"/>
      </object_component>
      <object_component id="oc-d1">
         <name>.debug_info</name>
         <load_address>0x10202</load_address>
         <run_address>0x10202</run_address>
         <size>0x1eb</size>
         <input_file_ref idref="fl-146"/>
      </object_component>
      <object_component id="oc-2a7">
         <name>.debug_info</name>
         <load_address>0x103ed</load_address>
         <run_address>0x103ed</run_address>
         <size>0x264</size>
         <input_file_ref idref="fl-146"/>
      </object_component>
      <object_component id="oc-2ad">
         <name>.debug_info</name>
         <load_address>0x10651</load_address>
         <run_address>0x10651</run_address>
         <size>0x21e</size>
         <input_file_ref idref="fl-146"/>
      </object_component>
      <object_component id="oc-17a">
         <name>.debug_info</name>
         <load_address>0x1086f</load_address>
         <run_address>0x1086f</run_address>
         <size>0x4c5</size>
         <input_file_ref idref="fl-146"/>
      </object_component>
      <object_component id="oc-313">
         <name>.debug_info</name>
         <load_address>0x10d34</load_address>
         <run_address>0x10d34</run_address>
         <size>0x5f</size>
         <input_file_ref idref="fl-146"/>
      </object_component>
      <object_component id="oc-2d9">
         <name>.debug_info</name>
         <load_address>0x10d93</load_address>
         <run_address>0x10d93</run_address>
         <size>0x1c3</size>
         <input_file_ref idref="fl-147"/>
      </object_component>
      <object_component id="oc-1d3">
         <name>.debug_info</name>
         <load_address>0x10f56</load_address>
         <run_address>0x10f56</run_address>
         <size>0x1a6</size>
         <input_file_ref idref="fl-147"/>
      </object_component>
      <object_component id="oc-198">
         <name>.debug_info</name>
         <load_address>0x110fc</load_address>
         <run_address>0x110fc</run_address>
         <size>0x25f</size>
         <input_file_ref idref="fl-147"/>
      </object_component>
      <object_component id="oc-1d9">
         <name>.debug_info</name>
         <load_address>0x1135b</load_address>
         <run_address>0x1135b</run_address>
         <size>0x1fe</size>
         <input_file_ref idref="fl-147"/>
      </object_component>
      <object_component id="oc-1b6">
         <name>.debug_info</name>
         <load_address>0x11559</load_address>
         <run_address>0x11559</run_address>
         <size>0x263</size>
         <input_file_ref idref="fl-147"/>
      </object_component>
      <object_component id="oc-1cd">
         <name>.debug_info</name>
         <load_address>0x117bc</load_address>
         <run_address>0x117bc</run_address>
         <size>0x3c2</size>
         <input_file_ref idref="fl-147"/>
      </object_component>
      <object_component id="oc-2de">
         <name>.debug_info</name>
         <load_address>0x11b7e</load_address>
         <run_address>0x11b7e</run_address>
         <size>0x1ba</size>
         <input_file_ref idref="fl-148"/>
      </object_component>
      <object_component id="oc-2e0">
         <name>.debug_info</name>
         <load_address>0x11d38</load_address>
         <run_address>0x11d38</run_address>
         <size>0x1c2</size>
         <input_file_ref idref="fl-148"/>
      </object_component>
      <object_component id="oc-2db">
         <name>.debug_info</name>
         <load_address>0x11efa</load_address>
         <run_address>0x11efa</run_address>
         <size>0x100</size>
         <input_file_ref idref="fl-148"/>
      </object_component>
      <object_component id="oc-19d">
         <name>.debug_info</name>
         <load_address>0x11ffa</load_address>
         <run_address>0x11ffa</run_address>
         <size>0x22d</size>
         <input_file_ref idref="fl-148"/>
      </object_component>
      <object_component id="oc-1a9">
         <name>.debug_info</name>
         <load_address>0x12227</load_address>
         <run_address>0x12227</run_address>
         <size>0x1a2</size>
         <input_file_ref idref="fl-148"/>
      </object_component>
      <object_component id="oc-1a3">
         <name>.debug_info</name>
         <load_address>0x123c9</load_address>
         <run_address>0x123c9</run_address>
         <size>0x1cc</size>
         <input_file_ref idref="fl-148"/>
      </object_component>
      <object_component id="oc-216">
         <name>.debug_info</name>
         <load_address>0x12595</load_address>
         <run_address>0x12595</run_address>
         <size>0x1d7</size>
         <input_file_ref idref="fl-149"/>
      </object_component>
      <object_component id="oc-22a">
         <name>.debug_info</name>
         <load_address>0x1276c</load_address>
         <run_address>0x1276c</run_address>
         <size>0x10d</size>
         <input_file_ref idref="fl-149"/>
      </object_component>
      <object_component id="oc-82">
         <name>.debug_info</name>
         <load_address>0x12879</load_address>
         <run_address>0x12879</run_address>
         <size>0x207</size>
         <input_file_ref idref="fl-149"/>
      </object_component>
      <object_component id="oc-223">
         <name>.debug_info</name>
         <load_address>0x12a80</load_address>
         <run_address>0x12a80</run_address>
         <size>0x217</size>
         <input_file_ref idref="fl-149"/>
      </object_component>
      <object_component id="oc-21d">
         <name>.debug_info</name>
         <load_address>0x12c97</load_address>
         <run_address>0x12c97</run_address>
         <size>0x312</size>
         <input_file_ref idref="fl-149"/>
      </object_component>
      <object_component id="oc-a0">
         <name>.debug_info</name>
         <load_address>0x12fa9</load_address>
         <run_address>0x12fa9</run_address>
         <size>0x1df</size>
         <input_file_ref idref="fl-149"/>
      </object_component>
      <object_component id="oc-1c6">
         <name>.debug_info</name>
         <load_address>0x13188</load_address>
         <run_address>0x13188</run_address>
         <size>0x1dd</size>
         <input_file_ref idref="fl-149"/>
      </object_component>
      <object_component id="oc-95">
         <name>.debug_info</name>
         <load_address>0x13365</load_address>
         <run_address>0x13365</run_address>
         <size>0x1eb</size>
         <input_file_ref idref="fl-149"/>
      </object_component>
      <object_component id="oc-d7">
         <name>.debug_info</name>
         <load_address>0x13550</load_address>
         <run_address>0x13550</run_address>
         <size>0x1e9</size>
         <input_file_ref idref="fl-149"/>
      </object_component>
      <object_component id="oc-2bf">
         <name>.debug_info</name>
         <load_address>0x13739</load_address>
         <run_address>0x13739</run_address>
         <size>0x1dd</size>
         <input_file_ref idref="fl-149"/>
      </object_component>
      <object_component id="oc-b3">
         <name>.debug_info</name>
         <load_address>0x13916</load_address>
         <run_address>0x13916</run_address>
         <size>0x1dd</size>
         <input_file_ref idref="fl-149"/>
      </object_component>
      <object_component id="oc-162">
         <name>.debug_info</name>
         <load_address>0x13af3</load_address>
         <run_address>0x13af3</run_address>
         <size>0x1df</size>
         <input_file_ref idref="fl-149"/>
      </object_component>
      <object_component id="oc-9b">
         <name>.debug_info</name>
         <load_address>0x13cd2</load_address>
         <run_address>0x13cd2</run_address>
         <size>0x1e4</size>
         <input_file_ref idref="fl-149"/>
      </object_component>
      <object_component id="oc-192">
         <name>.debug_info</name>
         <load_address>0x13eb6</load_address>
         <run_address>0x13eb6</run_address>
         <size>0x21f</size>
         <input_file_ref idref="fl-149"/>
      </object_component>
      <object_component id="oc-18c">
         <name>.debug_info</name>
         <load_address>0x140d5</load_address>
         <run_address>0x140d5</run_address>
         <size>0x1f3</size>
         <input_file_ref idref="fl-149"/>
      </object_component>
      <object_component id="oc-174">
         <name>.debug_info</name>
         <load_address>0x142c8</load_address>
         <run_address>0x142c8</run_address>
         <size>0x189</size>
         <input_file_ref idref="fl-14a"/>
      </object_component>
      <object_component id="oc-16d">
         <name>.debug_info</name>
         <load_address>0x14451</load_address>
         <run_address>0x14451</run_address>
         <size>0x171</size>
         <input_file_ref idref="fl-14a"/>
      </object_component>
      <object_component id="oc-34e">
         <name>.debug_info</name>
         <load_address>0x145c2</load_address>
         <run_address>0x145c2</run_address>
         <size>0x1a6</size>
         <input_file_ref idref="fl-14b"/>
      </object_component>
      <object_component id="oc-2c5">
         <name>.debug_info</name>
         <load_address>0x14768</load_address>
         <run_address>0x14768</run_address>
         <size>0x1d8</size>
         <input_file_ref idref="fl-14b"/>
      </object_component>
      <object_component id="oc-2cc">
         <name>.debug_info</name>
         <load_address>0x14940</load_address>
         <run_address>0x14940</run_address>
         <size>0x22c</size>
         <input_file_ref idref="fl-14b"/>
      </object_component>
      <object_component id="oc-2d2">
         <name>.debug_info</name>
         <load_address>0x14b6c</load_address>
         <run_address>0x14b6c</run_address>
         <size>0x1e2</size>
         <input_file_ref idref="fl-14b"/>
      </object_component>
      <object_component id="oc-2e4">
         <name>.debug_info</name>
         <load_address>0x14d4e</load_address>
         <run_address>0x14d4e</run_address>
         <size>0x176</size>
         <input_file_ref idref="fl-14c"/>
      </object_component>
      <object_component id="oc-25c">
         <name>.debug_info</name>
         <load_address>0x14ec4</load_address>
         <run_address>0x14ec4</run_address>
         <size>0x1a8</size>
         <input_file_ref idref="fl-14d"/>
      </object_component>
      <object_component id="oc-be">
         <name>.debug_info</name>
         <load_address>0x1506c</load_address>
         <run_address>0x1506c</run_address>
         <size>0x297</size>
         <input_file_ref idref="fl-14d"/>
      </object_component>
      <object_component id="oc-c4">
         <name>.debug_info</name>
         <load_address>0x15303</load_address>
         <run_address>0x15303</run_address>
         <size>0x204</size>
         <input_file_ref idref="fl-14d"/>
      </object_component>
      <object_component id="oc-122">
         <name>.debug_info</name>
         <load_address>0x15507</load_address>
         <run_address>0x15507</run_address>
         <size>0x2fb</size>
         <input_file_ref idref="fl-14d"/>
      </object_component>
      <object_component id="oc-b8">
         <name>.debug_info</name>
         <load_address>0x15802</load_address>
         <run_address>0x15802</run_address>
         <size>0x28a</size>
         <input_file_ref idref="fl-14d"/>
      </object_component>
      <object_component id="oc-116">
         <name>.debug_info</name>
         <load_address>0x15a8c</load_address>
         <run_address>0x15a8c</run_address>
         <size>0x208</size>
         <input_file_ref idref="fl-14d"/>
      </object_component>
      <object_component id="oc-11c">
         <name>.debug_info</name>
         <load_address>0x15c94</load_address>
         <run_address>0x15c94</run_address>
         <size>0x245</size>
         <input_file_ref idref="fl-14d"/>
      </object_component>
      <object_component id="oc-ca">
         <name>.debug_info</name>
         <load_address>0x15ed9</load_address>
         <run_address>0x15ed9</run_address>
         <size>0x1f8</size>
         <input_file_ref idref="fl-14d"/>
      </object_component>
      <object_component id="oc-38c">
         <name>.debug_info</name>
         <load_address>0x160d1</load_address>
         <run_address>0x160d1</run_address>
         <size>0xa6</size>
      </object_component>
      <object_component id="oc-27c">
         <name>.debug_line</name>
         <load_address>0x0</load_address>
         <run_address>0x0</run_address>
         <size>0x35</size>
         <input_file_ref idref="fl-2"/>
      </object_component>
      <object_component id="oc-1e5">
         <name>.debug_line</name>
         <load_address>0x35</load_address>
         <run_address>0x35</run_address>
         <size>0x20</size>
         <input_file_ref idref="fl-2"/>
      </object_component>
      <object_component id="oc-26a">
         <name>.debug_line</name>
         <load_address>0x55</load_address>
         <run_address>0x55</run_address>
         <size>0x30d</size>
         <input_file_ref idref="fl-3"/>
      </object_component>
      <object_component id="oc-2a0">
         <name>.debug_line</name>
         <load_address>0x362</load_address>
         <run_address>0x362</run_address>
         <size>0x30</size>
         <input_file_ref idref="fl-3"/>
      </object_component>
      <object_component id="oc-290">
         <name>.debug_line</name>
         <load_address>0x392</load_address>
         <run_address>0x392</run_address>
         <size>0x30</size>
         <input_file_ref idref="fl-3"/>
      </object_component>
      <object_component id="oc-292">
         <name>.debug_line</name>
         <load_address>0x3c2</load_address>
         <run_address>0x3c2</run_address>
         <size>0x30</size>
         <input_file_ref idref="fl-3"/>
      </object_component>
      <object_component id="oc-294">
         <name>.debug_line</name>
         <load_address>0x3f2</load_address>
         <run_address>0x3f2</run_address>
         <size>0x30</size>
         <input_file_ref idref="fl-3"/>
      </object_component>
      <object_component id="oc-296">
         <name>.debug_line</name>
         <load_address>0x422</load_address>
         <run_address>0x422</run_address>
         <size>0x30</size>
         <input_file_ref idref="fl-3"/>
      </object_component>
      <object_component id="oc-298">
         <name>.debug_line</name>
         <load_address>0x452</load_address>
         <run_address>0x452</run_address>
         <size>0x30</size>
         <input_file_ref idref="fl-3"/>
      </object_component>
      <object_component id="oc-29a">
         <name>.debug_line</name>
         <load_address>0x482</load_address>
         <run_address>0x482</run_address>
         <size>0x30</size>
         <input_file_ref idref="fl-3"/>
      </object_component>
      <object_component id="oc-29c">
         <name>.debug_line</name>
         <load_address>0x4b2</load_address>
         <run_address>0x4b2</run_address>
         <size>0x30</size>
[...]
         <value>0x59571</value>
         <object_component_ref idref="oc-a5"/>
      </symbol>
      <symbol id="sm-2be">
         <name>EPIGPIOinit</name>
         <value>0x59e7d</value>
         <object_component_ref idref="oc-184"/>
      </symbol>
      <symbol id="sm-368">
         <name>TFTLCD_ShowPicture</name>
         <value>0x58f6d</value>
         <object_component_ref idref="oc-13b"/>
      </symbol>
      <symbol id="sm-369">
         <name>asc2_1608</name>
         <value>0x55df0</value>
         <object_component_ref idref="oc-28a"/>
      </symbol>
      <symbol id="sm-36a">
         <name>TFTLCD_ExitSleep</name>
         <value>0x58313</value>
         <object_component_ref idref="oc-13b"/>
      </symbol>
      <symbol id="sm-36b">
         <name>WriteData</name>
         <value>0x2000024c</value>
         <object_component_ref idref="oc-287"/>
      </symbol>
      <symbol id="sm-36c">
         <name>TFTLCD_DrawVerticalLine</name>
         <value>0x590cf</value>
         <object_component_ref idref="oc-13b"/>
      </symbol>
      <symbol id="sm-36d">
         <name>TFTLCD_ShowData</name>
         <value>0x58e65</value>
         <object_component_ref idref="oc-13b"/>
      </symbol>
      <symbol id="sm-36e">
         <name>TFTLCD_DrawHorizontalLine</name>
         <value>0x59085</value>
         <object_component_ref idref="oc-13b"/>
      </symbol>
      <symbol id="sm-36f">
         <name>TFTLCD_ShowString</name>
         <value>0x58d4b</value>
         <object_component_ref idref="oc-13b"/>
      </symbol>
      <symbol id="sm-370">
         <name>TFTLCD_REFRESH_GRAM</name>
         <value>0x58bcd</value>
         <object_component_ref idref="oc-13b"/>
      </symbol>
      <symbol id="sm-371">
         <name>TFTLCD_CLEAR</name>
         <value>0x58da9</value>
         <object_component_ref idref="oc-13b"/>
      </symbol>
      <symbol id="sm-372">
         <name>TFTLCD_SetPos</name>
         <value>0x58be1</value>
         <object_component_ref idref="oc-13b"/>
      </symbol>
      <symbol id="sm-373">
         <name>TFTLCD_EnterSleep</name>
         <value>0x58293</value>
         <object_component_ref idref="oc-13b"/>
      </symbol>
      <symbol id="sm-374">
         <name>InitGPIOLCDInterface</name>
         <value>0x581d5</value>
         <object_component_ref idref="oc-13b"/>
      </symbol>
      <symbol id="sm-375">
         <name>TFTLCD_FillBlock</name>
         <value>0x58dfd</value>
         <object_component_ref idref="oc-13b"/>
      </symbol>
      <symbol id="sm-376">
         <name>TFTLCD_ShowChar</name>
         <value>0x58cbb</value>
         <object_component_ref idref="oc-13b"/>
      </symbol>
      <symbol id="sm-377">
         <name>WriteCommand</name>
         <value>0x20000250</value>
         <object_component_ref idref="oc-287"/>
      </symbol>
      <symbol id="sm-378">
         <name>TFTLCD_DrawLine</name>
         <value>0x59135</value>
         <object_component_ref idref="oc-13b"/>
      </symbol>
      <symbol id="sm-379">
         <name>TFTLCD_DrawPoint</name>
         <value>0x58c99</value>
         <object_component_ref idref="oc-13b"/>
      </symbol>
      <symbol id="sm-37a">
         <name>TFT_400x240_OTM4001Ainit</name>
         <value>0x583c9</value>
         <object_component_ref idref="oc-13b"/>
      </symbol>
      <symbol id="sm-3af">
         <name>SoftSPI_GetData</name>
         <value>0x599ef</value>
         <object_component_ref idref="oc-36"/>
      </symbol>
      <symbol id="sm-3b0">
         <name>SSIinit</name>
         <value>0x598a1</value>
         <object_component_ref idref="oc-36"/>
      </symbol>
      <symbol id="sm-3b1">
         <name>SoftSPIinit</name>
         <value>0x59909</value>
         <object_component_ref idref="oc-36"/>
      </symbol>
      <symbol id="sm-3b2">
         <name>TOUCH_TSC2046init</name>
         <value>0x59ba1</value>
         <object_component_ref idref="oc-36"/>
      </symbol>
      <symbol id="sm-3b3">
         <name>TouchInit</name>
         <value>0x5993b</value>
         <object_component_ref idref="oc-36"/>
      </symbol>
      <symbol id="sm-3b4">
         <name>SoftSPI_PutData</name>
         <value>0x5996f</value>
         <object_component_ref idref="oc-36"/>
      </symbol>
      <symbol id="sm-3b5">
         <name>touch_getx</name>
         <value>0x59a81</value>
         <object_component_ref idref="oc-36"/>
      </symbol>
      <symbol id="sm-3b6">
         <name>touch_gety</name>
         <value>0x59b11</value>
         <object_component_ref idref="oc-36"/>
      </symbol>
      <symbol id="sm-3b7">
         <name>IntGPIOb</name>
         <value>0x59c69</value>
         <object_component_ref idref="oc-36"/>
      </symbol>
      <symbol id="sm-3b8">
         <name>TOUCH_PointAdjust</name>
         <value>0x59bd9</value>
         <object_component_ref idref="oc-36"/>
      </symbol>
      <symbol id="sm-3d1">
         <name>_nop</name>
         <value>0x5ab87</value>
         <object_component_ref idref="oc-87"/>
      </symbol>
      <symbol id="sm-3d2">
         <name>_lock</name>
         <value>0x20000254</value>
         <object_component_ref idref="oc-205"/>
      </symbol>
      <symbol id="sm-3d3">
         <name>_unlock</name>
         <value>0x20000258</value>
         <object_component_ref idref="oc-205"/>
      </symbol>
      <symbol id="sm-3d4">
         <name>_register_lock</name>
         <value>0x5ab7f</value>
         <object_component_ref idref="oc-87"/>
      </symbol>
      <symbol id="sm-3d5">
         <name>_register_unlock</name>
         <value>0x5ab79</value>
         <object_component_ref idref="oc-87"/>
      </symbol>
      <symbol id="sm-3e7">
         <name>_c_int00</name>
         <value>0x5a6a5</value>
         <object_component_ref idref="oc-24"/>
      </symbol>
      <symbol id="sm-3e8">
         <name>__stack</name>
         <value>0x20000000</value>
         <object_component_ref idref="oc-29"/>
      </symbol>
      <symbol id="sm-3ff">
         <name>__TI_decompress_none</name>
         <value>0x5ac59</value>
         <object_component_ref idref="oc-12"/>
      </symbol>
      <symbol id="sm-422">
         <name>__TI_decompress_rle24</name>
         <value>0x5ad09</value>
         <object_component_ref idref="oc-18"/>
      </symbol>
      <symbol id="sm-434">
         <name>__TI_zero_init</name>
         <value>0x5ac8b</value>
         <object_component_ref idref="oc-1e"/>
      </symbol>
      <symbol id="sm-453">
         <name>C$$EXIT</name>
         <value>0x5a819</value>
         <object_component_ref idref="oc-76"/>
      </symbol>
      <symbol id="sm-454">
         <name>abort</name>
         <value>0x5a81d</value>
         <object_component_ref idref="oc-76"/>
      </symbol>
      <symbol id="sm-455">
         <name>exit</name>
         <value>0x5a825</value>
         <object_component_ref idref="oc-76"/>
      </symbol>
      <symbol id="sm-456">
         <name>__TI_dtors_ptr</name>
         <value>0x20000260</value>
         <object_component_ref idref="oc-208"/>
      </symbol>
      <symbol id="sm-457">
         <name>__TI_cleanup_ptr</name>
         <value>0x2000025c</value>
         <object_component_ref idref="oc-208"/>
      </symbol>
      <symbol id="sm-477">
         <name>__aeabi_ddiv</name>
         <value>0x59fc1</value>
         <object_component_ref idref="oc-12c"/>
      </symbol>
      <symbol id="sm-48e">
         <name>__aeabi_dmul</name>
         <value>0x5a227</value>
         <object_component_ref idref="oc-131"/>
      </symbol>
      <symbol id="sm-49b">
         <name>__aeabi_d2f</name>
         <value>0x5a7d1</value>
         <object_component_ref idref="oc-136"/>
      </symbol>
      <symbol id="sm-4b6">
         <name>memcpy</name>
         <value>0x5a323</value>
         <object_component_ref idref="oc-3f"/>
      </symbol>
      <symbol id="sm-4b7">
         <name>__aeabi_memcpy</name>
         <value>0x5a323</value>
         <object_component_ref idref="oc-3f"/>
      </symbol>
      <symbol id="sm-4b8">
         <name>__aeabi_memcpy8</name>
         <value>0x5a323</value>
         <object_component_ref idref="oc-3f"/>
      </symbol>
      <symbol id="sm-4b9">
         <name>__aeabi_memcpy4</name>
         <value>0x5a323</value>
         <object_component_ref idref="oc-3f"/>
      </symbol>
      <symbol id="sm-4c8">
         <name>__aeabi_memset</name>
         <value>0x5a441</value>
         <object_component_ref idref="oc-58"/>
      </symbol>
      <symbol id="sm-4c9">
         <name>memset</name>
         <value>0x5a447</value>
         <object_component_ref idref="oc-58"/>
      </symbol>
      <symbol id="sm-4ca">
         <name>__aeabi_memset8</name>
         <value>0x5a441</value>
         <object_component_ref idref="oc-58"/>
      </symbol>
      <symbol id="sm-4cb">
         <name>__aeabi_memset4</name>
         <value>0x5a441</value>
         <object_component_ref idref="oc-58"/>
      </symbol>
      <symbol id="sm-4cc">
         <name>__aeabi_memclr8</name>
         <value>0x5a43f</value>
         <object_component_ref idref="oc-58"/>
      </symbol>
      <symbol id="sm-4cd">
         <name>__aeabi_memclr4</name>
         <value>0x5a43f</value>
         <object_component_ref idref="oc-58"/>
      </symbol>
      <symbol id="sm-4ce">
         <name>__aeabi_memclr</name>
         <value>0x5a43f</value>
         <object_component_ref idref="oc-58"/>
      </symbol>
      <symbol id="sm-4d8">
         <name>_system_pre_init</name>
         <value>0x5ad1b</value>
         <object_component_ref idref="oc-64"/>
      </symbol>
      <symbol id="sm-4e0">
         <name>main_func_sp</name>
         <value>0x2000026c</value>
         <object_component_ref idref="oc-7c"/>
      </symbol>
      <symbol id="sm-4f2">
         <name>__aeabi_uidivmod</name>
         <value>0x5a8df</value>
         <object_component_ref idref="oc-246"/>
      </symbol>
      <symbol id="sm-4f3">
         <name>__aeabi_uidiv</name>
         <value>0x5a8df</value>
         <object_component_ref idref="oc-246"/>
      </symbol>
      <symbol id="sm-4ff">
         <name>__aeabi_ui2d</name>
         <value>0x5aa63</value>
         <object_component_ref idref="oc-127"/>
      </symbol>
      <symbol id="sm-514">
         <name>_args_main</name>
         <value>0x5ab0d</value>
         <object_component_ref idref="oc-70"/>
      </symbol>
      <symbol id="sm-53a">
         <name>__TI_auto_init</name>
         <value>0x5a4b9</value>
         <object_component_ref idref="oc-6a"/>
      </symbol>
      <symbol id="sm-554">
         <name>copy_in</name>
         <value>0x5a6f5</value>
         <object_component_ref idref="oc-1fb"/>
      </symbol>
      <symbol id="sm-55e">
         <name>__aeabi_idiv0</name>
         <value>0x5a58f</value>
         <object_component_ref idref="oc-324"/>
      </symbol>
      <symbol id="sm-5a1">
         <name>UARTConfigSetExpClk</name>
         <value>0x5a89f</value>
         <object_component_ref idref="oc-ab"/>
      </symbol>
      <symbol id="sm-5a2">
         <name>UARTDisable</name>
         <value>0x5aabd</value>
         <object_component_ref idref="oc-252"/>
      </symbol>
      <symbol id="sm-5a3">
         <name>UARTCharPut</name>
         <value>0x5acdf</value>
         <object_component_ref idref="oc-166"/>
      </symbol>
      <symbol id="sm-5a4">
         <name>UARTEnable</name>
         <value>0x5ab65</value>
         <object_component_ref idref="oc-234"/>
      </symbol>
      <symbol id="sm-5a5">
         <name>UARTCharGet</name>
         <value>0x5acd5</value>
         <object_component_ref idref="oc-23a"/>
      </symbol>
      <symbol id="sm-5f2">
         <name>TimerLoadSet</name>
         <value>0x5abf9</value>
         <object_component_ref idref="oc-e7"/>
      </symbol>
      <symbol id="sm-5f3">
         <name>TimerDisable</name>
         <value>0x5ab51</value>
         <object_component_ref idref="oc-f9"/>
      </symbol>
      <symbol id="sm-5f4">
         <name>TimerEnable</name>
         <value>0x5ac4b</value>
         <object_component_ref idref="oc-10f"/>
      </symbol>
      <symbol id="sm-5f5">
         <name>TimerIntStatus</name>
         <value>0x5accb</value>
         <object_component_ref idref="oc-ff"/>
      </symbol>
      <symbol id="sm-5f6">
         <name>TimerIntEnable</name>
         <value>0x5ace9</value>
         <object_component_ref idref="oc-ed"/>
      </symbol>
      <symbol id="sm-5f7">
         <name>TimerClockSourceSet</name>
         <value>0x5ad03</value>
         <object_component_ref idref="oc-db"/>
      </symbol>
      <symbol id="sm-5f8">
         <name>TimerConfigure</name>
         <value>0x5a5f1</value>
         <object_component_ref idref="oc-e1"/>
      </symbol>
      <symbol id="sm-5f9">
         <name>TimerIntClear</name>
         <value>0x5ad17</value>
         <object_component_ref idref="oc-109"/>
      </symbol>
      <symbol id="sm-612">
         <name>SysTickIntEnable</name>
         <value>0x5ab3d</value>
         <object_component_ref idref="oc-1ae"/>
      </symbol>
      <symbol id="sm-613">
         <name>SysTickPeriodSet</name>
         <value>0x5ac2d</value>
         <object_component_ref idref="oc-17e"/>
      </symbol>
      <symbol id="sm-69f">
         <name>SysCtlGPIOAHBEnable</name>
         <value>0x5aaa1</value>
         <object_component_ref idref="oc-cf"/>
      </symbol>
      <symbol id="sm-6a0">
         <name>SysCtlPeripheralPresent</name>
         <value>0x5a991</value>
         <object_component_ref idref="oc-22e"/>
      </symbol>
      <symbol id="sm-6a1">
         <name>SysCtlDelay</name>
         <value>0x5acfd</value>
         <object_component_ref idref="oc-105"/>
      </symbol>
      <symbol id="sm-6a2">
         <name>SysCtlPeripheralEnable</name>
         <value>0x5a95d</value>
         <object_component_ref idref="oc-8d"/>
      </symbol>
      <symbol id="sm-6a3">
         <name>SysCtlClockFreqSet</name>
         <value>0x59c81</value>
         <object_component_ref idref="oc-178"/>
      </symbol>
      <symbol id="sm-6db">
         <name>SSIDataPut</name>
         <value>0x5acb7</value>
         <object_component_ref idref="oc-196"/>
      </symbol>
      <symbol id="sm-6dc">
         <name>SSIDataGet</name>
         <value>0x5ac7f</value>
         <object_component_ref idref="oc-1b4"/>
      </symbol>
      <symbol id="sm-6dd">
         <name>SSIDataGetNonBlocking</name>
         <value>0x5abe7</value>
         <object_component_ref idref="oc-1d7"/>
      </symbol>
      <symbol id="sm-6de">
         <name>SSIConfigSetExpClk</name>
         <value>0x5a85d</value>
         <object_component_ref idref="oc-1cb"/>
      </symbol>
      <symbol id="sm-6df">
         <name>SSIEnable</name>
         <value>0x5acc1</value>
         <object_component_ref idref="oc-1d1"/>
      </symbol>
      <symbol id="sm-71e">
         <name>IntPrioritySet</name>
         <value>0x5aa1d</value>
         <object_component_ref idref="oc-19c"/>
      </symbol>
      <symbol id="sm-71f">
         <name>IntEnable</name>
         <value>0x5a591</value>
         <object_component_ref idref="oc-1a2"/>
      </symbol>
      <symbol id="sm-720">
         <name>IntMasterEnable</name>
         <value>0x5acad</value>
         <object_component_ref idref="oc-1a8"/>
      </symbol>
      <symbol id="sm-7a0">
         <name>GPIOPinConfigure</name>
         <value>0x5a741</value>
         <object_component_ref idref="oc-99"/>
      </symbol>
      <symbol id="sm-7a1">
         <name>GPIOIntEnable</name>
         <value>0x5ac73</value>
         <object_component_ref idref="oc-18a"/>
      </symbol>
      <symbol id="sm-7a2">
         <name>GPIOIntTypeSet</name>
         <value>0x5a64d</value>
         <object_component_ref idref="oc-190"/>
      </symbol>
      <symbol id="sm-7a3">
         <name>GPIOPinTypeADC</name>
         <value>0x5ab8d</value>
         <object_component_ref idref="oc-b1"/>
      </symbol>
      <symbol id="sm-7a4">
         <name>GPIOPinTypeGPIOInput</name>
         <value>0x5abb1</value>
         <object_component_ref idref="oc-d5"/>
      </symbol>
      <symbol id="sm-7a5">
         <name>GPIOPinTypeUART</name>
         <value>0x5abd5</value>
         <object_component_ref idref="oc-9f"/>
      </symbol>
      <symbol id="sm-7a6">
         <name>GPIOPinTypeGPIOOutput</name>
         <value>0x5aaf5</value>
         <object_component_ref idref="oc-93"/>
      </symbol>
      <symbol id="sm-7a7">
         <name>GPIOPinRead</name>
         <value>0x5acf1</value>
         <object_component_ref idref="oc-160"/>
      </symbol>
      <symbol id="sm-7a8">
         <name>GPIODirModeSet</name>
         <value>0x5a9f3</value>
         <object_component_ref idref="oc-222"/>
      </symbol>
      <symbol id="sm-7a9">
         <name>GPIOPinWrite</name>
         <value>0x5acf7</value>
         <object_component_ref idref="oc-81"/>
      </symbol>
      <symbol id="sm-7aa">
         <name>GPIOPadConfigSet</name>
         <value>0x5a0f7</value>
         <object_component_ref idref="oc-21c"/>
      </symbol>
      <symbol id="sm-7ab">
         <name>GPIOPinTypeSSI</name>
         <value>0x5abc3</value>
         <object_component_ref idref="oc-1c5"/>
      </symbol>
      <symbol id="sm-7ac">
         <name>GPIOPinTypeEPI</name>
         <value>0x5ab9f</value>
         <object_component_ref idref="oc-2bd"/>
      </symbol>
      <symbol id="sm-7c2">
         <name>FPULazyStackingEnable</name>
         <value>0x5ac1d</value>
         <object_component_ref idref="oc-172"/>
      </symbol>
      <symbol id="sm-7c3">
         <name>FPUEnable</name>
         <value>0x5ac0d</value>
         <object_component_ref idref="oc-16c"/>
      </symbol>
      <symbol id="sm-7e0">
         <name>EPIModeSet</name>
         <value>0x5ad13</value>
         <object_component_ref idref="oc-2c3"/>
      </symbol>
      <symbol id="sm-7e1">
         <name>EPIConfigHB16Set</name>
         <value>0x5aa41</value>
         <object_component_ref idref="oc-2c9"/>
      </symbol>
      <symbol id="sm-7e2">
         <name>EPIAddressMapSet</name>
         <value>0x5ad0f</value>
         <object_component_ref idref="oc-2cf"/>
      </symbol>
      <symbol id="sm-7ec">
         <name>CPUcpsie</name>
         <value>0x5ac67</value>
         <object_component_ref idref="oc-2e3"/>
      </symbol>
      <symbol id="sm-836">
         <name>ADCProcessorTrigger</name>
         <value>0x5ab25</value>
         <object_component_ref idref="oc-115"/>
      </symbol>
      <symbol id="sm-837">
         <name>ADCSequenceEnable</name>
         <value>0x5ac3d</value>
         <object_component_ref idref="oc-c3"/>
      </symbol>
      <symbol id="sm-838">
         <name>ADCSequenceConfigure</name>
         <value>0x5a91f</value>
         <object_component_ref idref="oc-b7"/>
      </symbol>
      <symbol id="sm-839">
         <name>ADCSequenceStepConfigure</name>
         <value>0x5a3bf</value>
         <object_component_ref idref="oc-bd"/>
      </symbol>
      <symbol id="sm-83a">
         <name>ADCIntClear</name>
         <value>0x5aca3</value>
         <object_component_ref idref="oc-c9"/>
      </symbol>
      <symbol id="sm-83b">
         <name>ADCIntStatus</name>
         <value>0x5a9c5</value>
         <object_component_ref idref="oc-11b"/>
      </symbol>
      <symbol id="sm-83c">
         <name>ADCSequenceDataGet</name>
         <value>0x5aa83</value>
         <object_component_ref idref="oc-121"/>
      </symbol>
      <symbol id="sm-83d">
         <name>__TI_static_base__</name>
         <value>0x0</value>
      </symbol>
      <symbol id="sm-840">
         <name>SHT$$INIT_ARRAY$$Limit</name>
         <value>0x0</value>
      </symbol>
      <symbol id="sm-841">
         <name>SHT$$INIT_ARRAY$$Base</name>
         <value>0x0</value>
      </symbol>
   </symbol_table>
   <title>Link successful</title>
</link_info>
