******************************************************************************
                  TI ARM Linker PC v5.2.5                      
******************************************************************************
>> Linked Mon Dec 21 21:37:54 2020

OUTPUT FILE NAME:   <TFT_TOUCH.out>
ENTRY POINT SYMBOL: "_c_int00"  address: 0005a6a5


MEMORY CONFIGURATION

         name            origin    length      used     unused   attr    fill
----------------------  --------  ---------  --------  --------  ----  --------
  FLASH                 00000000   00100000  0005ad8e  000a5272  R  X
  SRAM                  20000000   00040000  000002ac  0003fd54  RW X


SEGMENT ALLOCATION MAP

run origin  load origin   length   init length attrs members
----------  ----------- ---------- ----------- ----- -------
00000000    00000000    0005ad90   0005ad90    r-x
  00000000    00000000    00000208   00000208    r-- .intvecs
  00000208    00000208    00056580   00056580    r-- .const
  00056788    00056788    00004596   00004596    r-x .text
  0005ad20    0005ad20    00000070   00000070    r-- .cinit
20000000    20000000    000002ac   00000000    rw-
  20000000    20000000    00000200   00000000    rw- .stack
  20000200    20000200    00000070   00000000    rw- .data
  20000270    20000270    0000003c   00000000    rw- .bss


SECTION ALLOCATION MAP

 output                                  attributes/
section   page    origin      length       input sections
--------  ----  ----------  ----------   ----------------
.intvecs   0    00000000    00000208     
                  00000000    00000208     tm4c1294ncpdt_startup_ccs.obj (.intvecs)

.const     0    00000208    00056580     
                  00000208    0002ee08     TFT_Touch.obj (.const:.string:gImage_back)
                  0002f010    00004e20     TFT_Touch.obj (.const:.string:gImage_jay2)
                  00033e30    00004e20     TFT_Touch.obj (.const:.string:gImage_jay3)
                  00038c50    00004e20     TFT_Touch.obj (.const:.string:gImage_jay4)
                  0003da70    00004e20     TFT_Touch.obj (.const:.string:gImage_jay)
                  00042890    00004d58     TFT_Touch.obj (.const:.string:gImage_eason2)
                  000475e8    00004d58     TFT_Touch.obj (.const:.string:gImage_eason3)
                  0004c340    00004d58     TFT_Touch.obj (.const:.string:gImage_eason4)
                  00051098    00004d58     TFT_Touch.obj (.const:.string:gImage_eason)
                  00055df0    00000600     TFT_400x240_OTM4001A_16bit.obj (.const:asc2_1608)
                  000563f0    00000120     driverlib.lib : sysctl.obj (.const:g_pppui32XTALtoVCO)
                  00056510    0000009c                   : interrupt.obj (.const:g_pui32Regs)
                  000565ac    00000090                   : gpio.obj (.const:g_pui32GPIOBaseAddrs)
                  0005663c    00000070                   : interrupt.obj (.const)
                  000566ac    0000006c                   : sysctl.obj (.const:g_pui32Xtals)
                  00056718    00000030                   : sysctl.obj (.const:g_sXTALtoMEMTIM)
                  00056748    0000001c     uartstdio.obj (.const)
                  00056764    00000012     uartstdio.obj (.const:.string)
                  00056776    00000008     TFT_Touch.obj (.const:.string)
                  0005677e    00000002     --HOLE-- [fill = 0]
                  00056780    00000008     driverlib.lib : sysctl.obj (.const)

.text      0    00056788    00004596     
                  00056788    000019c0     TFT_Touch.obj (.text)
                  00058148    000012bc     TFT_400x240_OTM4001A_16bit.obj (.text)
                  00059404    0000049c     uartstdio.obj (.text)
                  000598a0    000003e0     TOUCH_TSC2046.obj (.text)
                  00059c80    000001fc     driverlib.lib : sysctl.obj (.text:SysCtlClockFreqSet)
                  00059e7c    00000144     EPIinit.obj (.text)
                  00059fc0    00000136     rtsv7M4_T_le_v4SPD16_eabi.lib : fd_div_t2.obj (.text)
                  0005a0f6    00000130     driverlib.lib : gpio.obj (.text:GPIOPadConfigSet)
                  0005a226    000000fc     rtsv7M4_T_le_v4SPD16_eabi.lib : fd_mul_t2.obj (.text)
                  0005a322    0000009c                                   : memcpy_t2.obj (.text)
                  0005a3be    00000080     driverlib.lib : adc.obj (.text:ADCSequenceStepConfigure)
                  0005a43e    0000007a     rtsv7M4_T_le_v4SPD16_eabi.lib : memset_t2.obj (.text)
                  0005a4b8    0000006c                                   : autoinit.obj (.text)
                  0005a524    0000006a                                   : copy_decompress_rle.obj (.text)
                  0005a58e    00000002                                   : i_div0.obj (.text)
                  0005a590    00000060     driverlib.lib : interrupt.obj (.text:IntEnable)
                  0005a5f0    0000005c                   : timer.obj (.text:TimerConfigure)
                  0005a64c    00000056                   : gpio.obj (.text:GPIOIntTypeSet)
                  0005a6a2    00000002     --HOLE-- [fill = 0]
                  0005a6a4    00000050     rtsv7M4_T_le_v4SPD16_eabi.lib : boot.obj (.text)
                  0005a6f4    0000004c                                   : cpy_tbl.obj (.text)
                  0005a740    00000048     driverlib.lib : gpio.obj (.text:GPIOPinConfigure)
                  0005a788    00000048                   : sysctl.obj (.text:_SysCtlFrequencyGet)
                  0005a7d0    00000048     rtsv7M4_T_le_v4SPD16_eabi.lib : fd_tos_t2.obj (.text)
                  0005a818    00000044                                   : exit.obj (.text)
                  0005a85c    00000042     driverlib.lib : ssi.obj (.text:SSIConfigSetExpClk)
                  0005a89e    00000040                   : uart.obj (.text:UARTConfigSetExpClk)
                  0005a8de    00000040     rtsv7M4_T_le_v4SPD16_eabi.lib : u_divt2.obj (.text)
                  0005a91e    0000003e     driverlib.lib : adc.obj (.text:ADCSequenceConfigure)
                  0005a95c    00000034                   : sysctl.obj (.text:SysCtlPeripheralEnable)
                  0005a990    00000034                   : sysctl.obj (.text:SysCtlPeripheralPresent)
                  0005a9c4    0000002e                   : adc.obj (.text:ADCIntStatus)
                  0005a9f2    0000002a                   : gpio.obj (.text:GPIODirModeSet)
                  0005aa1c    00000024                   : interrupt.obj (.text:IntPrioritySet)
                  0005aa40    00000022                   : epi.obj (.text:EPIConfigHB16Set)
                  0005aa62    00000020     rtsv7M4_T_le_v4SPD16_eabi.lib : u_tofd_t2.obj (.text)
                  0005aa82    0000001e     driverlib.lib : adc.obj (.text:ADCSequenceDataGet)
                  0005aaa0    0000001c                   : sysctl.obj (.text:SysCtlGPIOAHBEnable)
                  0005aabc    0000001c                   : uart.obj (.text:UARTDisable)
                  0005aad8    0000001c                   : sysctl.obj (.text:_SysCtlMemTimingGet)
                  0005aaf4    00000018                   : gpio.obj (.text:GPIOPinTypeGPIOOutput)
                  0005ab0c    00000018     rtsv7M4_T_le_v4SPD16_eabi.lib : args_main.obj (.text)
                  0005ab24    00000016     driverlib.lib : adc.obj (.text:ADCProcessorTrigger)
                  0005ab3a    00000002     --HOLE-- [fill = 0]
                  0005ab3c    00000014                   : systick.obj (.text:SysTickIntEnable)
                  0005ab50    00000014                   : timer.obj (.text:TimerDisable)
                  0005ab64    00000014                   : uart.obj (.text:UARTEnable)
                  0005ab78    00000014     rtsv7M4_T_le_v4SPD16_eabi.lib : _lock.obj (.text)
                  0005ab8c    00000012     driverlib.lib : gpio.obj (.text:GPIOPinTypeADC)
                  0005ab9e    00000012                   : gpio.obj (.text:GPIOPinTypeEPI)
                  0005abb0    00000012                   : gpio.obj (.text:GPIOPinTypeGPIOInput)
                  0005abc2    00000012                   : gpio.obj (.text:GPIOPinTypeSSI)
                  0005abd4    00000012                   : gpio.obj (.text:GPIOPinTypeUART)
                  0005abe6    00000012                   : ssi.obj (.text:SSIDataGetNonBlocking)
                  0005abf8    00000012                   : timer.obj (.text:TimerLoadSet)
                  0005ac0a    00000002     --HOLE-- [fill = 0]
                  0005ac0c    00000010                   : fpu.obj (.text:FPUEnable)
                  0005ac1c    00000010                   : fpu.obj (.text:FPULazyStackingEnable)
                  0005ac2c    00000010                   : systick.obj (.text:SysTickPeriodSet)
                  0005ac3c    0000000e                   : adc.obj (.text:ADCSequenceEnable)
                  0005ac4a    0000000e                   : timer.obj (.text:TimerEnable)
                  0005ac58    0000000e     rtsv7M4_T_le_v4SPD16_eabi.lib : copy_decompress_none.obj (.text:decompress:none)
                  0005ac66    0000000c     driverlib.lib : cpu.obj (.text:CPUcpsie)
                  0005ac72    0000000c                   : gpio.obj (.text:GPIOIntEnable)
                  0005ac7e    0000000c                   : ssi.obj (.text:SSIDataGet)
                  0005ac8a    0000000c     rtsv7M4_T_le_v4SPD16_eabi.lib : copy_zero_init.obj (.text:decompress:ZI)
                  0005ac96    0000000c     tm4c1294ncpdt_startup_ccs.obj (.text)
                  0005aca2    0000000a     driverlib.lib : adc.obj (.text:ADCIntClear)
                  0005acac    0000000a                   : interrupt.obj (.text:IntMasterEnable)
                  0005acb6    0000000a                   : ssi.obj (.text:SSIDataPut)
                  0005acc0    0000000a                   : ssi.obj (.text:SSIEnable)
                  0005acca    0000000a                   : timer.obj (.text:TimerIntStatus)
                  0005acd4    0000000a                   : uart.obj (.text:UARTCharGet)
                  0005acde    0000000a                   : uart.obj (.text:UARTCharPut)
                  0005ace8    00000008                   : timer.obj (.text:TimerIntEnable)
                  0005acf0    00000006                   : gpio.obj (.text:GPIOPinRead)
                  0005acf6    00000006                   : gpio.obj (.text:GPIOPinWrite)
                  0005acfc    00000006                   : sysctl.obj (.text:SysCtlDelay)
                  0005ad02    00000006                   : timer.obj (.text:TimerClockSourceSet)
                  0005ad08    00000006     rtsv7M4_T_le_v4SPD16_eabi.lib : copy_decompress_rle.obj (.text:decompress:rle24)
                  0005ad0e    00000004     driverlib.lib : epi.obj (.text:EPIAddressMapSet)
                  0005ad12    00000004                   : epi.obj (.text:EPIModeSet)
                  0005ad16    00000004                   : timer.obj (.text:TimerIntClear)
                  0005ad1a    00000004     rtsv7M4_T_le_v4SPD16_eabi.lib : pre_init.obj (.text)

.cinit     0    0005ad20    00000070     
                  0005ad20    0000004c     (.cinit..data.load) [load image, compression = rle]
                  0005ad6c    0000000c     (__TI_handler_table)
                  0005ad78    00000008     (.cinit..bss.load) [load image, compression = zero_init]
                  0005ad80    00000010     (__TI_cinit_table)

.init_array 
*          0    00000000    00000000     UNINITIALIZED

.stack     0    20000000    00000200     UNINITIALIZED
                  20000000    00000200     --HOLE--

.data      0    20000200    00000070     UNINITIALIZED
                  20000200    0000004a     TFT_Touch.obj (.data)
                  2000024a    00000002     --HOLE--
                  2000024c    00000008     TFT_400x240_OTM4001A_16bit.obj (.data)
                  20000254    00000008     rtsv7M4_T_le_v4SPD16_eabi.lib : _lock.obj (.data)
                  2000025c    00000008                                   : exit.obj (.data)
                  20000264    00000005     uartstdio.obj (.data)
                  20000269    00000003     --HOLE--
                  2000026c    00000004     rtsv7M4_T_le_v4SPD16_eabi.lib : stkdepth_vars.obj (.data)

.bss       0    20000270    0000003c     UNINITIALIZED
                  20000270    00000018     (.common:TouchXData)
                  20000288    00000018     (.common:TouchYData)
                  200002a0    00000004     (.common:g_ui32SysClock)
                  200002a4    00000004     (.common:ulADC0_Value)
                  200002a8    00000004     (.common:v)

.TI.persistent 
*          0    20000200    00000000     UNINITIALIZED

.TI.noinit 
*          0    20000270    00000000     UNINITIALIZED


LINKER GENERATED COPY TABLES

__TI_cinit_table @ 0005ad80 records: 2, size/record: 8, table size: 16
	.data: load addr=0005ad20, load size=0000004c bytes, run addr=20000200, run size=00000070 bytes, compression=rle
	.bss: load addr=0005ad78, load size=00000008 bytes, run addr=20000270, run size=0000003c bytes, compression=zero_init


LINKER GENERATED HANDLER TABLE

__TI_handler_table @ 0005ad6c records: 3, size/record: 4, table size: 12
	index: 0, handler: __TI_decompress_rle24
	index: 1, handler: __TI_decompress_none
	index: 2, handler: __TI_zero_init


GLOBAL SYMBOLS: SORTED ALPHABETICALLY BY Name 

address   name                     
-------   ----                     
00056b81  ADCConfig                
0005aca3  ADCIntClear              
0005a9c5  ADCIntStatus             
0005ab25  ADCProcessorTrigger      
0005a91f  ADCSequenceConfigure     
0005aa83  ADCSequenceDataGet       
0005ac3d  ADCSequenceEnable        
0005a3bf  ADCSequenceStepConfigure 
0005a819  C$$EXIT                  
0005ac67  CPUcpsie                 
00057917  ClearPauseKey            
000578bd  ClearStartKey            
00056ae7  ConfigureUART            
000575dd  DrawBackground           
0005773d  DrawLastKey              
000577dd  DrawNextKey              
000576d9  DrawPauseKey             
00057655  DrawPict                 
00057861  DrawStartKey             
0005ad0f  EPIAddressMapSet         
0005aa41  EPIConfigHB16Set         
00059e7d  EPIGPIOinit              
0005ad13  EPIModeSet               
0005ac0d  FPUEnable                
0005ac1d  FPULazyStackingEnable    
0005a9f3  GPIODirModeSet           
00056bc1  GPIOInitial              
0005ac73  GPIOIntEnable            
0005a64d  GPIOIntTypeSet           
0005a0f7  GPIOPadConfigSet         
0005a741  GPIOPinConfigure         
0005acf1  GPIOPinRead              
0005ab8d  GPIOPinTypeADC           
0005ab9f  GPIOPinTypeEPI           
0005abb1  GPIOPinTypeGPIOInput     
0005aaf5  GPIOPinTypeGPIOOutput    
0005abc3  GPIOPinTypeSSI           
0005abd5  GPIOPinTypeUART          
0005acf7  GPIOPinWrite             
00056a51  I2C0DeviceInit           
00056a3f  I2C0GPIOBEnable          
00056ac3  I2C0TubeHighSet          
00056a9f  I2C0TubeLowSet           
00056a7b  I2C0TubeSelSet           
000568af  I2C_GetACK               
0005684d  I2C_Initial              
20000244  I2C_RECV_DATA            
00056859  I2C_START                
000567e1  I2C_STOP                 
0005690f  I2C_SetNAk               
000567b5  I2C_Set_scl_high         
000567cb  I2C_Set_scl_low          
00056789  I2C_Set_sda_high         
0005679f  I2C_Set_sda_low          
00056923  I2C_TxByte               
00056b1d  InitConsole              
000581d5  InitGPIOLCDInterface     
0005a591  IntEnable                
00059c69  IntGPIOb                 
0005acad  IntMasterEnable          
0005aa1d  IntPrioritySet           
20000210  KFP_V                    
0005ac97  ResetISR                 
UNDEFED   SHT$$INIT_ARRAY$$Base    
UNDEFED   SHT$$INIT_ARRAY$$Limit   
0005a85d  SSIConfigSetExpClk       
0005ac7f  SSIDataGet               
0005abe7  SSIDataGetNonBlocking    
0005acb7  SSIDataPut               
0005acc1  SSIEnable                
000598a1  SSIinit                  
000599ef  SoftSPI_GetData          
0005996f  SoftSPI_PutData          
00059909  SoftSPIinit              
00057cc9  SoundSet                 
00059c81  SysCtlClockFreqSet       
0005acfd  SysCtlDelay              
0005aaa1  SysCtlGPIOAHBEnable      
0005a95d  SysCtlPeripheralEnable   
0005a991  SysCtlPeripheralPresent  
0005ab3d  SysTickIntEnable         
00057f0f  SysTickIntHandler        
0005ac2d  SysTickPeriodSet         
00058da9  TFTLCD_CLEAR             
00059085  TFTLCD_DrawHorizontalLine
00059135  TFTLCD_DrawLine          
00058c99  TFTLCD_DrawPoint         
000575a1  TFTLCD_DrawTriangle      
000590cf  TFTLCD_DrawVerticalLine  
00058293  TFTLCD_EnterSleep        
00058313  TFTLCD_ExitSleep         
00058dfd  TFTLCD_FillBlock         
00058bcd  TFTLCD_REFRESH_GRAM      
00058be1  TFTLCD_SetPos            
00058cbb  TFTLCD_ShowChar          
00058e65  TFTLCD_ShowData          
00058f6d  TFTLCD_ShowPicture       
00058d4b  TFTLCD_ShowString        
000583c9  TFT_400x240_OTM4001Ainit 
00059bd9  TOUCH_PointAdjust        
00057965  TOUCH_PressKey           
00059ba1  TOUCH_TSC2046init        
0005741d  Timer0AIntHandler        
00056ccd  Timer0BIntHandler        
0005ad03  TimerClockSourceSet      
0005a5f1  TimerConfigure           
0005ab51  TimerDisable             
0005ac4b  TimerEnable              
0005ad17  TimerIntClear            
0005ace9  TimerIntEnable           
00056c13  TimerIntInitial          
0005accb  TimerIntStatus           
0005abf9  TimerLoadSet             
20000240  Timernum                 
0005993b  TouchInit                
20000270  TouchXData               
20000288  TouchYData               
0005acd5  UARTCharGet              
0005acdf  UARTCharPut              
0005a89f  UARTConfigSetExpClk      
0005aabd  UARTDisable              
0005ab65  UARTEnable               
00059405  UARTStdioConfig          
00056b4d  UART_initial             
0005954b  UARTgetc                 
00059491  UARTgets                 
0005986b  UARTprintf               
00059571  UARTvprintf              
0005944b  UARTwrite                
20000250  WriteCommand             
2000024c  WriteData                
20000200  __STACK_END              
00000200  __STACK_SIZE             
20000200  __STACK_TOP              
0005ad80  __TI_CINIT_Base          
0005ad90  __TI_CINIT_Limit         
0005ad6c  __TI_Handler_Table_Base  
0005ad78  __TI_Handler_Table_Limit 
0005a4b9  __TI_auto_init           
2000025c  __TI_cleanup_ptr         
0005ac59  __TI_decompress_none     
0005ad09  __TI_decompress_rle24    
20000260  __TI_dtors_ptr           
00000000  __TI_static_base__       
0005ac8b  __TI_zero_init           
0005a7d1  __aeabi_d2f              
00059fc1  __aeabi_ddiv             
0005a227  __aeabi_dmul             
0005a58f  __aeabi_idiv0            
0005a43f  __aeabi_memclr           
0005a43f  __aeabi_memclr4          
0005a43f  __aeabi_memclr8          
0005a323  __aeabi_memcpy           
0005a323  __aeabi_memcpy4          
0005a323  __aeabi_memcpy8          
0005a441  __aeabi_memset           
0005a441  __aeabi_memset4          
0005a441  __aeabi_memset8          
0005aa63  __aeabi_ui2d             
0005a8df  __aeabi_uidiv            
0005a8df  __aeabi_uidivmod         
ffffffff  __binit__                
ffffffff  __c_args__               
20000000  __stack                  
0005ab0d  _args_main               
0005a6a5  _c_int00                 
20000254  _lock                    
0005ab87  _nop                     
0005ab7f  _register_lock           
0005ab79  _register_unlock         
0005ad1b  _system_pre_init         
20000258  _unlock                  
0005a81d  abort                    
00055df0  asc2_1608                
ffffffff  binit                    
0005a6f5  copy_in                  
20000208  count                    
20000204  cur_music                
0005a825  exit                     
00000208  gImage_back              
00051098  gImage_eason             
00042890  gImage_eason2            
000475e8  gImage_eason3            
0004c340  gImage_eason4            
0003da70  gImage_jay               
0002f010  gImage_jay2              
00033e30  gImage_jay3              
00038c50  gImage_jay4              
00000000  g_pfnVectors             
200002a0  g_ui32SysClock           
20000200  g_ui32SysCount           
00056995  i2c_write                
00057ad5  identify_key             
20000230  last                     
00057f21  main                     
2000026c  main_func_sp             
0005a323  memcpy                   
0005a447  memset                   
20000234  next                     
2000022c  pause                    
2000020c  pauseflag                
20000228  play                     
00057c01  play_music               
20000238  sound                    
00059a81  touch_getx               
00059b11  touch_gety               
200002a4  ulADC0_Value             
200002a8  v                        


GLOBAL SYMBOLS: SORTED BY Symbol Address 

address   name                     
-------   ----                     
00000000  __TI_static_base__       
00000000  g_pfnVectors             
00000200  __STACK_SIZE             
00000208  gImage_back              
0002f010  gImage_jay2              
00033e30  gImage_jay3              
00038c50  gImage_jay4              
0003da70  gImage_jay               
00042890  gImage_eason2            
000475e8  gImage_eason3            
0004c340  gImage_eason4            
00051098  gImage_eason             
00055df0  asc2_1608                
00056789  I2C_Set_sda_high         
0005679f  I2C_Set_sda_low          
000567b5  I2C_Set_scl_high         
000567cb  I2C_Set_scl_low          
000567e1  I2C_STOP                 
0005684d  I2C_Initial              
00056859  I2C_START                
000568af  I2C_GetACK               
0005690f  I2C_SetNAk               
00056923  I2C_TxByte               
00056995  i2c_write                
00056a3f  I2C0GPIOBEnable          
00056a51  I2C0DeviceInit           
00056a7b  I2C0TubeSelSet           
00056a9f  I2C0TubeLowSet           
00056ac3  I2C0TubeHighSet          
00056ae7  ConfigureUART            
00056b1d  InitConsole              
00056b4d  UART_initial             
00056b81  ADCConfig                
00056bc1  GPIOInitial              
00056c13  TimerIntInitial          
00056ccd  Timer0BIntHandler        
0005741d  Timer0AIntHandler        
000575a1  TFTLCD_DrawTriangle      
000575dd  DrawBackground           
00057655  DrawPict                 
000576d9  DrawPauseKey             
0005773d  DrawLastKey              
000577dd  DrawNextKey              
00057861  DrawStartKey             
000578bd  ClearStartKey            
00057917  ClearPauseKey            
00057965  TOUCH_PressKey           
00057ad5  identify_key             
00057c01  play_music               
00057cc9  SoundSet                 
00057f0f  SysTickIntHandler        
00057f21  main                     
000581d5  InitGPIOLCDInterface     
00058293  TFTLCD_EnterSleep        
00058313  TFTLCD_ExitSleep         
000583c9  TFT_400x240_OTM4001Ainit 
00058bcd  TFTLCD_REFRESH_GRAM      
00058be1  TFTLCD_SetPos            
00058c99  TFTLCD_DrawPoint         
00058cbb  TFTLCD_ShowChar          
00058d4b  TFTLCD_ShowString        
00058da9  TFTLCD_CLEAR             
00058dfd  TFTLCD_FillBlock         
00058e65  TFTLCD_ShowData          
00058f6d  TFTLCD_ShowPicture       
00059085  TFTLCD_DrawHorizontalLine
000590cf  TFTLCD_DrawVerticalLine  
00059135  TFTLCD_DrawLine          
00059405  UARTStdioConfig          
0005944b  UARTwrite                
00059491  UARTgets                 
0005954b  UARTgetc                 
00059571  UARTvprintf              
0005986b  UARTprintf               
000598a1  SSIinit                  
00059909  SoftSPIinit              
0005993b  TouchInit                
0005996f  SoftSPI_PutData          
000599ef  SoftSPI_GetData          
00059a81  touch_getx               
00059b11  touch_gety               
00059ba1  TOUCH_TSC2046init        
00059bd9  TOUCH_PointAdjust        
00059c69  IntGPIOb                 
00059c81  SysCtlClockFreqSet       
00059e7d  EPIGPIOinit              
00059fc1  __aeabi_ddiv             
0005a0f7  GPIOPadConfigSet         
0005a227  __aeabi_dmul             
0005a323  __aeabi_memcpy           
0005a323  __aeabi_memcpy4          
0005a323  __aeabi_memcpy8          
0005a323  memcpy                   
0005a3bf  ADCSequenceStepConfigure 
0005a43f  __aeabi_memclr           
0005a43f  __aeabi_memclr4          
0005a43f  __aeabi_memclr8          
0005a441  __aeabi_memset           
0005a441  __aeabi_memset4          
0005a441  __aeabi_memset8          
0005a447  memset                   
0005a4b9  __TI_auto_init           
0005a58f  __aeabi_idiv0            
0005a591  IntEnable                
0005a5f1  TimerConfigure           
0005a64d  GPIOIntTypeSet           
0005a6a5  _c_int00                 
0005a6f5  copy_in                  
0005a741  GPIOPinConfigure         
0005a7d1  __aeabi_d2f              
0005a819  C$$EXIT                  
0005a81d  abort                    
0005a825  exit                     
0005a85d  SSIConfigSetExpClk       
0005a89f  UARTConfigSetExpClk      
0005a8df  __aeabi_uidiv            
0005a8df  __aeabi_uidivmod         
0005a91f  ADCSequenceConfigure     
0005a95d  SysCtlPeripheralEnable   
0005a991  SysCtlPeripheralPresent  
0005a9c5  ADCIntStatus             
0005a9f3  GPIODirModeSet           
0005aa1d  IntPrioritySet           
0005aa41  EPIConfigHB16Set         
0005aa63  __aeabi_ui2d             
0005aa83  ADCSequenceDataGet       
0005aaa1  SysCtlGPIOAHBEnable      
0005aabd  UARTDisable              
0005aaf5  GPIOPinTypeGPIOOutput    
0005ab0d  _args_main               
0005ab25  ADCProcessorTrigger      
0005ab3d  SysTickIntEnable         
0005ab51  TimerDisable             
0005ab65  UARTEnable               
0005ab79  _register_unlock         
0005ab7f  _register_lock           
0005ab87  _nop                     
0005ab8d  GPIOPinTypeADC           
0005ab9f  GPIOPinTypeEPI           
0005abb1  GPIOPinTypeGPIOInput     
0005abc3  GPIOPinTypeSSI           
0005abd5  GPIOPinTypeUART          
0005abe7  SSIDataGetNonBlocking    
0005abf9  TimerLoadSet             
0005ac0d  FPUEnable                
0005ac1d  FPULazyStackingEnable    
0005ac2d  SysTickPeriodSet         
0005ac3d  ADCSequenceEnable        
0005ac4b  TimerEnable              
0005ac59  __TI_decompress_none     
0005ac67  CPUcpsie                 
0005ac73  GPIOIntEnable            
0005ac7f  SSIDataGet               
0005ac8b  __TI_zero_init           
0005ac97  ResetISR                 
0005aca3  ADCIntClear              
0005acad  IntMasterEnable          
0005acb7  SSIDataPut               
0005acc1  SSIEnable                
0005accb  TimerIntStatus           
0005acd5  UARTCharGet              
0005acdf  UARTCharPut              
0005ace9  TimerIntEnable           
0005acf1  GPIOPinRead              
0005acf7  GPIOPinWrite             
0005acfd  SysCtlDelay              
0005ad03  TimerClockSourceSet      
0005ad09  __TI_decompress_rle24    
0005ad0f  EPIAddressMapSet         
0005ad13  EPIModeSet               
0005ad17  TimerIntClear            
0005ad1b  _system_pre_init         
0005ad6c  __TI_Handler_Table_Base  
0005ad78  __TI_Handler_Table_Limit 
0005ad80  __TI_CINIT_Base          
0005ad90  __TI_CINIT_Limit         
20000000  __stack                  
20000200  __STACK_END              
20000200  __STACK_TOP              
20000200  g_ui32SysCount           
20000204  cur_music                
20000208  count                    
2000020c  pauseflag                
20000210  KFP_V                    
20000228  play                     
2000022c  pause                    
20000230  last                     
20000234  next                     
20000238  sound                    
20000240  Timernum                 
20000244  I2C_RECV_DATA            
2000024c  WriteData                
20000250  WriteCommand             
20000254  _lock                    
20000258  _unlock                  
2000025c  __TI_cleanup_ptr         
20000260  __TI_dtors_ptr           
2000026c  main_func_sp             
20000270  TouchXData               
20000288  TouchYData               
200002a0  g_ui32SysClock           
200002a4  ulADC0_Value             
200002a8  v                        
ffffffff  __binit__                
ffffffff  __c_args__               
ffffffff  binit                    
UNDEFED   SHT$$INIT_ARRAY$$Base    
UNDEFED   SHT$$INIT_ARRAY$$Limit   

[208 symbols]
